******************************************************************************
                  TI ARM Linker PC v5.2.6                      
******************************************************************************
>> Linked Thu Nov 19 22:36:57 2015

OUTPUT FILE NAME:   <freertos_demo.out>
ENTRY POINT SYMBOL: "_c_int00"  address: 000048b9


MEMORY CONFIGURATION

         name            origin    length      used     unused   attr    fill
----------------------  --------  ---------  --------  --------  ----  --------
  FLASH                 00000000   00040000  00004ee6  0003b11a  R  X
  SRAM                  20000000   00008000  00007c29  000003d7  RW X


SEGMENT ALLOCATION MAP

run origin  load origin   length   init length attrs members
----------  ----------- ---------- ----------- ----- -------
00000000    00000000    00004ee8   00004ee8    r-x
  00000000    00000000    0000026c   0000026c    r-- .intvecs
  0000026c    0000026c    0000487e   0000487e    r-x .text
  00004aec    00004aec    0000039c   0000039c    r-- .const
  00004e88    00004e88    00000060   00000060    r-- .cinit
20000000    20000000    00007c2c   00000000    rw-
  20000000    20000000    0000026c   00000000    rw- .vtable
  2000026c    2000026c    00007755   00000000    rw- .bss
  200079c4    200079c4    00000200   00000000    rw- .stack
  20007bc4    20007bc4    00000068   00000000    rw- .data


SECTION ALLOCATION MAP

 output                                  attributes/
section   page    origin      length       input sections
--------  ----  ----------  ----------   ----------------
.intvecs   0    00000000    0000026c     
                  00000000    0000026c     startup_ccs.obj (.intvecs)

.text      0    0000026c    0000487e     
                  0000026c    00000fc4     tasks.obj (.text)
                  00001230    00000ef0     driverlib.lib : sysctl.obj (.text)
                  00002120    00000878     queue.obj (.text)
                  00002998    00000622     driverlib.lib : uart.obj (.text)
                  00002fba    00000002     rtsv7M4_T_le_v4SPD16_eabi.lib : i_div0.obj (.text)
                  00002fbc    000004dc     uartstdio.obj (.text)
                  00003498    00000434     rgb.obj (.text)
                  000038cc    000003c0     driverlib.lib : interrupt.obj (.text)
                  00003c8c    000001e4     led_task.obj (.text)
                  00003e70    000001cc     heap_2.obj (.text)
                  0000403c    0000019c     switch_task.obj (.text)
                  000041d8    0000012a     list.obj (.text)
                  00004302    00000002     --HOLE-- [fill = 0]
                  00004304    00000128     buttons.obj (.text)
                  0000442c    0000010c     port.obj (.text)
                  00004538    000000ec     freertos_demo.obj (.text)
                  00004624    000000a6     portasm.obj (.text)
                  000046ca    0000009c     rtsv7M4_T_le_v4SPD16_eabi.lib : memcpy_t2.obj (.text)
                  00004766    0000007a                                   : memset_t2.obj (.text)
                  000047e0    0000006c                                   : autoinit.obj (.text)
                  0000484c    0000006a                                   : copy_decompress_rle.obj (.text)
                  000048b6    00000002     --HOLE-- [fill = 0]
                  000048b8    00000050                                   : boot.obj (.text)
                  00004908    00000050                                   : fs_toull_t2.obj (.text)
                  00004958    0000004c                                   : cpy_tbl.obj (.text)
                  000049a4    00000044                                   : exit.obj (.text)
                  000049e8    00000040                                   : u_divt2.obj (.text)
                  00004a28    0000003e     driverlib.lib : cpu.obj (.text)
                  00004a66    00000022     rtsv7M4_T_le_v4SPD16_eabi.lib : memcmp.obj (.text)
                  00004a88    00000018                                   : args_main.obj (.text)
                  00004aa0    00000014                                   : _lock.obj (.text)
                  00004ab4    0000000e                                   : copy_decompress_none.obj (.text:decompress:none)
                  00004ac2    0000000c                                   : copy_zero_init.obj (.text:decompress:ZI)
                  00004ace    0000000c     startup_ccs.obj (.text)
                  00004ada    00000006     driverlib.lib : sysctl.obj (.text:SysCtlDelay)
                  00004ae0    00000006     rtsv7M4_T_le_v4SPD16_eabi.lib : copy_decompress_rle.obj (.text:decompress:rle24)
                  00004ae6    00000004                                   : pre_init.obj (.text)

.const     0    00004aec    0000039c     
                  00004aec    00000120     driverlib.lib : sysctl.obj (.const:g_pppui32XTALtoVCO)
                  00004c0c    0000009c                   : interrupt.obj (.const:g_pui32Regs)
                  00004ca8    00000070                   : interrupt.obj (.const)
                  00004d18    0000006c                   : sysctl.obj (.const:g_pui32Xtals)
                  00004d84    00000040                   : uart.obj (.const:g_ppui32UARTIntMap)
                  00004dc4    00000040                   : uart.obj (.const:g_ppui32UARTIntMapSnowflake)
                  00004e04    00000030                   : sysctl.obj (.const:g_sXTALtoMEMTIM)
                  00004e34    0000001c     uartstdio.obj (.const)
                  00004e50    00000014     tasks.obj (.const:.string)
                  00004e64    00000012     uartstdio.obj (.const:.string)
                  00004e76    00000002     heap_2.obj (.const)
                  00004e78    00000008     driverlib.lib : sysctl.obj (.const)
                  00004e80    00000008                   : uart.obj (.const)

.cinit     0    00004e88    00000060     
                  00004e88    0000002a     (.cinit..data.load) [load image, compression = rle]
                  00004eb2    00000002     --HOLE-- [fill = 0]
                  00004eb4    0000000c     (__TI_handler_table)
                  00004ec0    00000008     (.cinit..bss.load) [load image, compression = zero_init]
                  00004ec8    00000008     (.cinit..vtable.load) [load image, compression = zero_init]
                  00004ed0    00000018     (__TI_cinit_table)

.init_array 
*          0    00000000    00000000     UNINITIALIZED

.vtable    0    20000000    0000026c     UNINITIALIZED
                  20000000    0000026c     driverlib.lib : interrupt.obj (.vtable)

.bss       0    2000026c    00007755     UNINITIALIZED
                  2000026c    00007530     heap_2.obj (.bss:ucHeap)
                  2000779c    00000140     tasks.obj (.bss:pxReadyTasksLists)
                  200078dc    00000050     queue.obj (.bss:xQueueRegistry)
                  2000792c    00000014     (.common:xDelayedTaskList1)
                  20007940    00000014     (.common:xDelayedTaskList2)
                  20007954    00000014     (.common:xPendingReadyList)
                  20007968    00000014     (.common:xSuspendedTaskList)
                  2000797c    00000014     (.common:xTasksWaitingTermination)
                  20007990    0000000c     (.common:g_ui32Colors)
                  2000799c    00000008     (.common:xEnd)
                  200079a4    00000008     (.common:xStart)
                  200079ac    00000004     (.common:g_pLEDQueue)
                  200079b0    00000004     (.common:g_pUARTSemaphore)
                  200079b4    00000004     (.common:pxDelayedTaskList)
                  200079b8    00000004     (.common:pxOverflowDelayedTaskList)
                  200079bc    00000004     (.common:ulFlags$1)
                  200079c0    00000001     (.common:g_ui8ColorsIndx)

.TI.noinit 
*          0    2000026c    00000000     UNINITIALIZED

.stack     0    200079c4    00000200     UNINITIALIZED
                  200079c4    00000200     --HOLE--

.data      0    20007bc4    00000068     UNINITIALIZED
                  20007bc4    00000030     tasks.obj (.data)
                  20007bf4    0000000c     led_task.obj (.data)
                  20007c00    00000008     heap_2.obj (.data)
                  20007c08    00000008     rtsv7M4_T_le_v4SPD16_eabi.lib : _lock.obj (.data)
                  20007c10    00000008                                   : exit.obj (.data)
                  20007c18    00000005     uartstdio.obj (.data)
                  20007c1d    00000003     buttons.obj (.data)
                  20007c20    00000004     port.obj (.data)
                  20007c24    00000004     rgb.obj (.data)
                  20007c28    00000004     rtsv7M4_T_le_v4SPD16_eabi.lib : stkdepth_vars.obj (.data)

.TI.persistent 
*          0    20007bc4    00000000     UNINITIALIZED


LINKER GENERATED COPY TABLES

__TI_cinit_table @ 00004ed0 records: 3, size/record: 8, table size: 24
	.data: load addr=00004e88, load size=0000002a bytes, run addr=20007bc4, run size=00000068 bytes, compression=rle
	.bss: load addr=00004ec0, load size=00000008 bytes, run addr=2000026c, run size=00007755 bytes, compression=zero_init
	.vtable: load addr=00004ec8, load size=00000008 bytes, run addr=20000000, run size=0000026c bytes, compression=zero_init


LINKER GENERATED HANDLER TABLE

__TI_handler_table @ 00004eb4 records: 3, size/record: 4, table size: 12
	index: 0, handler: __TI_zero_init
	index: 1, handler: __TI_decompress_rle24
	index: 2, handler: __TI_decompress_none


GLOBAL SYMBOLS: SORTED ALPHABETICALLY BY Name 

address   name                            
-------   ----                            
000043ab  ButtonsInit                     
00004305  ButtonsPoll                     
000049a5  C$$EXIT                         
00004a5d  CPUbasepriGet                   
00004a4f  CPUbasepriSet                   
00004a29  CPUcpsid                        
00004a3f  CPUcpsie                        
00004a35  CPUprimask                      
00004a4b  CPUwfi                          
00004543  ConfigureUART                   
00003a8d  IntDisable                      
00003a1b  IntEnable                       
00003aff  IntIsEnabled                    
000038df  IntMasterDisable                
000038cf  IntMasterEnable                 
00003bf5  IntPendClear                    
00003b85  IntPendSet                      
000039f7  IntPriorityGet                  
0000396f  IntPriorityGroupingGet          
00003955  IntPriorityGroupingSet          
00003c4f  IntPriorityMaskGet              
00003c43  IntPriorityMaskSet              
000039a7  IntPrioritySet                  
000038ef  IntRegister                     
00003c57  IntTrigger                      
00003941  IntUnregister                   
00003d73  LEDTaskInit                     
00003499  RGBBlinkIntHandler              
000037a5  RGBBlinkRateSet                 
00003839  RGBColorGet                     
000036e1  RGBColorSet                     
0000366b  RGBDisable                      
000035b3  RGBEnable                       
000034c7  RGBInit                         
00003791  RGBIntensitySet                 
000036c9  RGBSet                          
00004acf  ResetISR                        
UNDEFED   SHT$$INIT_ARRAY$$Base           
UNDEFED   SHT$$INIT_ARRAY$$Limit          
00004119  SwitchTaskInit                  
000020c3  SysCtlAltClkConfig              
0000189d  SysCtlClockFreqSet              
00001d81  SysCtlClockGet                  
000020a7  SysCtlClockOutConfig            
00001bb5  SysCtlClockSet                  
0000179d  SysCtlDeepSleep                 
00001f49  SysCtlDeepSleepClockConfigSet   
00001f2d  SysCtlDeepSleepClockSet         
0000177d  SysCtlDeepSleepPowerSet         
00004adb  SysCtlDelay                     
00001329  SysCtlFlashSectorSizeGet        
000012fd  SysCtlFlashSizeGet              
0000201f  SysCtlGPIOAHBDisable            
00002003  SysCtlGPIOAHBEnable             
00001711  SysCtlIntClear                  
000016f9  SysCtlIntDisable                
000016e5  SysCtlIntEnable                 
000016bd  SysCtlIntRegister               
00001721  SysCtlIntStatus                 
000016d5  SysCtlIntUnregister             
00001763  SysCtlLDODeepSleepGet           
00001753  SysCtlLDODeepSleepSet           
0000174d  SysCtlLDOSleepGet               
0000173d  SysCtlLDOSleepSet               
000017d3  SysCtlMOSCConfigSet             
00002093  SysCtlNMIClear                  
0000208d  SysCtlNMIStatus                 
000017e9  SysCtlPIOSCCalibrate            
00001fed  SysCtlPWMClockGet               
00001fd3  SysCtlPWMClockSet               
00001669  SysCtlPeripheralClockGating     
00001621  SysCtlPeripheralDeepSleepDisable
000015d1  SysCtlPeripheralDeepSleepEnable 
0000150d  SysCtlPeripheralDisable         
000014d1  SysCtlPeripheralEnable          
0000140d  SysCtlPeripheralPowerOff        
000013d1  SysCtlPeripheralPowerOn         
00001351  SysCtlPeripheralPresent         
00001391  SysCtlPeripheralReady           
00001449  SysCtlPeripheralReset           
00001595  SysCtlPeripheralSleepDisable    
00001551  SysCtlPeripheralSleepEnable     
0000178d  SysCtlReset                     
00001849  SysCtlResetBehaviorGet          
00001839  SysCtlResetBehaviorSet          
000017bf  SysCtlResetCauseClear           
000017b9  SysCtlResetCauseGet             
000012f3  SysCtlSRAMSizeGet               
00001795  SysCtlSleep                     
00001769  SysCtlSleepPowerSet             
00002047  SysCtlUSBPLLDisable             
0000203b  SysCtlUSBPLLEnable              
00002073  SysCtlVoltageEventClear         
00002059  SysCtlVoltageEventConfig        
0000206d  SysCtlVoltageEventStatus        
00002f73  UART9BitAddrSend                
00002f4d  UART9BitAddrSet                 
00002f37  UART9BitDisable                 
00002f21  UART9BitEnable                  
00002dc7  UARTBreakCtl                    
00002df1  UARTBusy                        
00002d6f  UARTCharGet                     
00002d53  UARTCharGetNonBlocking          
00002da9  UARTCharPut                     
00002d85  UARTCharPutNonBlocking          
00002d17  UARTCharsAvail                  
00002f11  UARTClockSourceGet              
00002efd  UARTClockSourceSet              
00002adf  UARTConfigGetExpClk             
00002a69  UARTConfigSetExpClk             
00002ec3  UARTDMADisable                  
00002eab  UARTDMAEnable                   
00002b4f  UARTDisable                     
00002bd3  UARTDisableSIR                  
00002b2b  UARTEnable                      
00002ba5  UARTEnableSIR                   
00002b8f  UARTFIFODisable                 
00002b79  UARTFIFOEnable                  
00002a41  UARTFIFOLevelGet                
00002a29  UARTFIFOLevelSet                
00002cd7  UARTFlowControlGet              
00002cbb  UARTFlowControlSet              
00002e99  UARTIntClear                    
00002e63  UARTIntDisable                  
00002e4b  UARTIntEnable                   
00002e0f  UARTIntRegister                 
00002e7b  UARTIntStatus                   
00002e31  UARTIntUnregister               
00002c71  UARTModemControlClear           
00002c95  UARTModemControlGet             
00002c31  UARTModemControlSet             
00002ca7  UARTModemStatusGet              
00002a17  UARTParityModeGet               
000029fb  UARTParityModeSet               
00002eed  UARTRxErrorClear                
00002edb  UARTRxErrorGet                  
00002c1b  UARTSmartCardDisable            
00002be9  UARTSmartCardEnable             
00002d35  UARTSpaceAvail                  
00002fbd  UARTStdioConfig                 
00002d05  UARTTxIntModeGet                
00002ce9  UARTTxIntModeSet                
00003135  UARTgetc                        
0000306f  UARTgets                        
00003463  UARTprintf                      
00003169  UARTvprintf                     
0000301d  UARTwrite                       
20007bc4  __STACK_END                     
00000200  __STACK_SIZE                    
20007bc4  __STACK_TOP                     
00004ed0  __TI_CINIT_Base                 
00004ee8  __TI_CINIT_Limit                
00004eb4  __TI_Handler_Table_Base         
00004ec0  __TI_Handler_Table_Limit        
000047e1  __TI_auto_init                  
20007c10  __TI_cleanup_ptr                
00004ab5  __TI_decompress_none            
00004ae1  __TI_decompress_rle24           
20007c14  __TI_dtors_ptr                  
00000000  __TI_static_base__              
00004ac3  __TI_zero_init                  
00004909  __aeabi_f2ulz                   
00002fbb  __aeabi_idiv0                   
00004767  __aeabi_memclr                  
00004767  __aeabi_memclr4                 
00004767  __aeabi_memclr8                 
000046cb  __aeabi_memcpy                  
000046cb  __aeabi_memcpy4                 
000046cb  __aeabi_memcpy8                 
00004769  __aeabi_memset                  
00004769  __aeabi_memset4                 
00004769  __aeabi_memset8                 
000049e9  __aeabi_uidiv                   
000049e9  __aeabi_uidivmod                
ffffffff  __binit__                       
ffffffff  __c_args__                      
200079c4  __stack                         
00004a89  _args_main                      
000048b9  _c_int00                        
20007c08  _lock                           
00004aaf  _nop                            
00004aa7  _register_lock                  
00004aa1  _register_unlock                
00004ae7  _system_pre_init                
20007c0c  _unlock                         
000049a9  abort                           
ffffffff  binit                           
00004959  copy_in                         
000049b1  exit                            
200079ac  g_pLEDQueue                     
200079b0  g_pUARTSemaphore                
20000000  g_pfnRAMVectors                 
00000000  g_pfnVectors                    
0000459d  main                            
20007c28  main_func_sp                    
00004a67  memcmp                          
000046cb  memcpy                          
0000476f  memset                          
00003e71  pvPortMalloc                    
20007bc4  pxCurrentTCB                    
0000442d  pxPortInitialiseStack           
000026ed  ucQueueGetQueueNumber           
00002715  ucQueueGetQueueType             
000042bb  uxListRemove                    
00002687  uxQueueMessagesWaiting          
000026bd  uxQueueMessagesWaitingFromISR   
0000269d  uxQueueSpacesAvailable          
000008f5  uxTaskGetNumberOfTasks          
000010ad  uxTaskGetStackHighWaterMark     
00000901  uxTaskGetSystemState            
00000d53  uxTaskGetTaskNumber             
0000049b  uxTaskPriorityGet               
00004539  vApplicationStackOverflowHook   
000041d9  vListInitialise                 
00004209  vListInitialiseItem             
00004255  vListInsert                     
00004219  vListInsertEnd                  
00004681  vPortClearInterruptMask         
000046b9  vPortEnableVFP                  
000044b9  vPortEndScheduler               
000044cf  vPortEnterCritical              
000044df  vPortExitCritical               
00003f77  vPortFree                       
00003fdf  vPortInitialiseBlocks           
0000468b  vPortSVCHandler                 
00004677  vPortSetInterruptMask           
000046a5  vPortStartFirstTask             
000044c5  vPortYield                      
000044bb  vPortYieldFromISR               
00002913  vQueueAddToRegistry             
000026cf  vQueueDelete                    
000026fd  vQueueSetQueueNumber            
00002955  vQueueUnregisterQueue           
00000461  vTaskDelay                      
000003db  vTaskDelayUntil                 
0000037b  vTaskDelete                     
000007c9  vTaskEndScheduler               
00000d4b  vTaskMissedYield                
00000be1  vTaskPlaceOnEventList           
000011c5  vTaskPriorityDisinherit         
00001129  vTaskPriorityInherit            
000004cd  vTaskPrioritySet                
00000691  vTaskResume                     
00000d7d  vTaskSetTaskNumber              
00000cb1  vTaskSetTimeOutState            
00000783  vTaskStartScheduler             
000005dd  vTaskSuspend                    
000007db  vTaskSuspendAll                 
00000b29  vTaskSwitchContext              
00003fd9  xPortGetFreeHeapSize            
00004629  xPortPendSVHandler              
00004483  xPortStartScheduler             
000044f5  xPortSysTickHandler             
0000221f  xQueueCreateMutex               
000021b1  xQueueGenericCreate             
0000248b  xQueueGenericReceive            
00002121  xQueueGenericReset              
0000231b  xQueueGenericSend               
0000240d  xQueueGenericSendFromISR        
00002295  xQueueGiveMutexRecursive        
000028af  xQueueIsQueueEmptyFromISR       
000028f1  xQueueIsQueueFullFromISR        
00002643  xQueuePeekFromISR               
000025cb  xQueueReceiveFromISR            
200078dc  xQueueRegistry                  
000022d1  xQueueTakeMutexRecursive        
00000cd1  xTaskCheckForTimeOut            
0000026d  xTaskGenericCreate              
000010f1  xTaskGetCurrentTaskHandle       
000008c9  xTaskGetTickCount               
000008dd  xTaskGetTickCountFromISR        
000009dd  xTaskIncrementTick              
0000064d  xTaskIsTaskSuspended            
00000c2d  xTaskRemoveFromEventList        
000007ed  xTaskResumeAll                  
00000701  xTaskResumeFromISR              


GLOBAL SYMBOLS: SORTED BY Symbol Address 

address   name                            
-------   ----                            
00000000  __TI_static_base__              
00000000  g_pfnVectors                    
00000200  __STACK_SIZE                    
0000026d  xTaskGenericCreate              
0000037b  vTaskDelete                     
000003db  vTaskDelayUntil                 
00000461  vTaskDelay                      
0000049b  uxTaskPriorityGet               
000004cd  vTaskPrioritySet                
000005dd  vTaskSuspend                    
0000064d  xTaskIsTaskSuspended            
00000691  vTaskResume                     
00000701  xTaskResumeFromISR              
00000783  vTaskStartScheduler             
000007c9  vTaskEndScheduler               
000007db  vTaskSuspendAll                 
000007ed  xTaskResumeAll                  
000008c9  xTaskGetTickCount               
000008dd  xTaskGetTickCountFromISR        
000008f5  uxTaskGetNumberOfTasks          
00000901  uxTaskGetSystemState            
000009dd  xTaskIncrementTick              
00000b29  vTaskSwitchContext              
00000be1  vTaskPlaceOnEventList           
00000c2d  xTaskRemoveFromEventList        
00000cb1  vTaskSetTimeOutState            
00000cd1  xTaskCheckForTimeOut            
00000d4b  vTaskMissedYield                
00000d53  uxTaskGetTaskNumber             
00000d7d  vTaskSetTaskNumber              
000010ad  uxTaskGetStackHighWaterMark     
000010f1  xTaskGetCurrentTaskHandle       
00001129  vTaskPriorityInherit            
000011c5  vTaskPriorityDisinherit         
000012f3  SysCtlSRAMSizeGet               
000012fd  SysCtlFlashSizeGet              
00001329  SysCtlFlashSectorSizeGet        
00001351  SysCtlPeripheralPresent         
00001391  SysCtlPeripheralReady           
000013d1  SysCtlPeripheralPowerOn         
0000140d  SysCtlPeripheralPowerOff        
00001449  SysCtlPeripheralReset           
000014d1  SysCtlPeripheralEnable          
0000150d  SysCtlPeripheralDisable         
00001551  SysCtlPeripheralSleepEnable     
00001595  SysCtlPeripheralSleepDisable    
000015d1  SysCtlPeripheralDeepSleepEnable 
00001621  SysCtlPeripheralDeepSleepDisable
00001669  SysCtlPeripheralClockGating     
000016bd  SysCtlIntRegister               
000016d5  SysCtlIntUnregister             
000016e5  SysCtlIntEnable                 
000016f9  SysCtlIntDisable                
00001711  SysCtlIntClear                  
00001721  SysCtlIntStatus                 
0000173d  SysCtlLDOSleepSet               
0000174d  SysCtlLDOSleepGet               
00001753  SysCtlLDODeepSleepSet           
00001763  SysCtlLDODeepSleepGet           
00001769  SysCtlSleepPowerSet             
0000177d  SysCtlDeepSleepPowerSet         
0000178d  SysCtlReset                     
00001795  SysCtlSleep                     
0000179d  SysCtlDeepSleep                 
000017b9  SysCtlResetCauseGet             
000017bf  SysCtlResetCauseClear           
000017d3  SysCtlMOSCConfigSet             
000017e9  SysCtlPIOSCCalibrate            
00001839  SysCtlResetBehaviorSet          
00001849  SysCtlResetBehaviorGet          
0000189d  SysCtlClockFreqSet              
00001bb5  SysCtlClockSet                  
00001d81  SysCtlClockGet                  
00001f2d  SysCtlDeepSleepClockSet         
00001f49  SysCtlDeepSleepClockConfigSet   
00001fd3  SysCtlPWMClockSet               
00001fed  SysCtlPWMClockGet               
00002003  SysCtlGPIOAHBEnable             
0000201f  SysCtlGPIOAHBDisable            
0000203b  SysCtlUSBPLLEnable              
00002047  SysCtlUSBPLLDisable             
00002059  SysCtlVoltageEventConfig        
0000206d  SysCtlVoltageEventStatus        
00002073  SysCtlVoltageEventClear         
0000208d  SysCtlNMIStatus                 
00002093  SysCtlNMIClear                  
000020a7  SysCtlClockOutConfig            
000020c3  SysCtlAltClkConfig              
00002121  xQueueGenericReset              
000021b1  xQueueGenericCreate             
0000221f  xQueueCreateMutex               
00002295  xQueueGiveMutexRecursive        
000022d1  xQueueTakeMutexRecursive        
0000231b  xQueueGenericSend               
0000240d  xQueueGenericSendFromISR        
0000248b  xQueueGenericReceive            
000025cb  xQueueReceiveFromISR            
00002643  xQueuePeekFromISR               
00002687  uxQueueMessagesWaiting          
0000269d  uxQueueSpacesAvailable          
000026bd  uxQueueMessagesWaitingFromISR   
000026cf  vQueueDelete                    
000026ed  ucQueueGetQueueNumber           
000026fd  vQueueSetQueueNumber            
00002715  ucQueueGetQueueType             
000028af  xQueueIsQueueEmptyFromISR       
000028f1  xQueueIsQueueFullFromISR        
00002913  vQueueAddToRegistry             
00002955  vQueueUnregisterQueue           
000029fb  UARTParityModeSet               
00002a17  UARTParityModeGet               
00002a29  UARTFIFOLevelSet                
00002a41  UARTFIFOLevelGet                
00002a69  UARTConfigSetExpClk             
00002adf  UARTConfigGetExpClk             
00002b2b  UARTEnable                      
00002b4f  UARTDisable                     
00002b79  UARTFIFOEnable                  
00002b8f  UARTFIFODisable                 
00002ba5  UARTEnableSIR                   
00002bd3  UARTDisableSIR                  
00002be9  UARTSmartCardEnable             
00002c1b  UARTSmartCardDisable            
00002c31  UARTModemControlSet             
00002c71  UARTModemControlClear           
00002c95  UARTModemControlGet             
00002ca7  UARTModemStatusGet              
00002cbb  UARTFlowControlSet              
00002cd7  UARTFlowControlGet              
00002ce9  UARTTxIntModeSet                
00002d05  UARTTxIntModeGet                
00002d17  UARTCharsAvail                  
00002d35  UARTSpaceAvail                  
00002d53  UARTCharGetNonBlocking          
00002d6f  UARTCharGet                     
00002d85  UARTCharPutNonBlocking          
00002da9  UARTCharPut                     
00002dc7  UARTBreakCtl                    
00002df1  UARTBusy                        
00002e0f  UARTIntRegister                 
00002e31  UARTIntUnregister               
00002e4b  UARTIntEnable                   
00002e63  UARTIntDisable                  
00002e7b  UARTIntStatus                   
00002e99  UARTIntClear                    
00002eab  UARTDMAEnable                   
00002ec3  UARTDMADisable                  
00002edb  UARTRxErrorGet                  
00002eed  UARTRxErrorClear                
00002efd  UARTClockSourceSet              
00002f11  UARTClockSourceGet              
00002f21  UART9BitEnable                  
00002f37  UART9BitDisable                 
00002f4d  UART9BitAddrSet                 
00002f73  UART9BitAddrSend                
00002fbb  __aeabi_idiv0                   
00002fbd  UARTStdioConfig                 
0000301d  UARTwrite                       
0000306f  UARTgets                        
00003135  UARTgetc                        
00003169  UARTvprintf                     
00003463  UARTprintf                      
00003499  RGBBlinkIntHandler              
000034c7  RGBInit                         
000035b3  RGBEnable                       
0000366b  RGBDisable                      
000036c9  RGBSet                          
000036e1  RGBColorSet                     
00003791  RGBIntensitySet                 
000037a5  RGBBlinkRateSet                 
00003839  RGBColorGet                     
000038cf  IntMasterEnable                 
000038df  IntMasterDisable                
000038ef  IntRegister                     
00003941  IntUnregister                   
00003955  IntPriorityGroupingSet          
0000396f  IntPriorityGroupingGet          
000039a7  IntPrioritySet                  
000039f7  IntPriorityGet                  
00003a1b  IntEnable                       
00003a8d  IntDisable                      
00003aff  IntIsEnabled                    
00003b85  IntPendSet                      
00003bf5  IntPendClear                    
00003c43  IntPriorityMaskSet              
00003c4f  IntPriorityMaskGet              
00003c57  IntTrigger                      
00003d73  LEDTaskInit                     
00003e71  pvPortMalloc                    
00003f77  vPortFree                       
00003fd9  xPortGetFreeHeapSize            
00003fdf  vPortInitialiseBlocks           
00004119  SwitchTaskInit                  
000041d9  vListInitialise                 
00004209  vListInitialiseItem             
00004219  vListInsertEnd                  
00004255  vListInsert                     
000042bb  uxListRemove                    
00004305  ButtonsPoll                     
000043ab  ButtonsInit                     
0000442d  pxPortInitialiseStack           
00004483  xPortStartScheduler             
000044b9  vPortEndScheduler               
000044bb  vPortYieldFromISR               
000044c5  vPortYield                      
000044cf  vPortEnterCritical              
000044df  vPortExitCritical               
000044f5  xPortSysTickHandler             
00004539  vApplicationStackOverflowHook   
00004543  ConfigureUART                   
0000459d  main                            
00004629  xPortPendSVHandler              
00004677  vPortSetInterruptMask           
00004681  vPortClearInterruptMask         
0000468b  vPortSVCHandler                 
000046a5  vPortStartFirstTask             
000046b9  vPortEnableVFP                  
000046cb  __aeabi_memcpy                  
000046cb  __aeabi_memcpy4                 
000046cb  __aeabi_memcpy8                 
000046cb  memcpy                          
00004767  __aeabi_memclr                  
00004767  __aeabi_memclr4                 
00004767  __aeabi_memclr8                 
00004769  __aeabi_memset                  
00004769  __aeabi_memset4                 
00004769  __aeabi_memset8                 
0000476f  memset                          
000047e1  __TI_auto_init                  
000048b9  _c_int00                        
00004909  __aeabi_f2ulz                   
00004959  copy_in                         
000049a5  C$$EXIT                         
000049a9  abort                           
000049b1  exit                            
000049e9  __aeabi_uidiv                   
000049e9  __aeabi_uidivmod                
00004a29  CPUcpsid                        
00004a35  CPUprimask                      
00004a3f  CPUcpsie                        
00004a4b  CPUwfi                          
00004a4f  CPUbasepriSet                   
00004a5d  CPUbasepriGet                   
00004a67  memcmp                          
00004a89  _args_main                      
00004aa1  _register_unlock                
00004aa7  _register_lock                  
00004aaf  _nop                            
00004ab5  __TI_decompress_none            
00004ac3  __TI_zero_init                  
00004acf  ResetISR                        
00004adb  SysCtlDelay                     
00004ae1  __TI_decompress_rle24           
00004ae7  _system_pre_init                
00004eb4  __TI_Handler_Table_Base         
00004ec0  __TI_Handler_Table_Limit        
00004ed0  __TI_CINIT_Base                 
00004ee8  __TI_CINIT_Limit                
20000000  g_pfnRAMVectors                 
200078dc  xQueueRegistry                  
200079ac  g_pLEDQueue                     
200079b0  g_pUARTSemaphore                
200079c4  __stack                         
20007bc4  __STACK_END                     
20007bc4  __STACK_TOP                     
20007bc4  pxCurrentTCB                    
20007c08  _lock                           
20007c0c  _unlock                         
20007c10  __TI_cleanup_ptr                
20007c14  __TI_dtors_ptr                  
20007c28  main_func_sp                    
ffffffff  __binit__                       
ffffffff  __c_args__                      
ffffffff  binit                           
UNDEFED   SHT$$INIT_ARRAY$$Base           
UNDEFED   SHT$$INIT_ARRAY$$Limit          

[276 symbols]
