******************************************************************************
                  TI ARM Linker PC v5.2.6                      
******************************************************************************
>> Linked Wed Nov 25 19:31:09 2015

OUTPUT FILE NAME:   <freertos_proj_2task_sembin.out>
ENTRY POINT SYMBOL: "_c_int00"  address: 000022c1


MEMORY CONFIGURATION

         name            origin    length      used     unused   attr    fill
----------------------  --------  ---------  --------  --------  ----  --------
  FLASH                 00000000   00040000  00002446  0003dbba  R  X
  SRAM                  20000000   00008000  00007990  00000670  RW X


SEGMENT ALLOCATION MAP

run origin  load origin   length   init length attrs members
----------  ----------- ---------- ----------- ----- -------
00000000    00000000    00002448   00002448    r-x
  00000000    00000000    0000026c   0000026c    r-- .intvecs
  0000026c    0000026c    00002190   00002190    r-x .text
  000023fc    000023fc    00000002   00000002    r-- .const
  00002400    00002400    00000048   00000048    r-- .cinit
20000000    20000000    00007990   00000000    rw-
  20000000    20000000    00007740   00000000    rw- .bss
  20007740    20007740    00000200   00000000    rw- .stack
  20007940    20007940    00000050   00000000    rw- .data


SECTION ALLOCATION MAP

 output                                  attributes/
section   page    origin      length       input sections
--------  ----  ----------  ----------   ----------------
.intvecs   0    00000000    0000026c     
                  00000000    0000026c     startup_ccs.obj (.intvecs)

.text      0    0000026c    00002190     
                  0000026c    00000f88     tasks.obj (.text)
                  000011f4    00000878     queue.obj (.text)
                  00001a6c    000001cc     heap_2.obj (.text)
                  00001c38    000001bc     main.obj (.text)
                  00001df4    0000012a     list.obj (.text)
                  00001f1e    00000002     --HOLE-- [fill = 0]
                  00001f20    0000010c     port.obj (.text)
                  0000202c    000000a6     portasm.obj (.text)
                  000020d2    0000009c     rtsv7M4_T_le_v4SPD16_eabi.lib : memcpy_t2.obj (.text)
                  0000216e    0000007a                                   : memset_t2.obj (.text)
                  000021e8    0000006c                                   : autoinit.obj (.text)
                  00002254    0000006a                                   : copy_decompress_rle.obj (.text)
                  000022be    00000002     --HOLE-- [fill = 0]
                  000022c0    00000050                                   : boot.obj (.text)
                  00002310    0000004c                                   : cpy_tbl.obj (.text)
                  0000235c    00000044                                   : exit.obj (.text)
                  000023a0    00000018                                   : args_main.obj (.text)
                  000023b8    00000014                                   : _lock.obj (.text)
                  000023cc    0000000e                                   : copy_decompress_none.obj (.text:decompress:none)
                  000023da    0000000c                                   : copy_zero_init.obj (.text:decompress:ZI)
                  000023e6    0000000c     startup_ccs.obj (.text)
                  000023f2    00000006     rtsv7M4_T_le_v4SPD16_eabi.lib : copy_decompress_rle.obj (.text:decompress:rle24)
                  000023f8    00000004                                   : pre_init.obj (.text)

.const     0    000023fc    00000002     
                  000023fc    00000002     heap_2.obj (.const)

.cinit     0    00002400    00000048     
                  00002400    00000020     (.cinit..data.load) [load image, compression = rle]
                  00002420    0000000c     (__TI_handler_table)
                  0000242c    00000004     --HOLE-- [fill = 0]
                  00002430    00000008     (.cinit..bss.load) [load image, compression = zero_init]
                  00002438    00000010     (__TI_cinit_table)

.init_array 
*          0    00000000    00000000     UNINITIALIZED

.bss       0    20000000    00007740     UNINITIALIZED
                  20000000    00007530     heap_2.obj (.bss:ucHeap)
                  20007530    00000140     tasks.obj (.bss:pxReadyTasksLists)
                  20007670    00000050     queue.obj (.bss:xQueueRegistry)
                  200076c0    00000014     (.common:xDelayedTaskList1)
                  200076d4    00000014     (.common:xDelayedTaskList2)
                  200076e8    00000014     (.common:xPendingReadyList)
                  200076fc    00000014     (.common:xSuspendedTaskList)
                  20007710    00000014     (.common:xTasksWaitingTermination)
                  20007724    00000008     (.common:xEnd)
                  2000772c    00000008     (.common:xStart)
                  20007734    00000004     (.common:led_rgb_mutex)
                  20007738    00000004     (.common:pxDelayedTaskList)
                  2000773c    00000004     (.common:pxOverflowDelayedTaskList)

.TI.noinit 
*          0    20000000    00000000     UNINITIALIZED

.stack     0    20007740    00000200     UNINITIALIZED
                  20007740    00000200     --HOLE--

.data      0    20007940    00000050     UNINITIALIZED
                  20007940    00000030     tasks.obj (.data)
                  20007970    00000008     heap_2.obj (.data)
                  20007978    00000008     rtsv7M4_T_le_v4SPD16_eabi.lib : _lock.obj (.data)
                  20007980    00000008                                   : exit.obj (.data)
                  20007988    00000004     port.obj (.data)
                  2000798c    00000004     rtsv7M4_T_le_v4SPD16_eabi.lib : stkdepth_vars.obj (.data)

.TI.persistent 
*          0    20007940    00000000     UNINITIALIZED


LINKER GENERATED COPY TABLES

__TI_cinit_table @ 00002438 records: 2, size/record: 8, table size: 16
	.data: load addr=00002400, load size=00000020 bytes, run addr=20007940, run size=00000050 bytes, compression=rle
	.bss: load addr=00002430, load size=00000008 bytes, run addr=20000000, run size=00007740 bytes, compression=zero_init


LINKER GENERATED HANDLER TABLE

__TI_handler_table @ 00002420 records: 3, size/record: 4, table size: 12
	index: 0, handler: __TI_decompress_rle24
	index: 1, handler: __TI_decompress_none
	index: 2, handler: __TI_zero_init


GLOBAL SYMBOLS: SORTED ALPHABETICALLY BY Name 

address   name                         
-------   ----                         
0000235d  C$$EXIT                      
00001ceb  ConfigBotonesYLeds           
00001cdb  ConfigClock                  
000023e7  ResetISR                     
UNDEFED   SHT$$INIT_ARRAY$$Base        
UNDEFED   SHT$$INIT_ARRAY$$Limit       
20007940  __STACK_END                  
00000200  __STACK_SIZE                 
20007940  __STACK_TOP                  
00002438  __TI_CINIT_Base              
00002448  __TI_CINIT_Limit             
00002420  __TI_Handler_Table_Base      
0000242c  __TI_Handler_Table_Limit     
000021e9  __TI_auto_init               
20007980  __TI_cleanup_ptr             
000023cd  __TI_decompress_none         
000023f3  __TI_decompress_rle24        
20007984  __TI_dtors_ptr               
00000000  __TI_static_base__           
000023db  __TI_zero_init               
0000216f  __aeabi_memclr               
0000216f  __aeabi_memclr4              
0000216f  __aeabi_memclr8              
000020d3  __aeabi_memcpy               
000020d3  __aeabi_memcpy4              
000020d3  __aeabi_memcpy8              
00002171  __aeabi_memset               
00002171  __aeabi_memset4              
00002171  __aeabi_memset8              
ffffffff  __binit__                    
ffffffff  __c_args__                   
20007740  __stack                      
000023a1  _args_main                   
000022c1  _c_int00                     
20007978  _lock                        
000023c7  _nop                         
000023bf  _register_lock               
000023b9  _register_unlock             
000023f9  _system_pre_init             
2000797c  _unlock                      
00002361  abort                        
ffffffff  binit                        
00002311  copy_in                      
00002369  exit                         
00000000  g_pfnVectors                 
20007734  led_rgb_mutex                
00001d55  main                         
2000798c  main_func_sp                 
000020d3  memcpy                       
00002177  memset                       
00001a6d  pvPortMalloc                 
20007940  pxCurrentTCB                 
00001f21  pxPortInitialiseStack        
00001c39  tarea_roja                   
00001c75  tarea_verde                  
000017c1  ucQueueGetQueueNumber        
000017e9  ucQueueGetQueueType          
00001ed7  uxListRemove                 
0000175b  uxQueueMessagesWaiting       
00001791  uxQueueMessagesWaitingFromISR
00001771  uxQueueSpacesAvailable       
000008f5  uxTaskGetNumberOfTasks       
00001071  uxTaskGetStackHighWaterMark  
00000901  uxTaskGetSystemState         
00000d1b  uxTaskGetTaskNumber          
0000049b  uxTaskPriorityGet            
00001df5  vListInitialise              
00001e25  vListInitialiseItem          
00001e71  vListInsert                  
00001e35  vListInsertEnd               
00002089  vPortClearInterruptMask      
000020c1  vPortEnableVFP               
00001fad  vPortEndScheduler            
00001fc3  vPortEnterCritical           
00001fd3  vPortExitCritical            
00001b73  vPortFree                    
00001bdb  vPortInitialiseBlocks        
00002093  vPortSVCHandler              
0000207f  vPortSetInterruptMask        
000020ad  vPortStartFirstTask          
00001fb9  vPortYield                   
00001faf  vPortYieldFromISR            
000019e7  vQueueAddToRegistry          
000017a3  vQueueDelete                 
000017d1  vQueueSetQueueNumber         
00001a29  vQueueUnregisterQueue        
00000461  vTaskDelay                   
000003db  vTaskDelayUntil              
0000037b  vTaskDelete                  
000007c9  vTaskEndScheduler            
00000d13  vTaskMissedYield             
00000ba1  vTaskPlaceOnEventList        
00001189  vTaskPriorityDisinherit      
000010ed  vTaskPriorityInherit         
000004cd  vTaskPrioritySet             
00000691  vTaskResume                  
00000d3b  vTaskSetTaskNumber           
00000c75  vTaskSetTimeOutState         
00000783  vTaskStartScheduler          
000005dd  vTaskSuspend                 
000007db  vTaskSuspendAll              
00000b29  vTaskSwitchContext           
00001bd5  xPortGetFreeHeapSize         
00002031  xPortPendSVHandler           
00001f77  xPortStartScheduler          
00001fe9  xPortSysTickHandler          
000012f3  xQueueCreateMutex            
00001285  xQueueGenericCreate          
0000155f  xQueueGenericReceive         
000011f5  xQueueGenericReset           
000013ef  xQueueGenericSend            
000014e1  xQueueGenericSendFromISR     
00001369  xQueueGiveMutexRecursive     
00001983  xQueueIsQueueEmptyFromISR    
000019c5  xQueueIsQueueFullFromISR     
00001717  xQueuePeekFromISR            
0000169f  xQueueReceiveFromISR         
20007670  xQueueRegistry               
000013a5  xQueueTakeMutexRecursive     
00000c99  xTaskCheckForTimeOut         
0000026d  xTaskGenericCreate           
000010b5  xTaskGetCurrentTaskHandle    
000008c9  xTaskGetTickCount            
000008dd  xTaskGetTickCountFromISR     
000009dd  xTaskIncrementTick           
0000064d  xTaskIsTaskSuspended         
00000bf5  xTaskRemoveFromEventList     
000007ed  xTaskResumeAll               
00000701  xTaskResumeFromISR           


GLOBAL SYMBOLS: SORTED BY Symbol Address 

address   name                         
-------   ----                         
00000000  __TI_static_base__           
00000000  g_pfnVectors                 
00000200  __STACK_SIZE                 
0000026d  xTaskGenericCreate           
0000037b  vTaskDelete                  
000003db  vTaskDelayUntil              
00000461  vTaskDelay                   
0000049b  uxTaskPriorityGet            
000004cd  vTaskPrioritySet             
000005dd  vTaskSuspend                 
0000064d  xTaskIsTaskSuspended         
00000691  vTaskResume                  
00000701  xTaskResumeFromISR           
00000783  vTaskStartScheduler          
000007c9  vTaskEndScheduler            
000007db  vTaskSuspendAll              
000007ed  xTaskResumeAll               
000008c9  xTaskGetTickCount            
000008dd  xTaskGetTickCountFromISR     
000008f5  uxTaskGetNumberOfTasks       
00000901  uxTaskGetSystemState         
000009dd  xTaskIncrementTick           
00000b29  vTaskSwitchContext           
00000ba1  vTaskPlaceOnEventList        
00000bf5  xTaskRemoveFromEventList     
00000c75  vTaskSetTimeOutState         
00000c99  xTaskCheckForTimeOut         
00000d13  vTaskMissedYield             
00000d1b  uxTaskGetTaskNumber          
00000d3b  vTaskSetTaskNumber           
00001071  uxTaskGetStackHighWaterMark  
000010b5  xTaskGetCurrentTaskHandle    
000010ed  vTaskPriorityInherit         
00001189  vTaskPriorityDisinherit      
000011f5  xQueueGenericReset           
00001285  xQueueGenericCreate          
000012f3  xQueueCreateMutex            
00001369  xQueueGiveMutexRecursive     
000013a5  xQueueTakeMutexRecursive     
000013ef  xQueueGenericSend            
000014e1  xQueueGenericSendFromISR     
0000155f  xQueueGenericReceive         
0000169f  xQueueReceiveFromISR         
00001717  xQueuePeekFromISR            
0000175b  uxQueueMessagesWaiting       
00001771  uxQueueSpacesAvailable       
00001791  uxQueueMessagesWaitingFromISR
000017a3  vQueueDelete                 
000017c1  ucQueueGetQueueNumber        
000017d1  vQueueSetQueueNumber         
000017e9  ucQueueGetQueueType          
00001983  xQueueIsQueueEmptyFromISR    
000019c5  xQueueIsQueueFullFromISR     
000019e7  vQueueAddToRegistry          
00001a29  vQueueUnregisterQueue        
00001a6d  pvPortMalloc                 
00001b73  vPortFree                    
00001bd5  xPortGetFreeHeapSize         
00001bdb  vPortInitialiseBlocks        
00001c39  tarea_roja                   
00001c75  tarea_verde                  
00001cdb  ConfigClock                  
00001ceb  ConfigBotonesYLeds           
00001d55  main                         
00001df5  vListInitialise              
00001e25  vListInitialiseItem          
00001e35  vListInsertEnd               
00001e71  vListInsert                  
00001ed7  uxListRemove                 
00001f21  pxPortInitialiseStack        
00001f77  xPortStartScheduler          
00001fad  vPortEndScheduler            
00001faf  vPortYieldFromISR            
00001fb9  vPortYield                   
00001fc3  vPortEnterCritical           
00001fd3  vPortExitCritical            
00001fe9  xPortSysTickHandler          
00002031  xPortPendSVHandler           
0000207f  vPortSetInterruptMask        
00002089  vPortClearInterruptMask      
00002093  vPortSVCHandler              
000020ad  vPortStartFirstTask          
000020c1  vPortEnableVFP               
000020d3  __aeabi_memcpy               
000020d3  __aeabi_memcpy4              
000020d3  __aeabi_memcpy8              
000020d3  memcpy                       
0000216f  __aeabi_memclr               
0000216f  __aeabi_memclr4              
0000216f  __aeabi_memclr8              
00002171  __aeabi_memset               
00002171  __aeabi_memset4              
00002171  __aeabi_memset8              
00002177  memset                       
000021e9  __TI_auto_init               
000022c1  _c_int00                     
00002311  copy_in                      
0000235d  C$$EXIT                      
00002361  abort                        
00002369  exit                         
000023a1  _args_main                   
000023b9  _register_unlock             
000023bf  _register_lock               
000023c7  _nop                         
000023cd  __TI_decompress_none         
000023db  __TI_zero_init               
000023e7  ResetISR                     
000023f3  __TI_decompress_rle24        
000023f9  _system_pre_init             
00002420  __TI_Handler_Table_Base      
0000242c  __TI_Handler_Table_Limit     
00002438  __TI_CINIT_Base              
00002448  __TI_CINIT_Limit             
20007670  xQueueRegistry               
20007734  led_rgb_mutex                
20007740  __stack                      
20007940  __STACK_END                  
20007940  __STACK_TOP                  
20007940  pxCurrentTCB                 
20007978  _lock                        
2000797c  _unlock                      
20007980  __TI_cleanup_ptr             
20007984  __TI_dtors_ptr               
2000798c  main_func_sp                 
ffffffff  __binit__                    
ffffffff  __c_args__                   
ffffffff  binit                        
UNDEFED   SHT$$INIT_ARRAY$$Base        
UNDEFED   SHT$$INIT_ARRAY$$Limit       

[129 symbols]
