******************************************************************************
                  TI ARM Linker PC v5.2.6                      
******************************************************************************
>> Linked Fri Nov 27 11:27:39 2015

OUTPUT FILE NAME:   <freertos_proj_1task_serial.out>
ENTRY POINT SYMBOL: "_c_int00"  address: 00002925


MEMORY CONFIGURATION

         name            origin    length      used     unused   attr    fill
----------------------  --------  ---------  --------  --------  ----  --------
  FLASH                 00000000   00040000  00002cfc  0003d304  R  X
  SRAM                  20000000   00008000  00007bb0  00000450  RW X


SEGMENT ALLOCATION MAP

run origin  load origin   length   init length attrs members
----------  ----------- ---------- ----------- ----- -------
00000000    00000000    00002d00   00002d00    r-x
  00000000    00000000    0000026c   0000026c    r-- .intvecs
  0000026c    0000026c    00002874   00002874    r-x .text
  00002ae0    00002ae0    000001c4   000001c4    r-- .const
  00002ca8    00002ca8    00000058   00000058    r-- .cinit
20000000    20000000    00007bb0   00000000    rw-
  20000000    20000000    0000026c   00000000    rw- .vtable
  2000026c    2000026c    000076ec   00000000    rw- .bss
  20007958    20007958    00000200   00000000    rw- .stack
  20007b58    20007b58    00000058   00000000    rw- .data


SECTION ALLOCATION MAP

 output                                  attributes/
section   page    origin      length       input sections
--------  ----  ----------  ----------   ----------------
.intvecs   0    00000000    0000026c     
                  00000000    0000026c     startup_ccs.obj (.intvecs)

.text      0    0000026c    00002874     
                  0000026c    00000f88     tasks.obj (.text)
                  000011f4    00000622     driverlib.lib : uart.obj (.text)
                  00001816    00000002     rtsv7M4_T_le_v4SPD16_eabi.lib : i_div0.obj (.text)
                  00001818    000004dc     uartstdio.obj (.text)
                  00001cf4    000003c0     driverlib.lib : interrupt.obj (.text)
                  000020b4    000001d8     main.obj (.text)
                  0000228c    000001cc     heap_2.obj (.text)
                  00002458    0000012a     list.obj (.text)
                  00002582    00000002     --HOLE-- [fill = 0]
                  00002584    0000010c     port.obj (.text)
                  00002690    000000a6     portasm.obj (.text)
                  00002736    0000009c     rtsv7M4_T_le_v4SPD16_eabi.lib : memcpy_t2.obj (.text)
                  000027d2    0000007a                                   : memset_t2.obj (.text)
                  0000284c    0000006c                                   : autoinit.obj (.text)
                  000028b8    0000006a                                   : copy_decompress_rle.obj (.text)
                  00002922    00000002     --HOLE-- [fill = 0]
                  00002924    00000050                                   : boot.obj (.text)
                  00002974    0000004c                                   : cpy_tbl.obj (.text)
                  000029c0    00000044                                   : exit.obj (.text)
                  00002a04    00000040                                   : u_divt2.obj (.text)
                  00002a44    0000003e     driverlib.lib : cpu.obj (.text)
                  00002a82    00000002     --HOLE-- [fill = 0]
                  00002a84    00000018     rtsv7M4_T_le_v4SPD16_eabi.lib : args_main.obj (.text)
                  00002a9c    00000014                                   : _lock.obj (.text)
                  00002ab0    0000000e                                   : copy_decompress_none.obj (.text:decompress:none)
                  00002abe    0000000c                                   : copy_zero_init.obj (.text:decompress:ZI)
                  00002aca    0000000c     startup_ccs.obj (.text)
                  00002ad6    00000006     rtsv7M4_T_le_v4SPD16_eabi.lib : copy_decompress_rle.obj (.text:decompress:rle24)
                  00002adc    00000004                                   : pre_init.obj (.text)

.const     0    00002ae0    000001c4     
                  00002ae0    0000009c     driverlib.lib : interrupt.obj (.const:g_pui32Regs)
                  00002b7c    00000070                   : interrupt.obj (.const)
                  00002bec    00000040                   : uart.obj (.const:g_ppui32UARTIntMap)
                  00002c2c    00000040                   : uart.obj (.const:g_ppui32UARTIntMapSnowflake)
                  00002c6c    0000001c     uartstdio.obj (.const)
                  00002c88    00000012     uartstdio.obj (.const:.string)
                  00002c9a    00000002     heap_2.obj (.const)
                  00002c9c    00000008     driverlib.lib : uart.obj (.const)

.cinit     0    00002ca8    00000058     
                  00002ca8    00000020     (.cinit..data.load) [load image, compression = rle]
                  00002cc8    0000000c     (__TI_handler_table)
                  00002cd4    00000004     --HOLE-- [fill = 0]
                  00002cd8    00000008     (.cinit..bss.load) [load image, compression = zero_init]
                  00002ce0    00000008     (.cinit..vtable.load) [load image, compression = zero_init]
                  00002ce8    00000018     (__TI_cinit_table)

.init_array 
*          0    00000000    00000000     UNINITIALIZED

.vtable    0    20000000    0000026c     UNINITIALIZED
                  20000000    0000026c     driverlib.lib : interrupt.obj (.vtable)

.bss       0    2000026c    000076ec     UNINITIALIZED
                  2000026c    00007530     heap_2.obj (.bss:ucHeap)
                  2000779c    00000140     tasks.obj (.bss:pxReadyTasksLists)
                  200078dc    00000014     (.common:xDelayedTaskList1)
                  200078f0    00000014     (.common:xDelayedTaskList2)
                  20007904    00000014     (.common:xPendingReadyList)
                  20007918    00000014     (.common:xSuspendedTaskList)
                  2000792c    00000014     (.common:xTasksWaitingTermination)
                  20007940    00000008     (.common:xEnd)
                  20007948    00000008     (.common:xStart)
                  20007950    00000004     (.common:pxDelayedTaskList)
                  20007954    00000004     (.common:pxOverflowDelayedTaskList)

.TI.noinit 
*          0    2000026c    00000000     UNINITIALIZED

.stack     0    20007958    00000200     UNINITIALIZED
                  20007958    00000200     --HOLE--

.data      0    20007b58    00000058     UNINITIALIZED
                  20007b58    00000030     tasks.obj (.data)
                  20007b88    00000008     heap_2.obj (.data)
                  20007b90    00000008     rtsv7M4_T_le_v4SPD16_eabi.lib : _lock.obj (.data)
                  20007b98    00000008                                   : exit.obj (.data)
                  20007ba0    00000005     uartstdio.obj (.data)
                  20007ba5    00000003     --HOLE--
                  20007ba8    00000004     port.obj (.data)
                  20007bac    00000004     rtsv7M4_T_le_v4SPD16_eabi.lib : stkdepth_vars.obj (.data)

.TI.persistent 
*          0    20007b58    00000000     UNINITIALIZED


LINKER GENERATED COPY TABLES

__TI_cinit_table @ 00002ce8 records: 3, size/record: 8, table size: 24
	.data: load addr=00002ca8, load size=00000020 bytes, run addr=20007b58, run size=00000058 bytes, compression=rle
	.bss: load addr=00002cd8, load size=00000008 bytes, run addr=2000026c, run size=000076ec bytes, compression=zero_init
	.vtable: load addr=00002ce0, load size=00000008 bytes, run addr=20000000, run size=0000026c bytes, compression=zero_init


LINKER GENERATED HANDLER TABLE

__TI_handler_table @ 00002cc8 records: 3, size/record: 4, table size: 12
	index: 0, handler: __TI_zero_init
	index: 1, handler: __TI_decompress_rle24
	index: 2, handler: __TI_decompress_none


GLOBAL SYMBOLS: SORTED ALPHABETICALLY BY Name 

address   name                       
-------   ----                       
000029c1  C$$EXIT                    
00002a79  CPUbasepriGet              
00002a6b  CPUbasepriSet              
00002a45  CPUcpsid                   
00002a5b  CPUcpsie                   
00002a51  CPUprimask                 
00002a67  CPUwfi                     
00002169  ConfigBotonesYLeds         
000020ff  ConfigClock                
0000210f  ConfigUART                 
00001eb5  IntDisable                 
00001e43  IntEnable                  
00001f27  IntIsEnabled               
00001d07  IntMasterDisable           
00001cf7  IntMasterEnable            
0000201d  IntPendClear               
00001fad  IntPendSet                 
00001e1f  IntPriorityGet             
00001d97  IntPriorityGroupingGet     
00001d7d  IntPriorityGroupingSet     
00002077  IntPriorityMaskGet         
0000206b  IntPriorityMaskSet         
00001dcf  IntPrioritySet             
00001d17  IntRegister                
0000207f  IntTrigger                 
00001d69  IntUnregister              
00002acb  ResetISR                   
UNDEFED   SHT$$INIT_ARRAY$$Base      
UNDEFED   SHT$$INIT_ARRAY$$Limit     
000017cf  UART9BitAddrSend           
000017a9  UART9BitAddrSet            
00001793  UART9BitDisable            
0000177d  UART9BitEnable             
00001623  UARTBreakCtl               
0000164d  UARTBusy                   
000015cb  UARTCharGet                
000015af  UARTCharGetNonBlocking     
00001605  UARTCharPut                
000015e1  UARTCharPutNonBlocking     
00001573  UARTCharsAvail             
0000176d  UARTClockSourceGet         
00001759  UARTClockSourceSet         
0000133b  UARTConfigGetExpClk        
000012c5  UARTConfigSetExpClk        
0000171f  UARTDMADisable             
00001707  UARTDMAEnable              
000013ab  UARTDisable                
0000142f  UARTDisableSIR             
00001387  UARTEnable                 
00001401  UARTEnableSIR              
000013eb  UARTFIFODisable            
000013d5  UARTFIFOEnable             
0000129d  UARTFIFOLevelGet           
00001285  UARTFIFOLevelSet           
00001533  UARTFlowControlGet         
00001517  UARTFlowControlSet         
000016f5  UARTIntClear               
000016bf  UARTIntDisable             
000016a7  UARTIntEnable              
0000166b  UARTIntRegister            
000016d7  UARTIntStatus              
0000168d  UARTIntUnregister          
000014cd  UARTModemControlClear      
000014f1  UARTModemControlGet        
0000148d  UARTModemControlSet        
00001503  UARTModemStatusGet         
00001273  UARTParityModeGet          
00001257  UARTParityModeSet          
00001749  UARTRxErrorClear           
00001737  UARTRxErrorGet             
00001477  UARTSmartCardDisable       
00001445  UARTSmartCardEnable        
00001591  UARTSpaceAvail             
00001819  UARTStdioConfig            
00001561  UARTTxIntModeGet           
00001545  UARTTxIntModeSet           
00001991  UARTgetc                   
000018cb  UARTgets                   
00001cbf  UARTprintf                 
000019c5  UARTvprintf                
00001879  UARTwrite                  
20007b58  __STACK_END                
00000200  __STACK_SIZE               
20007b58  __STACK_TOP                
00002ce8  __TI_CINIT_Base            
00002d00  __TI_CINIT_Limit           
00002cc8  __TI_Handler_Table_Base    
00002cd4  __TI_Handler_Table_Limit   
0000284d  __TI_auto_init             
20007b98  __TI_cleanup_ptr           
00002ab1  __TI_decompress_none       
00002ad7  __TI_decompress_rle24      
20007b9c  __TI_dtors_ptr             
00000000  __TI_static_base__         
00002abf  __TI_zero_init             
00001817  __aeabi_idiv0              
000027d3  __aeabi_memclr             
000027d3  __aeabi_memclr4            
000027d3  __aeabi_memclr8            
00002737  __aeabi_memcpy             
00002737  __aeabi_memcpy4            
00002737  __aeabi_memcpy8            
000027d5  __aeabi_memset             
000027d5  __aeabi_memset4            
000027d5  __aeabi_memset8            
00002a05  __aeabi_uidiv              
00002a05  __aeabi_uidivmod           
ffffffff  __binit__                  
ffffffff  __c_args__                 
20007958  __stack                    
00002a85  _args_main                 
00002925  _c_int00                   
20007b90  _lock                      
00002aab  _nop                       
00002aa3  _register_lock             
00002a9d  _register_unlock           
00002add  _system_pre_init           
20007b94  _unlock                    
000029c5  abort                      
ffffffff  binit                      
00002975  copy_in                    
000029cd  exit                       
20000000  g_pfnRAMVectors            
00000000  g_pfnVectors               
000021d3  main                       
20007bac  main_func_sp               
00002737  memcpy                     
000027db  memset                     
0000228d  pvPortMalloc               
20007b58  pxCurrentTCB               
00002585  pxPortInitialiseStack      
000020b5  tarea_uno                  
0000253b  uxListRemove               
000008f5  uxTaskGetNumberOfTasks     
00001071  uxTaskGetStackHighWaterMark
00000901  uxTaskGetSystemState       
00000d1b  uxTaskGetTaskNumber        
0000049b  uxTaskPriorityGet          
00002459  vListInitialise            
00002489  vListInitialiseItem        
000024d5  vListInsert                
00002499  vListInsertEnd             
000026ed  vPortClearInterruptMask    
00002725  vPortEnableVFP             
00002611  vPortEndScheduler          
00002627  vPortEnterCritical         
00002637  vPortExitCritical          
00002393  vPortFree                  
000023fb  vPortInitialiseBlocks      
000026f7  vPortSVCHandler            
000026e3  vPortSetInterruptMask      
00002711  vPortStartFirstTask        
0000261d  vPortYield                 
00002613  vPortYieldFromISR          
00000461  vTaskDelay                 
000003db  vTaskDelayUntil            
0000037b  vTaskDelete                
000007c9  vTaskEndScheduler          
00000d13  vTaskMissedYield           
00000ba1  vTaskPlaceOnEventList      
00001189  vTaskPriorityDisinherit    
000010ed  vTaskPriorityInherit       
000004cd  vTaskPrioritySet           
00000691  vTaskResume                
00000d3b  vTaskSetTaskNumber         
00000c75  vTaskSetTimeOutState       
00000783  vTaskStartScheduler        
000005dd  vTaskSuspend               
000007db  vTaskSuspendAll            
00000b29  vTaskSwitchContext         
000023f5  xPortGetFreeHeapSize       
00002695  xPortPendSVHandler         
000025db  xPortStartScheduler        
0000264d  xPortSysTickHandler        
00000c99  xTaskCheckForTimeOut       
0000026d  xTaskGenericCreate         
000010b5  xTaskGetCurrentTaskHandle  
000008c9  xTaskGetTickCount          
000008dd  xTaskGetTickCountFromISR   
000009dd  xTaskIncrementTick         
0000064d  xTaskIsTaskSuspended       
00000bf5  xTaskRemoveFromEventList   
000007ed  xTaskResumeAll             
00000701  xTaskResumeFromISR         


GLOBAL SYMBOLS: SORTED BY Symbol Address 

address   name                       
-------   ----                       
00000000  __TI_static_base__         
00000000  g_pfnVectors               
00000200  __STACK_SIZE               
0000026d  xTaskGenericCreate         
0000037b  vTaskDelete                
000003db  vTaskDelayUntil            
00000461  vTaskDelay                 
0000049b  uxTaskPriorityGet          
000004cd  vTaskPrioritySet           
000005dd  vTaskSuspend               
0000064d  xTaskIsTaskSuspended       
00000691  vTaskResume                
00000701  xTaskResumeFromISR         
00000783  vTaskStartScheduler        
000007c9  vTaskEndScheduler          
000007db  vTaskSuspendAll            
000007ed  xTaskResumeAll             
000008c9  xTaskGetTickCount          
000008dd  xTaskGetTickCountFromISR   
000008f5  uxTaskGetNumberOfTasks     
00000901  uxTaskGetSystemState       
000009dd  xTaskIncrementTick         
00000b29  vTaskSwitchContext         
00000ba1  vTaskPlaceOnEventList      
00000bf5  xTaskRemoveFromEventList   
00000c75  vTaskSetTimeOutState       
00000c99  xTaskCheckForTimeOut       
00000d13  vTaskMissedYield           
00000d1b  uxTaskGetTaskNumber        
00000d3b  vTaskSetTaskNumber         
00001071  uxTaskGetStackHighWaterMark
000010b5  xTaskGetCurrentTaskHandle  
000010ed  vTaskPriorityInherit       
00001189  vTaskPriorityDisinherit    
00001257  UARTParityModeSet          
00001273  UARTParityModeGet          
00001285  UARTFIFOLevelSet           
0000129d  UARTFIFOLevelGet           
000012c5  UARTConfigSetExpClk        
0000133b  UARTConfigGetExpClk        
00001387  UARTEnable                 
000013ab  UARTDisable                
000013d5  UARTFIFOEnable             
000013eb  UARTFIFODisable            
00001401  UARTEnableSIR              
0000142f  UARTDisableSIR             
00001445  UARTSmartCardEnable        
00001477  UARTSmartCardDisable       
0000148d  UARTModemControlSet        
000014cd  UARTModemControlClear      
000014f1  UARTModemControlGet        
00001503  UARTModemStatusGet         
00001517  UARTFlowControlSet         
00001533  UARTFlowControlGet         
00001545  UARTTxIntModeSet           
00001561  UARTTxIntModeGet           
00001573  UARTCharsAvail             
00001591  UARTSpaceAvail             
000015af  UARTCharGetNonBlocking     
000015cb  UARTCharGet                
000015e1  UARTCharPutNonBlocking     
00001605  UARTCharPut                
00001623  UARTBreakCtl               
0000164d  UARTBusy                   
0000166b  UARTIntRegister            
0000168d  UARTIntUnregister          
000016a7  UARTIntEnable              
000016bf  UARTIntDisable             
000016d7  UARTIntStatus              
000016f5  UARTIntClear               
00001707  UARTDMAEnable              
0000171f  UARTDMADisable             
00001737  UARTRxErrorGet             
00001749  UARTRxErrorClear           
00001759  UARTClockSourceSet         
0000176d  UARTClockSourceGet         
0000177d  UART9BitEnable             
00001793  UART9BitDisable            
000017a9  UART9BitAddrSet            
000017cf  UART9BitAddrSend           
00001817  __aeabi_idiv0              
00001819  UARTStdioConfig            
00001879  UARTwrite                  
000018cb  UARTgets                   
00001991  UARTgetc                   
000019c5  UARTvprintf                
00001cbf  UARTprintf                 
00001cf7  IntMasterEnable            
00001d07  IntMasterDisable           
00001d17  IntRegister                
00001d69  IntUnregister              
00001d7d  IntPriorityGroupingSet     
00001d97  IntPriorityGroupingGet     
00001dcf  IntPrioritySet             
00001e1f  IntPriorityGet             
00001e43  IntEnable                  
00001eb5  IntDisable                 
00001f27  IntIsEnabled               
00001fad  IntPendSet                 
0000201d  IntPendClear               
0000206b  IntPriorityMaskSet         
00002077  IntPriorityMaskGet         
0000207f  IntTrigger                 
000020b5  tarea_uno                  
000020ff  ConfigClock                
0000210f  ConfigUART                 
00002169  ConfigBotonesYLeds         
000021d3  main                       
0000228d  pvPortMalloc               
00002393  vPortFree                  
000023f5  xPortGetFreeHeapSize       
000023fb  vPortInitialiseBlocks      
00002459  vListInitialise            
00002489  vListInitialiseItem        
00002499  vListInsertEnd             
000024d5  vListInsert                
0000253b  uxListRemove               
00002585  pxPortInitialiseStack      
000025db  xPortStartScheduler        
00002611  vPortEndScheduler          
00002613  vPortYieldFromISR          
0000261d  vPortYield                 
00002627  vPortEnterCritical         
00002637  vPortExitCritical          
0000264d  xPortSysTickHandler        
00002695  xPortPendSVHandler         
000026e3  vPortSetInterruptMask      
000026ed  vPortClearInterruptMask    
000026f7  vPortSVCHandler            
00002711  vPortStartFirstTask        
00002725  vPortEnableVFP             
00002737  __aeabi_memcpy             
00002737  __aeabi_memcpy4            
00002737  __aeabi_memcpy8            
00002737  memcpy                     
000027d3  __aeabi_memclr             
000027d3  __aeabi_memclr4            
000027d3  __aeabi_memclr8            
000027d5  __aeabi_memset             
000027d5  __aeabi_memset4            
000027d5  __aeabi_memset8            
000027db  memset                     
0000284d  __TI_auto_init             
00002925  _c_int00                   
00002975  copy_in                    
000029c1  C$$EXIT                    
000029c5  abort                      
000029cd  exit                       
00002a05  __aeabi_uidiv              
00002a05  __aeabi_uidivmod           
00002a45  CPUcpsid                   
00002a51  CPUprimask                 
00002a5b  CPUcpsie                   
00002a67  CPUwfi                     
00002a6b  CPUbasepriSet              
00002a79  CPUbasepriGet              
00002a85  _args_main                 
00002a9d  _register_unlock           
00002aa3  _register_lock             
00002aab  _nop                       
00002ab1  __TI_decompress_none       
00002abf  __TI_zero_init             
00002acb  ResetISR                   
00002ad7  __TI_decompress_rle24      
00002add  _system_pre_init           
00002cc8  __TI_Handler_Table_Base    
00002cd4  __TI_Handler_Table_Limit   
00002ce8  __TI_CINIT_Base            
00002d00  __TI_CINIT_Limit           
20000000  g_pfnRAMVectors            
20007958  __stack                    
20007b58  __STACK_END                
20007b58  __STACK_TOP                
20007b58  pxCurrentTCB               
20007b90  _lock                      
20007b94  _unlock                    
20007b98  __TI_cleanup_ptr           
20007b9c  __TI_dtors_ptr             
20007bac  main_func_sp               
ffffffff  __binit__                  
ffffffff  __c_args__                 
ffffffff  binit                      
UNDEFED   SHT$$INIT_ARRAY$$Base      
UNDEFED   SHT$$INIT_ARRAY$$Limit     

[184 symbols]
