<?xml version="1.0"?>
<link_info>
   <banner>TI ARM Linker PC v5.2.6</banner>
   <copyright>Copyright (c) 1996-2015 Texas Instruments Incorporated</copyright>
   <link_time>0x5658674f</link_time>
   <link_errors>0x0</link_errors>
   <output_file>freertos_proj_1task.out</output_file>
   <entry_point>
      <name>_c_int00</name>
      <address>0x19ad</address>
   </entry_point>
   <input_file_list>
      <input_file id="fl-2">
         <path>.\</path>
         <kind>object</kind>
         <file>main.obj</file>
         <name>main.obj</name>
      </input_file>
      <input_file id="fl-3">
         <path>.\</path>
         <kind>object</kind>
         <file>startup_ccs.obj</file>
         <name>startup_ccs.obj</name>
      </input_file>
      <input_file id="fl-4">
         <path>.\utils\</path>
         <kind>object</kind>
         <file>cmdline.obj</file>
         <name>cmdline.obj</name>
      </input_file>
      <input_file id="fl-5">
         <path>.\utils\</path>
         <kind>object</kind>
         <file>cpu_usage.obj</file>
         <name>cpu_usage.obj</name>
      </input_file>
      <input_file id="fl-6">
         <path>.\utils\</path>
         <kind>object</kind>
         <file>eeprom_pb.obj</file>
         <name>eeprom_pb.obj</name>
      </input_file>
      <input_file id="fl-7">
         <path>.\utils\</path>
         <kind>object</kind>
         <file>flash_pb.obj</file>
         <name>flash_pb.obj</name>
      </input_file>
      <input_file id="fl-8">
         <path>.\utils\</path>
         <kind>object</kind>
         <file>isqrt.obj</file>
         <name>isqrt.obj</name>
      </input_file>
      <input_file id="fl-9">
         <path>.\utils\</path>
         <kind>object</kind>
         <file>random.obj</file>
         <name>random.obj</name>
      </input_file>
      <input_file id="fl-a">
         <path>.\utils\</path>
         <kind>object</kind>
         <file>ringbuf.obj</file>
         <name>ringbuf.obj</name>
      </input_file>
      <input_file id="fl-b">
         <path>.\utils\</path>
         <kind>object</kind>
         <file>scheduler.obj</file>
         <name>scheduler.obj</name>
      </input_file>
      <input_file id="fl-c">
         <path>.\utils\</path>
         <kind>object</kind>
         <file>sine.obj</file>
         <name>sine.obj</name>
      </input_file>
      <input_file id="fl-d">
         <path>.\utils\</path>
         <kind>object</kind>
         <file>smbus.obj</file>
         <name>smbus.obj</name>
      </input_file>
      <input_file id="fl-e">
         <path>.\utils\</path>
         <kind>object</kind>
         <file>softi2c.obj</file>
         <name>softi2c.obj</name>
      </input_file>
      <input_file id="fl-f">
         <path>.\utils\</path>
         <kind>object</kind>
         <file>softssi.obj</file>
         <name>softssi.obj</name>
      </input_file>
      <input_file id="fl-10">
         <path>.\utils\</path>
         <kind>object</kind>
         <file>softuart.obj</file>
         <name>softuart.obj</name>
      </input_file>
      <input_file id="fl-11">
         <path>.\utils\</path>
         <kind>object</kind>
         <file>spi_flash.obj</file>
         <name>spi_flash.obj</name>
      </input_file>
      <input_file id="fl-12">
         <path>.\utils\</path>
         <kind>object</kind>
         <file>uartstdio.obj</file>
         <name>uartstdio.obj</name>
      </input_file>
      <input_file id="fl-13">
         <path>.\utils\</path>
         <kind>object</kind>
         <file>ustdlib.obj</file>
         <name>ustdlib.obj</name>
      </input_file>
      <input_file id="fl-14">
         <path>.\drivers\</path>
         <kind>object</kind>
         <file>buttons.obj</file>
         <name>buttons.obj</name>
      </input_file>
      <input_file id="fl-15">
         <path>.\drivers\</path>
         <kind>object</kind>
         <file>rgb.obj</file>
         <name>rgb.obj</name>
      </input_file>
      <input_file id="fl-16">
         <path>.\FreeRTOS\Source\</path>
         <kind>object</kind>
         <file>croutine.obj</file>
         <name>croutine.obj</name>
      </input_file>
      <input_file id="fl-17">
         <path>.\FreeRTOS\Source\</path>
         <kind>object</kind>
         <file>list.obj</file>
         <name>list.obj</name>
      </input_file>
      <input_file id="fl-18">
         <path>.\FreeRTOS\Source\</path>
         <kind>object</kind>
         <file>queue.obj</file>
         <name>queue.obj</name>
      </input_file>
      <input_file id="fl-19">
         <path>.\FreeRTOS\Source\</path>
         <kind>object</kind>
         <file>tasks.obj</file>
         <name>tasks.obj</name>
      </input_file>
      <input_file id="fl-1a">
         <path>.\FreeRTOS\Source\</path>
         <kind>object</kind>
         <file>timers.obj</file>
         <name>timers.obj</name>
      </input_file>
      <input_file id="fl-1b">
         <path>.\FreeRTOS\Source\portable\MemMang\</path>
         <kind>object</kind>
         <file>heap_2.obj</file>
         <name>heap_2.obj</name>
      </input_file>
      <input_file id="fl-1c">
         <path>.\FreeRTOS\Source\portable\CCS\ARM_CM4F\</path>
         <kind>object</kind>
         <file>port.obj</file>
         <name>port.obj</name>
      </input_file>
      <input_file id="fl-1d">
         <path>.\FreeRTOS\Source\portable\CCS\ARM_CM4F\</path>
         <kind>object</kind>
         <file>portasm.obj</file>
         <name>portasm.obj</name>
      </input_file>
      <input_file id="fl-144">
         <path>D:\ti\ccsv6\tools\compiler\ti-cgt-arm_5.2.6\lib\</path>
         <kind>archive</kind>
         <file>rtsv7M4_T_le_v4SPD16_eabi.lib</file>
         <name>boot.obj</name>
      </input_file>
      <input_file id="fl-145">
         <path>D:\ti\ccsv6\tools\compiler\ti-cgt-arm_5.2.6\lib\</path>
         <kind>archive</kind>
         <file>rtsv7M4_T_le_v4SPD16_eabi.lib</file>
         <name>copy_decompress_none.obj</name>
      </input_file>
      <input_file id="fl-146">
         <path>D:\ti\ccsv6\tools\compiler\ti-cgt-arm_5.2.6\lib\</path>
         <kind>archive</kind>
         <file>rtsv7M4_T_le_v4SPD16_eabi.lib</file>
         <name>copy_decompress_rle.obj</name>
      </input_file>
      <input_file id="fl-147">
         <path>D:\ti\ccsv6\tools\compiler\ti-cgt-arm_5.2.6\lib\</path>
         <kind>archive</kind>
         <file>rtsv7M4_T_le_v4SPD16_eabi.lib</file>
         <name>copy_zero_init.obj</name>
      </input_file>
      <input_file id="fl-148">
         <path>D:\ti\ccsv6\tools\compiler\ti-cgt-arm_5.2.6\lib\</path>
         <kind>archive</kind>
         <file>rtsv7M4_T_le_v4SPD16_eabi.lib</file>
         <name>exit.obj</name>
      </input_file>
      <input_file id="fl-149">
         <path>D:\ti\ccsv6\tools\compiler\ti-cgt-arm_5.2.6\lib\</path>
         <kind>archive</kind>
         <file>rtsv7M4_T_le_v4SPD16_eabi.lib</file>
         <name>fs_toull_t2.obj</name>
      </input_file>
      <input_file id="fl-14a">
         <path>D:\ti\ccsv6\tools\compiler\ti-cgt-arm_5.2.6\lib\</path>
         <kind>archive</kind>
         <file>rtsv7M4_T_le_v4SPD16_eabi.lib</file>
         <name>memcpy_t2.obj</name>
      </input_file>
      <input_file id="fl-14b">
         <path>D:\ti\ccsv6\tools\compiler\ti-cgt-arm_5.2.6\lib\</path>
         <kind>archive</kind>
         <file>rtsv7M4_T_le_v4SPD16_eabi.lib</file>
         <name>memset_t2.obj</name>
      </input_file>
      <input_file id="fl-14c">
         <path>D:\ti\ccsv6\tools\compiler\ti-cgt-arm_5.2.6\lib\</path>
         <kind>archive</kind>
         <file>rtsv7M4_T_le_v4SPD16_eabi.lib</file>
         <name>pre_init.obj</name>
      </input_file>
      <input_file id="fl-14d">
         <path>D:\ti\ccsv6\tools\compiler\ti-cgt-arm_5.2.6\lib\</path>
         <kind>archive</kind>
         <file>rtsv7M4_T_le_v4SPD16_eabi.lib</file>
         <name>stkdepth_vars.obj</name>
      </input_file>
      <input_file id="fl-14e">
         <path>D:\ti\ccsv6\tools\compiler\ti-cgt-arm_5.2.6\lib\</path>
         <kind>archive</kind>
         <file>rtsv7M4_T_le_v4SPD16_eabi.lib</file>
         <name>strcmp.obj</name>
      </input_file>
      <input_file id="fl-14f">
         <path>D:\ti\ccsv6\tools\compiler\ti-cgt-arm_5.2.6\lib\</path>
         <kind>archive</kind>
         <file>rtsv7M4_T_le_v4SPD16_eabi.lib</file>
         <name>u_divt2.obj</name>
      </input_file>
      <input_file id="fl-150">
         <path>D:\ti\ccsv6\tools\compiler\ti-cgt-arm_5.2.6\lib\</path>
         <kind>archive</kind>
         <file>rtsv7M4_T_le_v4SPD16_eabi.lib</file>
         <name>_lock.obj</name>
      </input_file>
      <input_file id="fl-151">
         <path>D:\ti\ccsv6\tools\compiler\ti-cgt-arm_5.2.6\lib\</path>
         <kind>archive</kind>
         <file>rtsv7M4_T_le_v4SPD16_eabi.lib</file>
         <name>args_main.obj</name>
      </input_file>
      <input_file id="fl-152">
         <path>D:\ti\ccsv6\tools\compiler\ti-cgt-arm_5.2.6\lib\</path>
         <kind>archive</kind>
         <file>rtsv7M4_T_le_v4SPD16_eabi.lib</file>
         <name>autoinit.obj</name>
      </input_file>
      <input_file id="fl-153">
         <path>D:\ti\ccsv6\tools\compiler\ti-cgt-arm_5.2.6\lib\</path>
         <kind>archive</kind>
         <file>rtsv7M4_T_le_v4SPD16_eabi.lib</file>
         <name>cpy_tbl.obj</name>
      </input_file>
      <input_file id="fl-154">
         <path>D:\ti\ccsv6\tools\compiler\ti-cgt-arm_5.2.6\lib\</path>
         <kind>archive</kind>
         <file>rtsv7M4_T_le_v4SPD16_eabi.lib</file>
         <name>i_div0.obj</name>
      </input_file>
      <input_file id="fl-155">
         <path>D:\disse_rtos_workspace\workspace\driverlib\Debug\</path>
         <kind>archive</kind>
         <file>driverlib.lib</file>
         <name>eeprom.obj</name>
      </input_file>
      <input_file id="fl-156">
         <path>D:\disse_rtos_workspace\workspace\driverlib\Debug\</path>
         <kind>archive</kind>
         <file>driverlib.lib</file>
         <name>gpio.obj</name>
      </input_file>
      <input_file id="fl-157">
         <path>D:\disse_rtos_workspace\workspace\driverlib\Debug\</path>
         <kind>archive</kind>
         <file>driverlib.lib</file>
         <name>i2c.obj</name>
      </input_file>
      <input_file id="fl-158">
         <path>D:\disse_rtos_workspace\workspace\driverlib\Debug\</path>
         <kind>archive</kind>
         <file>driverlib.lib</file>
         <name>interrupt.obj</name>
      </input_file>
      <input_file id="fl-159">
         <path>D:\disse_rtos_workspace\workspace\driverlib\Debug\</path>
         <kind>archive</kind>
         <file>driverlib.lib</file>
         <name>ssi.obj</name>
      </input_file>
      <input_file id="fl-15a">
         <path>D:\disse_rtos_workspace\workspace\driverlib\Debug\</path>
         <kind>archive</kind>
         <file>driverlib.lib</file>
         <name>sw_crc.obj</name>
      </input_file>
      <input_file id="fl-15b">
         <path>D:\disse_rtos_workspace\workspace\driverlib\Debug\</path>
         <kind>archive</kind>
         <file>driverlib.lib</file>
         <name>sysctl.obj</name>
      </input_file>
      <input_file id="fl-15c">
         <path>D:\disse_rtos_workspace\workspace\driverlib\Debug\</path>
         <kind>archive</kind>
         <file>driverlib.lib</file>
         <name>systick.obj</name>
      </input_file>
      <input_file id="fl-15d">
         <path>D:\disse_rtos_workspace\workspace\driverlib\Debug\</path>
         <kind>archive</kind>
         <file>driverlib.lib</file>
         <name>udma.obj</name>
      </input_file>
      <input_file id="fl-15e">
         <path>D:\disse_rtos_workspace\workspace\driverlib\Debug\</path>
         <kind>archive</kind>
         <file>driverlib.lib</file>
         <name>cpu.obj</name>
      </input_file>
   </input_file_list>
   <object_component_list>
      <object_component id="oc-f">
         <name>.intvecs</name>
         <load_address>0x0</load_address>
         <run_address>0x0</run_address>
         <size>0x26c</size>
         <input_file_ref idref="fl-3"/>
      </object_component>
      <object_component id="oc-83">
         <name>.text</name>
         <load_address>0x26c</load_address>
         <run_address>0x26c</run_address>
         <size>0xf88</size>
         <input_file_ref idref="fl-19"/>
      </object_component>
      <object_component id="oc-e1">
         <name>.text</name>
         <load_address>0x11f4</load_address>
         <run_address>0x11f4</run_address>
         <size>0x1cc</size>
         <input_file_ref idref="fl-1b"/>
      </object_component>
      <object_component id="oc-d3">
         <name>.text</name>
         <load_address>0x13c0</load_address>
         <run_address>0x13c0</run_address>
         <size>0x12a</size>
         <input_file_ref idref="fl-17"/>
      </object_component>
      <object_component id="oc-bc">
         <name>.text</name>
         <load_address>0x14ec</load_address>
         <run_address>0x14ec</run_address>
         <size>0x120</size>
         <input_file_ref idref="fl-2"/>
      </object_component>
      <object_component id="oc-35">
         <name>.text</name>
         <load_address>0x160c</load_address>
         <run_address>0x160c</run_address>
         <size>0x10c</size>
         <input_file_ref idref="fl-1c"/>
      </object_component>
      <object_component id="oc-30">
         <name>.text</name>
         <load_address>0x1718</load_address>
         <run_address>0x1718</run_address>
         <size>0xa6</size>
         <input_file_ref idref="fl-1d"/>
      </object_component>
      <object_component id="oc-3e">
         <name>.text</name>
         <load_address>0x17be</load_address>
         <run_address>0x17be</run_address>
         <size>0x9c</size>
         <input_file_ref idref="fl-14a"/>
      </object_component>
      <object_component id="oc-57">
         <name>.text</name>
         <load_address>0x185a</load_address>
         <run_address>0x185a</run_address>
         <size>0x7a</size>
         <input_file_ref idref="fl-14b"/>
      </object_component>
      <object_component id="oc-69">
         <name>.text</name>
         <load_address>0x18d4</load_address>
         <run_address>0x18d4</run_address>
         <size>0x6c</size>
         <input_file_ref idref="fl-152"/>
      </object_component>
      <object_component id="oc-4a">
         <name>.text</name>
         <load_address>0x1940</load_address>
         <run_address>0x1940</run_address>
         <size>0x6a</size>
         <input_file_ref idref="fl-146"/>
      </object_component>
      <object_component id="oc-24">
         <name>.text</name>
         <load_address>0x19ac</load_address>
         <run_address>0x19ac</run_address>
         <size>0x50</size>
         <input_file_ref idref="fl-144"/>
      </object_component>
      <object_component id="oc-b4">
         <name>.text</name>
         <load_address>0x19fc</load_address>
         <run_address>0x19fc</run_address>
         <size>0x4c</size>
         <input_file_ref idref="fl-153"/>
      </object_component>
      <object_component id="oc-75">
         <name>.text</name>
         <load_address>0x1a48</load_address>
         <run_address>0x1a48</run_address>
         <size>0x44</size>
         <input_file_ref idref="fl-148"/>
      </object_component>
      <object_component id="oc-6f">
         <name>.text</name>
         <load_address>0x1a8c</load_address>
         <run_address>0x1a8c</run_address>
         <size>0x18</size>
         <input_file_ref idref="fl-151"/>
      </object_component>
      <object_component id="oc-119">
         <name>.text</name>
         <load_address>0x1aa4</load_address>
         <run_address>0x1aa4</run_address>
         <size>0x14</size>
         <input_file_ref idref="fl-150"/>
      </object_component>
      <object_component id="oc-12">
         <name>.text:decompress:none</name>
         <load_address>0x1ab8</load_address>
         <run_address>0x1ab8</run_address>
         <size>0xe</size>
         <input_file_ref idref="fl-145"/>
      </object_component>
      <object_component id="oc-1e">
         <name>.text:decompress:ZI</name>
         <load_address>0x1ac6</load_address>
         <run_address>0x1ac6</run_address>
         <size>0xc</size>
         <input_file_ref idref="fl-147"/>
      </object_component>
      <object_component id="oc-2a">
         <name>.text</name>
         <load_address>0x1ad2</load_address>
         <run_address>0x1ad2</run_address>
         <size>0xc</size>
         <input_file_ref idref="fl-3"/>
      </object_component>
      <object_component id="oc-18">
         <name>.text:decompress:rle24</name>
         <load_address>0x1ade</load_address>
         <run_address>0x1ade</run_address>
         <size>0x6</size>
         <input_file_ref idref="fl-146"/>
      </object_component>
      <object_component id="oc-63">
         <name>.text</name>
         <load_address>0x1ae4</load_address>
         <run_address>0x1ae4</run_address>
         <size>0x4</size>
         <input_file_ref idref="fl-14c"/>
      </object_component>
      <object_component id="oc-13f">
         <name>.const</name>
         <load_address>0x1ae8</load_address>
         <run_address>0x1ae8</run_address>
         <size>0x2</size>
         <input_file_ref idref="fl-1b"/>
      </object_component>
      <object_component id="oc-188">
         <name>.cinit..data.load</name>
         <load_address>0x1af0</load_address>
         <run_address>0x1af0</run_address>
         <size>0x20</size>
      </object_component>
      <object_component id="oc-186">
         <name>__TI_handler_table</name>
         <load_address>0x1b10</load_address>
         <run_address>0x1b10</run_address>
         <size>0xc</size>
      </object_component>
      <object_component id="oc-189">
         <name>.cinit..bss.load</name>
         <load_address>0x1b20</load_address>
         <run_address>0x1b20</run_address>
         <size>0x8</size>
      </object_component>
      <object_component id="oc-187">
         <name>__TI_cinit_table</name>
         <load_address>0x1b28</load_address>
         <run_address>0x1b28</run_address>
         <size>0x10</size>
      </object_component>
      <object_component id="oc-29">
         <name>.stack</name>
         <uninitialized>true</uninitialized>
         <run_address>0x200076ec</run_address>
         <size>0x0</size>
         <input_file_ref idref="fl-144"/>
      </object_component>
      <object_component id="oc-18a">
         <name>.stack</name>
         <uninitialized>true</uninitialized>
         <run_address>0x200076ec</run_address>
         <size>0x0</size>
      </object_component>
      <object_component id="oc-d9">
         <name>.bss:pxReadyTasksLists</name>
         <uninitialized>true</uninitialized>
         <run_address>0x20007530</run_address>
         <size>0x140</size>
         <input_file_ref idref="fl-19"/>
      </object_component>
      <object_component id="oc-146">
         <name>.bss:ucHeap</name>
         <uninitialized>true</uninitialized>
         <run_address>0x20000000</run_address>
         <size>0x7530</size>
         <input_file_ref idref="fl-1b"/>
      </object_component>
      <object_component id="oc-e7">
         <name>.common:xDelayedTaskList1</name>
         <uninitialized>true</uninitialized>
         <run_address>0x20007670</run_address>
         <size>0x14</size>
      </object_component>
      <object_component id="oc-e8">
         <name>.common:xDelayedTaskList2</name>
         <uninitialized>true</uninitialized>
         <run_address>0x20007684</run_address>
         <size>0x14</size>
      </object_component>
      <object_component id="oc-df">
         <name>.common:pxDelayedTaskList</name>
         <uninitialized>true</uninitialized>
         <run_address>0x200076e4</run_address>
         <size>0x4</size>
      </object_component>
      <object_component id="oc-e0">
         <name>.common:pxOverflowDelayedTaskList</name>
         <uninitialized>true</uninitialized>
         <run_address>0x200076e8</run_address>
         <size>0x4</size>
      </object_component>
      <object_component id="oc-de">
         <name>.common:xPendingReadyList</name>
         <uninitialized>true</uninitialized>
         <run_address>0x20007698</run_address>
         <size>0x14</size>
      </object_component>
      <object_component id="oc-dc">
         <name>.common:xTasksWaitingTermination</name>
         <uninitialized>true</uninitialized>
         <run_address>0x200076c0</run_address>
         <size>0x14</size>
      </object_component>
      <object_component id="oc-dd">
         <name>.common:xSuspendedTaskList</name>
         <uninitialized>true</uninitialized>
         <run_address>0x200076ac</run_address>
         <size>0x14</size>
      </object_component>
      <object_component id="oc-142">
         <name>.common:xStart</name>
         <uninitialized>true</uninitialized>
         <run_address>0x200076dc</run_address>
         <size>0x8</size>
      </object_component>
      <object_component id="oc-145">
         <name>.common:xEnd</name>
         <uninitialized>true</uninitialized>
         <run_address>0x200076d4</run_address>
         <size>0x8</size>
      </object_component>
      <object_component id="oc-80">
         <name>.data</name>
         <load_address>0x200078ec</load_address>
         <run_address>0x200078ec</run_address>
         <size>0x30</size>
         <input_file_ref idref="fl-19"/>
      </object_component>
      <object_component id="oc-13c">
         <name>.data</name>
         <load_address>0x2000791c</load_address>
         <run_address>0x2000791c</run_address>
         <size>0x8</size>
         <input_file_ref idref="fl-1b"/>
      </object_component>
      <object_component id="oc-8a">
         <name>.data</name>
         <load_address>0x20007934</load_address>
         <run_address>0x20007934</run_address>
         <size>0x4</size>
         <input_file_ref idref="fl-1c"/>
      </object_component>
      <object_component id="oc-c7">
         <name>.data</name>
         <load_address>0x2000792c</load_address>
         <run_address>0x2000792c</run_address>
         <size>0x8</size>
         <input_file_ref idref="fl-148"/>
      </object_component>
      <object_component id="oc-7b">
         <name>.data</name>
         <load_address>0x20007938</load_address>
         <run_address>0x20007938</run_address>
         <size>0x4</size>
         <input_file_ref idref="fl-14d"/>
      </object_component>
      <object_component id="oc-c4">
         <name>.data</name>
         <load_address>0x20007924</load_address>
         <run_address>0x20007924</run_address>
         <size>0x8</size>
         <input_file_ref idref="fl-150"/>
      </object_component>
      <object_component id="oc-fd">
         <name>.debug_info</name>
         <load_address>0x0</load_address>
         <run_address>0x0</run_address>
         <size>0x1e0</size>
         <input_file_ref idref="fl-2"/>
      </object_component>
      <object_component id="oc-bd">
         <name>.debug_info</name>
         <load_address>0x1e0</load_address>
         <run_address>0x1e0</run_address>
         <size>0x2eb</size>
         <input_file_ref idref="fl-2"/>
      </object_component>
      <object_component id="oc-ea">
         <name>.debug_info</name>
         <load_address>0x4cb</load_address>
         <run_address>0x4cb</run_address>
         <size>0x29e</size>
         <input_file_ref idref="fl-2"/>
      </object_component>
      <object_component id="oc-94">
         <name>.debug_info</name>
         <load_address>0x769</load_address>
         <run_address>0x769</run_address>
         <size>0x84</size>
         <input_file_ref idref="fl-2"/>
      </object_component>
      <object_component id="oc-8f">
         <name>.debug_info</name>
         <load_address>0x7ed</load_address>
         <run_address>0x7ed</run_address>
         <size>0x2c</size>
         <input_file_ref idref="fl-2"/>
      </object_component>
      <object_component id="oc-9b">
         <name>.debug_info</name>
         <load_address>0x819</load_address>
         <run_address>0x819</run_address>
         <size>0x18b</size>
         <input_file_ref idref="fl-2"/>
      </object_component>
      <object_component id="oc-ef">
         <name>.debug_info</name>
         <load_address>0x9a4</load_address>
         <run_address>0x9a4</run_address>
         <size>0x2c</size>
         <input_file_ref idref="fl-2"/>
      </object_component>
      <object_component id="oc-f8">
         <name>.debug_info</name>
         <load_address>0x9d0</load_address>
         <run_address>0x9d0</run_address>
         <size>0x14c</size>
         <input_file_ref idref="fl-2"/>
      </object_component>
      <object_component id="oc-3d">
         <name>.debug_info</name>
         <load_address>0xb1c</load_address>
         <run_address>0xb1c</run_address>
         <size>0x17d</size>
         <input_file_ref idref="fl-3"/>
      </object_component>
      <object_component id="oc-10">
         <name>.debug_info</name>
         <load_address>0xc99</load_address>
         <run_address>0xc99</run_address>
         <size>0xe2</size>
         <input_file_ref idref="fl-3"/>
      </object_component>
      <object_component id="oc-2b">
         <name>.debug_info</name>
         <load_address>0xd7b</load_address>
         <run_address>0xd7b</run_address>
         <size>0x1f6</size>
         <input_file_ref idref="fl-3"/>
      </object_component>
      <object_component id="oc-fe">
         <name>.debug_info</name>
         <load_address>0xf71</load_address>
         <run_address>0xf71</run_address>
         <size>0x8b</size>
         <input_file_ref idref="fl-4"/>
      </object_component>
      <object_component id="oc-ab">
         <name>.debug_info</name>
         <load_address>0xffc</load_address>
         <run_address>0xffc</run_address>
         <size>0x2c</size>
         <input_file_ref idref="fl-4"/>
      </object_component>
      <object_component id="oc-139">
         <name>.debug_info</name>
         <load_address>0x1028</load_address>
         <run_address>0x1028</run_address>
         <size>0x15f</size>
         <input_file_ref idref="fl-17"/>
      </object_component>
      <object_component id="oc-d4">
         <name>.debug_info</name>
         <load_address>0x1187</load_address>
         <run_address>0x1187</run_address>
         <size>0x64d</size>
         <input_file_ref idref="fl-17"/>
      </object_component>
      <object_component id="oc-133">
         <name>.debug_info</name>
         <load_address>0x17d4</load_address>
         <run_address>0x17d4</run_address>
         <size>0x110</size>
         <input_file_ref idref="fl-17"/>
      </object_component>
      <object_component id="oc-d1">
         <name>.debug_info</name>
         <load_address>0x18e4</load_address>
         <run_address>0x18e4</run_address>
         <size>0x6d1</size>
         <input_file_ref idref="fl-19"/>
      </object_component>
      <object_component id="oc-81">
         <name>.debug_info</name>
         <load_address>0x1fb5</load_address>
         <run_address>0x1fb5</run_address>
         <size>0x317</size>
         <input_file_ref idref="fl-19"/>
      </object_component>
      <object_component id="oc-da">
         <name>.debug_info</name>
         <load_address>0x22cc</load_address>
         <run_address>0x22cc</run_address>
         <size>0x114</size>
         <input_file_ref idref="fl-19"/>
      </object_component>
      <object_component id="oc-84">
         <name>.debug_info</name>
         <load_address>0x23e0</load_address>
         <run_address>0x23e0</run_address>
         <size>0x3b7e</size>
         <input_file_ref idref="fl-19"/>
      </object_component>
      <object_component id="oc-129">
         <name>.debug_info</name>
         <load_address>0x5f5e</load_address>
         <run_address>0x5f5e</run_address>
         <size>0x39</size>
         <input_file_ref idref="fl-19"/>
      </object_component>
      <object_component id="oc-12e">
         <name>.debug_info</name>
         <load_address>0x5f97</load_address>
         <run_address>0x5f97</run_address>
         <size>0xfc</size>
         <input_file_ref idref="fl-19"/>
      </object_component>
      <object_component id="oc-143">
         <name>.debug_info</name>
         <load_address>0x6093</load_address>
         <run_address>0x6093</run_address>
         <size>0x231</size>
         <input_file_ref idref="fl-1b"/>
      </object_component>
      <object_component id="oc-147">
         <name>.debug_info</name>
         <load_address>0x62c4</load_address>
         <run_address>0x62c4</run_address>
         <size>0x110</size>
         <input_file_ref idref="fl-1b"/>
      </object_component>
      <object_component id="oc-140">
         <name>.debug_info</name>
         <load_address>0x63d4</load_address>
         <run_address>0x63d4</run_address>
         <size>0x122</size>
         <input_file_ref idref="fl-1b"/>
      </object_component>
      <object_component id="oc-13d">
         <name>.debug_info</name>
         <load_address>0x64f6</load_address>
         <run_address>0x64f6</run_address>
         <size>0x12a</size>
         <input_file_ref idref="fl-1b"/>
      </object_component>
      <object_component id="oc-e2">
         <name>.debug_info</name>
         <load_address>0x6620</load_address>
         <run_address>0x6620</run_address>
         <size>0x7bb</size>
         <input_file_ref idref="fl-1b"/>
      </object_component>
      <object_component id="oc-15e">
         <name>.debug_info</name>
         <load_address>0x6ddb</load_address>
         <run_address>0x6ddb</run_address>
         <size>0x70</size>
         <input_file_ref idref="fl-1b"/>
      </object_component>
      <object_component id="oc-8e">
         <name>.debug_info</name>
         <load_address>0x6e4b</load_address>
         <run_address>0x6e4b</run_address>
         <size>0x246</size>
         <input_file_ref idref="fl-1c"/>
      </object_component>
      <object_component id="oc-8b">
         <name>.debug_info</name>
         <load_address>0x7091</load_address>
         <run_address>0x7091</run_address>
         <size>0x129</size>
         <input_file_ref idref="fl-1c"/>
      </object_component>
      <object_component id="oc-36">
         <name>.debug_info</name>
         <load_address>0x71ba</load_address>
         <run_address>0x71ba</run_address>
         <size>0xa8e</size>
         <input_file_ref idref="fl-1c"/>
      </object_component>
      <object_component id="oc-31">
         <name>.debug_info</name>
         <load_address>0x7c48</load_address>
         <run_address>0x7c48</run_address>
         <size>0x1b6</size>
         <input_file_ref idref="fl-1d"/>
      </object_component>
      <object_component id="oc-26">
         <name>.debug_info</name>
         <load_address>0x7dfe</load_address>
         <run_address>0x7dfe</run_address>
         <size>0x134</size>
         <input_file_ref idref="fl-144"/>
      </object_component>
      <object_component id="oc-49">
         <name>.debug_info</name>
         <load_address>0x7f32</load_address>
         <run_address>0x7f32</run_address>
         <size>0x121</size>
         <input_file_ref idref="fl-145"/>
      </object_component>
      <object_component id="oc-14">
         <name>.debug_info</name>
         <load_address>0x8053</load_address>
         <run_address>0x8053</run_address>
         <size>0x1c0</size>
         <input_file_ref idref="fl-145"/>
      </object_component>
      <object_component id="oc-44">
         <name>.debug_info</name>
         <load_address>0x8213</load_address>
         <run_address>0x8213</run_address>
         <size>0x46</size>
         <input_file_ref idref="fl-145"/>
      </object_component>
      <object_component id="oc-a1">
         <name>.debug_info</name>
         <load_address>0x8259</load_address>
         <run_address>0x8259</run_address>
         <size>0x2c</size>
         <input_file_ref idref="fl-145"/>
      </object_component>
      <object_component id="oc-51">
         <name>.debug_info</name>
         <load_address>0x8285</load_address>
         <run_address>0x8285</run_address>
         <size>0x115</size>
         <input_file_ref idref="fl-146"/>
      </object_component>
      <object_component id="oc-4c">
         <name>.debug_info</name>
         <load_address>0x839a</load_address>
         <run_address>0x839a</run_address>
         <size>0x228</size>
         <input_file_ref idref="fl-146"/>
      </object_component>
      <object_component id="oc-1c">
         <name>.debug_info</name>
         <load_address>0x85c2</load_address>
         <run_address>0x85c2</run_address>
         <size>0x192</size>
         <input_file_ref idref="fl-146"/>
      </object_component>
      <object_component id="oc-52">
         <name>.debug_info</name>
         <load_address>0x8754</load_address>
         <run_address>0x8754</run_address>
         <size>0x39</size>
         <input_file_ref idref="fl-146"/>
      </object_component>
      <object_component id="oc-62">
         <name>.debug_info</name>
         <load_address>0x878d</load_address>
         <run_address>0x878d</run_address>
         <size>0x110</size>
         <input_file_ref idref="fl-147"/>
      </object_component>
      <object_component id="oc-1f">
         <name>.debug_info</name>
         <load_address>0x889d</load_address>
         <run_address>0x889d</run_address>
         <size>0x18b</size>
         <input_file_ref idref="fl-147"/>
      </object_component>
      <object_component id="oc-5d">
         <name>.debug_info</name>
         <load_address>0x8a28</load_address>
         <run_address>0x8a28</run_address>
         <size>0x46</size>
         <input_file_ref idref="fl-147"/>
      </object_component>
      <object_component id="oc-cb">
         <name>.debug_info</name>
         <load_address>0x8a6e</load_address>
         <run_address>0x8a6e</run_address>
         <size>0x172</size>
         <input_file_ref idref="fl-148"/>
      </object_component>
      <object_component id="oc-c8">
         <name>.debug_info</name>
         <load_address>0x8be0</load_address>
         <run_address>0x8be0</run_address>
         <size>0x117</size>
         <input_file_ref idref="fl-148"/>
      </object_component>
      <object_component id="oc-77">
         <name>.debug_info</name>
         <load_address>0x8cf7</load_address>
         <run_address>0x8cf7</run_address>
         <size>0x1ee</size>
         <input_file_ref idref="fl-148"/>
      </object_component>
      <object_component id="oc-3f">
         <name>.debug_info</name>
         <load_address>0x8ee5</load_address>
         <run_address>0x8ee5</run_address>
         <size>0xf6</size>
         <input_file_ref idref="fl-14a"/>
      </object_component>
      <object_component id="oc-58">
         <name>.debug_info</name>
         <load_address>0x8fdb</load_address>
         <run_address>0x8fdb</run_address>
         <size>0x124</size>
         <input_file_ref idref="fl-14b"/>
      </object_component>
      <object_component id="oc-66">
         <name>.debug_info</name>
         <load_address>0x90ff</load_address>
         <run_address>0x90ff</run_address>
         <size>0x129</size>
         <input_file_ref idref="fl-14c"/>
      </object_component>
      <object_component id="oc-7c">
         <name>.debug_info</name>
         <load_address>0x9228</load_address>
         <run_address>0x9228</run_address>
         <size>0xea</size>
         <input_file_ref idref="fl-14d"/>
      </object_component>
      <object_component id="oc-121">
         <name>.debug_info</name>
         <load_address>0x9312</load_address>
         <run_address>0x9312</run_address>
         <size>0x105</size>
         <input_file_ref idref="fl-150"/>
      </object_component>
      <object_component id="oc-c5">
         <name>.debug_info</name>
         <load_address>0x9417</load_address>
         <run_address>0x9417</run_address>
         <size>0xf4</size>
         <input_file_ref idref="fl-150"/>
      </object_component>
      <object_component id="oc-11d">
         <name>.debug_info</name>
         <load_address>0x950b</load_address>
         <run_address>0x950b</run_address>
         <size>0x200</size>
         <input_file_ref idref="fl-150"/>
      </object_component>
      <object_component id="oc-c3">
         <name>.debug_info</name>
         <load_address>0x970b</load_address>
         <run_address>0x970b</run_address>
         <size>0x147</size>
         <input_file_ref idref="fl-151"/>
      </object_component>
      <object_component id="oc-72">
         <name>.debug_info</name>
         <load_address>0x9852</load_address>
         <run_address>0x9852</run_address>
         <size>0x148</size>
         <input_file_ref idref="fl-151"/>
      </object_component>
      <object_component id="oc-114">
         <name>.debug_info</name>
         <load_address>0x999a</load_address>
         <run_address>0x999a</run_address>
         <size>0x5e</size>
         <input_file_ref idref="fl-151"/>
      </object_component>
      <object_component id="oc-bb">
         <name>.debug_info</name>
         <load_address>0x99f8</load_address>
         <run_address>0x99f8</run_address>
         <size>0x29e</size>
         <input_file_ref idref="fl-152"/>
      </object_component>
      <object_component id="oc-6d">
         <name>.debug_info</name>
         <load_address>0x9c96</load_address>
         <run_address>0x9c96</run_address>
         <size>0x158</size>
         <input_file_ref idref="fl-152"/>
      </object_component>
      <object_component id="oc-107">
         <name>.debug_info</name>
         <load_address>0x9dee</load_address>
         <run_address>0x9dee</run_address>
         <size>0x39</size>
         <input_file_ref idref="fl-152"/>
      </object_component>
      <object_component id="oc-10c">
         <name>.debug_info</name>
         <load_address>0x9e27</load_address>
         <run_address>0x9e27</run_address>
         <size>0xcd</size>
         <input_file_ref idref="fl-152"/>
      </object_component>
      <object_component id="oc-104">
         <name>.debug_info</name>
         <load_address>0x9ef4</load_address>
         <run_address>0x9ef4</run_address>
         <size>0x1c1</size>
         <input_file_ref idref="fl-153"/>
      </object_component>
      <object_component id="oc-b5">
         <name>.debug_info</name>
         <load_address>0xa0b5</load_address>
         <run_address>0xa0b5</run_address>
         <size>0x164</size>
         <input_file_ref idref="fl-153"/>
      </object_component>
      <object_component id="oc-14e">
         <name>.debug_info</name>
         <load_address>0xa219</load_address>
         <run_address>0xa219</run_address>
         <size>0x2c</size>
         <input_file_ref idref="fl-153"/>
      </object_component>
      <object_component id="oc-18b">
         <name>.debug_info</name>
         <load_address>0xa245</load_address>
         <run_address>0xa245</run_address>
         <size>0xa9</size>
      </object_component>
      <object_component id="oc-14b">
         <name>.debug_line</name>
         <load_address>0x0</load_address>
         <run_address>0x0</run_address>
         <size>0x64</size>
         <input_file_ref idref="fl-2"/>
      </object_component>
      <object_component id="oc-c0">
         <name>.debug_line</name>
         <load_address>0x64</load_address>
         <run_address>0x64</run_address>
         <size>0xad</size>
         <input_file_ref idref="fl-2"/>
      </object_component>
      <object_component id="oc-ed">
         <name>.debug_line</name>
         <load_address>0x111</load_address>
         <run_address>0x111</run_address>
         <size>0x64</size>
         <input_file_ref idref="fl-2"/>
      </object_component>
      <object_component id="oc-97">
         <name>.debug_line</name>
         <load_address>0x175</load_address>
         <run_address>0x175</run_address>
         <size>0x20</size>
         <input_file_ref idref="fl-2"/>
      </object_component>
      <object_component id="oc-92">
         <name>.debug_line</name>
         <load_address>0x195</load_address>
         <run_address>0x195</run_address>
         <size>0x68</size>
         <input_file_ref idref="fl-2"/>
      </object_component>
      <object_component id="oc-9e">
         <name>.debug_line</name>
         <load_address>0x1fd</load_address>
         <run_address>0x1fd</run_address>
         <size>0x60</size>
         <input_file_ref idref="fl-2"/>
      </object_component>
      <object_component id="oc-f2">
         <name>.debug_line</name>
         <load_address>0x25d</load_address>
         <run_address>0x25d</run_address>
         <size>0x77</size>
         <input_file_ref idref="fl-2"/>
      </object_component>
      <object_component id="oc-fb">
         <name>.debug_line</name>
         <load_address>0x2d4</load_address>
         <run_address>0x2d4</run_address>
         <size>0x64</size>
         <input_file_ref idref="fl-2"/>
      </object_component>
      <object_component id="oc-9a">
         <name>.debug_line</name>
         <load_address>0x338</load_address>
         <run_address>0x338</run_address>
         <size>0x34</size>
         <input_file_ref idref="fl-3"/>
      </object_component>
      <object_component id="oc-3c">
         <name>.debug_line</name>
         <load_address>0x36c</load_address>
         <run_address>0x36c</run_address>
         <size>0x34</size>
         <input_file_ref idref="fl-3"/>
      </object_component>
      <object_component id="oc-2e">
         <name>.debug_line</name>
         <load_address>0x3a0</load_address>
         <run_address>0x3a0</run_address>
         <size>0x94</size>
         <input_file_ref idref="fl-3"/>
      </object_component>
      <object_component id="oc-101">
         <name>.debug_line</name>
         <load_address>0x434</load_address>
         <run_address>0x434</run_address>
         <size>0x20</size>
         <input_file_ref idref="fl-4"/>
      </object_component>
      <object_component id="oc-ae">
         <name>.debug_line</name>
         <load_address>0x454</load_address>
         <run_address>0x454</run_address>
         <size>0x60</size>
         <input_file_ref idref="fl-4"/>
      </object_component>
      <object_component id="oc-157">
         <name>.debug_line</name>
         <load_address>0x4b4</load_address>
         <run_address>0x4b4</run_address>
         <size>0x20</size>
         <input_file_ref idref="fl-17"/>
      </object_component>
      <object_component id="oc-d7">
         <name>.debug_line</name>
         <load_address>0x4d4</load_address>
         <run_address>0x4d4</run_address>
         <size>0x10d</size>
         <input_file_ref idref="fl-17"/>
      </object_component>
      <object_component id="oc-136">
         <name>.debug_line</name>
         <load_address>0x5e1</load_address>
         <run_address>0x5e1</run_address>
         <size>0x60</size>
         <input_file_ref idref="fl-17"/>
      </object_component>
      <object_component id="oc-128">
         <name>.debug_line</name>
         <load_address>0x641</load_address>
         <run_address>0x641</run_address>
         <size>0x180</size>
         <input_file_ref idref="fl-19"/>
      </object_component>
      <object_component id="oc-d0">
         <name>.debug_line</name>
         <load_address>0x7c1</load_address>
         <run_address>0x7c1</run_address>
         <size>0x5d</size>
         <input_file_ref idref="fl-19"/>
      </object_component>
      <object_component id="oc-13b">
         <name>.debug_line</name>
         <load_address>0x81e</load_address>
         <run_address>0x81e</run_address>
         <size>0x5d</size>
         <input_file_ref idref="fl-19"/>
      </object_component>
      <object_component id="oc-87">
         <name>.debug_line</name>
         <load_address>0x87b</load_address>
         <run_address>0x87b</run_address>
         <size>0x8dd</size>
         <input_file_ref idref="fl-19"/>
      </object_component>
      <object_component id="oc-12c">
         <name>.debug_line</name>
         <load_address>0x1158</load_address>
         <run_address>0x1158</run_address>
         <size>0x66</size>
         <input_file_ref idref="fl-19"/>
      </object_component>
      <object_component id="oc-131">
         <name>.debug_line</name>
         <load_address>0x11be</load_address>
         <run_address>0x11be</run_address>
         <size>0x5d</size>
         <input_file_ref idref="fl-19"/>
      </object_component>
      <object_component id="oc-15d">
         <name>.debug_line</name>
         <load_address>0x121b</load_address>
         <run_address>0x121b</run_address>
         <size>0xb3</size>
         <input_file_ref idref="fl-1b"/>
      </object_component>
      <object_component id="oc-164">
         <name>.debug_line</name>
         <load_address>0x12ce</load_address>
         <run_address>0x12ce</run_address>
         <size>0x6f</size>
         <input_file_ref idref="fl-1b"/>
      </object_component>
      <object_component id="oc-15b">
         <name>.debug_line</name>
         <load_address>0x133d</load_address>
         <run_address>0x133d</run_address>
         <size>0x6f</size>
         <input_file_ref idref="fl-1b"/>
      </object_component>
      <object_component id="oc-159">
         <name>.debug_line</name>
         <load_address>0x13ac</load_address>
         <run_address>0x13ac</run_address>
         <size>0x6f</size>
         <input_file_ref idref="fl-1b"/>
      </object_component>
      <object_component id="oc-e5">
         <name>.debug_line</name>
         <load_address>0x141b</load_address>
         <run_address>0x141b</run_address>
         <size>0x142</size>
         <input_file_ref idref="fl-1b"/>
      </object_component>
      <object_component id="oc-161">
         <name>.debug_line</name>
         <load_address>0x155d</load_address>
         <run_address>0x155d</run_address>
         <size>0x6f</size>
         <input_file_ref idref="fl-1b"/>
      </object_component>
      <object_component id="oc-f7">
         <name>.debug_line</name>
         <load_address>0x15cc</load_address>
         <run_address>0x15cc</run_address>
         <size>0x10d</size>
         <input_file_ref idref="fl-1c"/>
      </object_component>
      <object_component id="oc-f5">
         <name>.debug_line</name>
         <load_address>0x16d9</load_address>
         <run_address>0x16d9</run_address>
         <size>0x72</size>
         <input_file_ref idref="fl-1c"/>
      </object_component>
      <object_component id="oc-39">
         <name>.debug_line</name>
         <load_address>0x174b</load_address>
         <run_address>0x174b</run_address>
         <size>0x187</size>
         <input_file_ref idref="fl-1c"/>
      </object_component>
      <object_component id="oc-34">
         <name>.debug_line</name>
         <load_address>0x18d2</load_address>
         <run_address>0x18d2</run_address>
         <size>0xb6</size>
         <input_file_ref idref="fl-1d"/>
      </object_component>
      <object_component id="oc-25">
         <name>.debug_line</name>
         <load_address>0x1988</load_address>
         <run_address>0x1988</run_address>
         <size>0x52</size>
         <input_file_ref idref="fl-144"/>
      </object_component>
      <object_component id="oc-a7">
         <name>.debug_line</name>
         <load_address>0x19da</load_address>
         <run_address>0x19da</run_address>
         <size>0x80</size>
         <input_file_ref idref="fl-145"/>
      </object_component>
      <object_component id="oc-17">
         <name>.debug_line</name>
         <load_address>0x1a5a</load_address>
         <run_address>0x1a5a</run_address>
         <size>0x55</size>
         <input_file_ref idref="fl-145"/>
      </object_component>
      <object_component id="oc-47">
         <name>.debug_line</name>
         <load_address>0x1aaf</load_address>
         <run_address>0x1aaf</run_address>
         <size>0x3a</size>
         <input_file_ref idref="fl-145"/>
      </object_component>
      <object_component id="oc-a4">
         <name>.debug_line</name>
         <load_address>0x1ae9</load_address>
         <run_address>0x1ae9</run_address>
         <size>0x80</size>
         <input_file_ref idref="fl-145"/>
      </object_component>
      <object_component id="oc-aa">
         <name>.debug_line</name>
         <load_address>0x1b69</load_address>
         <run_address>0x1b69</run_address>
         <size>0x80</size>
         <input_file_ref idref="fl-146"/>
      </object_component>
      <object_component id="oc-4f">
         <name>.debug_line</name>
         <load_address>0x1be9</load_address>
         <run_address>0x1be9</run_address>
         <size>0x98</size>
         <input_file_ref idref="fl-146"/>
      </object_component>
      <object_component id="oc-1a">
         <name>.debug_line</name>
         <load_address>0x1c81</load_address>
         <run_address>0x1c81</run_address>
         <size>0x4b</size>
         <input_file_ref idref="fl-146"/>
      </object_component>
      <object_component id="oc-55">
         <name>.debug_line</name>
         <load_address>0x1ccc</load_address>
         <run_address>0x1ccc</run_address>
         <size>0x39</size>
         <input_file_ref idref="fl-146"/>
      </object_component>
      <object_component id="oc-b2">
         <name>.debug_line</name>
         <load_address>0x1d05</load_address>
         <run_address>0x1d05</run_address>
         <size>0x80</size>
         <input_file_ref idref="fl-147"/>
      </object_component>
      <object_component id="oc-22">
         <name>.debug_line</name>
         <load_address>0x1d85</load_address>
         <run_address>0x1d85</run_address>
         <size>0x4f</size>
         <input_file_ref idref="fl-147"/>
      </object_component>
      <object_component id="oc-60">
         <name>.debug_line</name>
         <load_address>0x1dd4</load_address>
         <run_address>0x1dd4</run_address>
         <size>0x34</size>
         <input_file_ref idref="fl-147"/>
      </object_component>
      <object_component id="oc-126">
         <name>.debug_line</name>
         <load_address>0x1e08</load_address>
         <run_address>0x1e08</run_address>
         <size>0x7f</size>
         <input_file_ref idref="fl-148"/>
      </object_component>
      <object_component id="oc-124">
         <name>.debug_line</name>
         <load_address>0x1e87</load_address>
         <run_address>0x1e87</run_address>
         <size>0x2a</size>
         <input_file_ref idref="fl-148"/>
      </object_component>
      <object_component id="oc-7a">
         <name>.debug_line</name>
         <load_address>0x1eb1</load_address>
         <run_address>0x1eb1</run_address>
         <size>0x7a</size>
         <input_file_ref idref="fl-148"/>
      </object_component>
      <object_component id="oc-42">
         <name>.debug_line</name>
         <load_address>0x1f2b</load_address>
         <run_address>0x1f2b</run_address>
         <size>0x88</size>
         <input_file_ref idref="fl-14a"/>
      </object_component>
      <object_component id="oc-5b">
         <name>.debug_line</name>
         <load_address>0x1fb3</load_address>
         <run_address>0x1fb3</run_address>
         <size>0x79</size>
         <input_file_ref idref="fl-14b"/>
      </object_component>
      <object_component id="oc-65">
         <name>.debug_line</name>
         <load_address>0x202c</load_address>
         <run_address>0x202c</run_address>
         <size>0x40</size>
         <input_file_ref idref="fl-14c"/>
      </object_component>
      <object_component id="oc-ce">
         <name>.debug_line</name>
         <load_address>0x206c</load_address>
         <run_address>0x206c</run_address>
         <size>0x33</size>
         <input_file_ref idref="fl-14d"/>
      </object_component>
      <object_component id="oc-155">
         <name>.debug_line</name>
         <load_address>0x209f</load_address>
         <run_address>0x209f</run_address>
         <size>0x20</size>
         <input_file_ref idref="fl-150"/>
      </object_component>
      <object_component id="oc-120">
         <name>.debug_line</name>
         <load_address>0x20bf</load_address>
         <run_address>0x20bf</run_address>
         <size>0x2b</size>
         <input_file_ref idref="fl-150"/>
      </object_component>
      <object_component id="oc-11c">
         <name>.debug_line</name>
         <load_address>0x20ea</load_address>
         <run_address>0x20ea</run_address>
         <size>0x68</size>
         <input_file_ref idref="fl-150"/>
      </object_component>
      <object_component id="oc-113">
         <name>.debug_line</name>
         <load_address>0x2152</load_address>
         <run_address>0x2152</run_address>
         <size>0x2b</size>
         <input_file_ref idref="fl-151"/>
      </object_component>
      <object_component id="oc-71">
         <name>.debug_line</name>
         <load_address>0x217d</load_address>
         <run_address>0x217d</run_address>
         <size>0x50</size>
         <input_file_ref idref="fl-151"/>
      </object_component>
      <object_component id="oc-117">
         <name>.debug_line</name>
         <load_address>0x21cd</load_address>
         <run_address>0x21cd</run_address>
         <size>0x2b</size>
         <input_file_ref idref="fl-151"/>
      </object_component>
      <object_component id="oc-106">
         <name>.debug_line</name>
         <load_address>0x21f8</load_address>
         <run_address>0x21f8</run_address>
         <size>0x8f</size>
         <input_file_ref idref="fl-152"/>
      </object_component>
      <object_component id="oc-6c">
         <name>.debug_line</name>
         <load_address>0x2287</load_address>
         <run_address>0x2287</run_address>
         <size>0x79</size>
         <input_file_ref idref="fl-152"/>
      </object_component>
      <object_component id="oc-10a">
         <name>.debug_line</name>
         <load_address>0x2300</load_address>
         <run_address>0x2300</run_address>
         <size>0x2e</size>
         <input_file_ref idref="fl-152"/>
      </object_component>
      <object_component id="oc-10f">
         <name>.debug_line</name>
         <load_address>0x232e</load_address>
         <run_address>0x232e</run_address>
         <size>0x81</size>
         <input_file_ref idref="fl-152"/>
      </object_component>
      <object_component id="oc-14d">
         <name>.debug_line</name>
         <load_address>0x23af</load_address>
         <run_address>0x23af</run_address>
         <size>0x8e</size>
         <input_file_ref idref="fl-153"/>
      </object_component>
      <object_component id="oc-b8">
         <name>.debug_line</name>
         <load_address>0x243d</load_address>
         <run_address>0x243d</run_address>
         <size>0x68</size>
         <input_file_ref idref="fl-153"/>
      </object_component>
      <object_component id="oc-151">
         <name>.debug_line</name>
         <load_address>0x24a5</load_address>
         <run_address>0x24a5</run_address>
         <size>0x2e</size>
         <input_file_ref idref="fl-153"/>
      </object_component>
      <object_component id="oc-c1">
         <name>.debug_frame</name>
         <load_address>0x0</load_address>
         <run_address>0x0</run_address>
         <size>0xd6</size>
         <input_file_ref idref="fl-2"/>
      </object_component>
      <object_component id="oc-2f">
         <name>.debug_frame</name>
         <load_address>0xd6</load_address>
         <run_address>0xd6</run_address>
         <size>0xb2</size>
         <input_file_ref idref="fl-3"/>
      </object_component>
      <object_component id="oc-d8">
         <name>.debug_frame</name>
         <load_address>0x188</load_address>
         <run_address>0x188</run_address>
         <size>0xe1</size>
         <input_file_ref idref="fl-17"/>
      </object_component>
      <object_component id="oc-88">
         <name>.debug_frame</name>
         <load_address>0x269</load_address>
         <run_address>0x269</run_address>
         <size>0x47b</size>
         <input_file_ref idref="fl-19"/>
      </object_component>
      <object_component id="oc-e6">
         <name>.debug_frame</name>
         <load_address>0x6e4</load_address>
         <run_address>0x6e4</run_address>
         <size>0xe0</size>
         <input_file_ref idref="fl-1b"/>
      </object_component>
      <object_component id="oc-3a">
         <name>.debug_frame</name>
         <load_address>0x7c4</load_address>
         <run_address>0x7c4</run_address>
         <size>0x129</size>
         <input_file_ref idref="fl-1c"/>
      </object_component>
      <object_component id="oc-16">
         <name>.debug_frame</name>
         <load_address>0x8ed</load_address>
         <run_address>0x8ed</run_address>
         <size>0x7f</size>
         <input_file_ref idref="fl-145"/>
      </object_component>
      <object_component id="oc-4e">
         <name>.debug_frame</name>
         <load_address>0x96c</load_address>
         <run_address>0x96c</run_address>
         <size>0x8e</size>
         <input_file_ref idref="fl-146"/>
      </object_component>
      <object_component id="oc-1b">
         <name>.debug_frame</name>
         <load_address>0x9fa</load_address>
         <run_address>0x9fa</run_address>
         <size>0x7f</size>
         <input_file_ref idref="fl-146"/>
      </object_component>
      <object_component id="oc-23">
         <name>.debug_frame</name>
         <load_address>0xa79</load_address>
         <run_address>0xa79</run_address>
         <size>0x7f</size>
         <input_file_ref idref="fl-147"/>
      </object_component>
      <object_component id="oc-76">
         <name>.debug_frame</name>
         <load_address>0xaf8</load_address>
         <run_address>0xaf8</run_address>
         <size>0xb3</size>
         <input_file_ref idref="fl-148"/>
      </object_component>
      <object_component id="oc-68">
         <name>.debug_frame</name>
         <load_address>0xbab</load_address>
         <run_address>0xbab</run_address>
         <size>0x7f</size>
         <input_file_ref idref="fl-14c"/>
      </object_component>
      <object_component id="oc-11b">
         <name>.debug_frame</name>
         <load_address>0xc2a</load_address>
         <run_address>0xc2a</run_address>
         <size>0xa1</size>
         <input_file_ref idref="fl-150"/>
      </object_component>
      <object_component id="oc-70">
         <name>.debug_frame</name>
         <load_address>0xccb</load_address>
         <run_address>0xccb</run_address>
         <size>0x7f</size>
         <input_file_ref idref="fl-151"/>
      </object_component>
      <object_component id="oc-6b">
         <name>.debug_frame</name>
         <load_address>0xd4a</load_address>
         <run_address>0xd4a</run_address>
         <size>0x8a</size>
         <input_file_ref idref="fl-152"/>
      </object_component>
      <object_component id="oc-b9">
         <name>.debug_frame</name>
         <load_address>0xdd4</load_address>
         <run_address>0xdd4</run_address>
         <size>0x8e</size>
         <input_file_ref idref="fl-153"/>
      </object_component>
      <object_component id="oc-14a">
         <name>.debug_abbrev</name>
         <load_address>0x0</load_address>
         <run_address>0x0</run_address>
         <size>0xab</size>
         <input_file_ref idref="fl-2"/>
      </object_component>
      <object_component id="oc-111">
         <name>.debug_abbrev</name>
         <load_address>0xab</load_address>
         <run_address>0xab</run_address>
         <size>0xb8</size>
         <input_file_ref idref="fl-2"/>
      </object_component>
      <object_component id="oc-ec">
         <name>.debug_abbrev</name>
         <load_address>0x163</load_address>
         <run_address>0x163</run_address>
         <size>0x90</size>
         <input_file_ref idref="fl-2"/>
      </object_component>
      <object_component id="oc-96">
         <name>.debug_abbrev</name>
         <load_address>0x1f3</load_address>
         <run_address>0x1f3</run_address>
         <size>0x1f</size>
         <input_file_ref idref="fl-2"/>
      </object_component>
      <object_component id="oc-91">
         <name>.debug_abbrev</name>
         <load_address>0x212</load_address>
         <run_address>0x212</run_address>
         <size>0x24</size>
         <input_file_ref idref="fl-2"/>
      </object_component>
      <object_component id="oc-9d">
         <name>.debug_abbrev</name>
         <load_address>0x236</load_address>
         <run_address>0x236</run_address>
         <size>0x35</size>
         <input_file_ref idref="fl-2"/>
      </object_component>
      <object_component id="oc-f1">
         <name>.debug_abbrev</name>
         <load_address>0x26b</load_address>
         <run_address>0x26b</run_address>
         <size>0x24</size>
         <input_file_ref idref="fl-2"/>
      </object_component>
      <object_component id="oc-fa">
         <name>.debug_abbrev</name>
         <load_address>0x28f</load_address>
         <run_address>0x28f</run_address>
         <size>0x61</size>
         <input_file_ref idref="fl-2"/>
      </object_component>
      <object_component id="oc-99">
         <name>.debug_abbrev</name>
         <load_address>0x2f0</load_address>
         <run_address>0x2f0</run_address>
         <size>0x71</size>
         <input_file_ref idref="fl-3"/>
      </object_component>
      <object_component id="oc-3b">
         <name>.debug_abbrev</name>
         <load_address>0x361</load_address>
         <run_address>0x361</run_address>
         <size>0x29</size>
         <input_file_ref idref="fl-3"/>
      </object_component>
      <object_component id="oc-7f">
         <name>.debug_abbrev</name>
         <load_address>0x38a</load_address>
         <run_address>0x38a</run_address>
         <size>0x79</size>
         <input_file_ref idref="fl-3"/>
      </object_component>
      <object_component id="oc-100">
         <name>.debug_abbrev</name>
         <load_address>0x403</load_address>
         <run_address>0x403</run_address>
         <size>0x1f</size>
         <input_file_ref idref="fl-4"/>
      </object_component>
      <object_component id="oc-ad">
         <name>.debug_abbrev</name>
         <load_address>0x422</load_address>
         <run_address>0x422</run_address>
         <size>0x24</size>
         <input_file_ref idref="fl-4"/>
      </object_component>
      <object_component id="oc-156">
         <name>.debug_abbrev</name>
         <load_address>0x446</load_address>
         <run_address>0x446</run_address>
         <size>0x55</size>
         <input_file_ref idref="fl-17"/>
      </object_component>
      <object_component id="oc-138">
         <name>.debug_abbrev</name>
         <load_address>0x49b</load_address>
         <run_address>0x49b</run_address>
         <size>0x9b</size>
         <input_file_ref idref="fl-17"/>
      </object_component>
      <object_component id="oc-135">
         <name>.debug_abbrev</name>
         <load_address>0x536</load_address>
         <run_address>0x536</run_address>
         <size>0x5a</size>
         <input_file_ref idref="fl-17"/>
      </object_component>
      <object_component id="oc-127">
         <name>.debug_abbrev</name>
         <load_address>0x590</load_address>
         <run_address>0x590</run_address>
         <size>0x14f</size>
         <input_file_ref idref="fl-19"/>
      </object_component>
      <object_component id="oc-cf">
         <name>.debug_abbrev</name>
         <load_address>0x6df</load_address>
         <run_address>0x6df</run_address>
         <size>0x3d</size>
         <input_file_ref idref="fl-19"/>
      </object_component>
      <object_component id="oc-13a">
         <name>.debug_abbrev</name>
         <load_address>0x71c</load_address>
         <run_address>0x71c</run_address>
         <size>0x27</size>
         <input_file_ref idref="fl-19"/>
      </object_component>
      <object_component id="oc-e9">
         <name>.debug_abbrev</name>
         <load_address>0x743</load_address>
         <run_address>0x743</run_address>
         <size>0x10c</size>
         <input_file_ref idref="fl-19"/>
      </object_component>
      <object_component id="oc-12b">
         <name>.debug_abbrev</name>
         <load_address>0x84f</load_address>
         <run_address>0x84f</run_address>
         <size>0x24</size>
         <input_file_ref idref="fl-19"/>
      </object_component>
      <object_component id="oc-130">
         <name>.debug_abbrev</name>
         <load_address>0x873</load_address>
         <run_address>0x873</run_address>
         <size>0x5c</size>
         <input_file_ref idref="fl-19"/>
      </object_component>
      <object_component id="oc-15c">
         <name>.debug_abbrev</name>
         <load_address>0x8cf</load_address>
         <run_address>0x8cf</run_address>
         <size>0xbb</size>
         <input_file_ref idref="fl-1b"/>
      </object_component>
      <object_component id="oc-163">
         <name>.debug_abbrev</name>
         <load_address>0x98a</load_address>
         <run_address>0x98a</run_address>
         <size>0x27</size>
         <input_file_ref idref="fl-1b"/>
      </object_component>
      <object_component id="oc-15a">
         <name>.debug_abbrev</name>
         <load_address>0x9b1</load_address>
         <run_address>0x9b1</run_address>
         <size>0x27</size>
         <input_file_ref idref="fl-1b"/>
      </object_component>
      <object_component id="oc-158">
         <name>.debug_abbrev</name>
         <load_address>0x9d8</load_address>
         <run_address>0x9d8</run_address>
         <size>0x27</size>
         <input_file_ref idref="fl-1b"/>
      </object_component>
      <object_component id="oc-149">
         <name>.debug_abbrev</name>
         <load_address>0x9ff</load_address>
         <run_address>0x9ff</run_address>
         <size>0x13b</size>
         <input_file_ref idref="fl-1b"/>
      </object_component>
      <object_component id="oc-160">
         <name>.debug_abbrev</name>
         <load_address>0xb3a</load_address>
         <run_address>0xb3a</run_address>
         <size>0x5c</size>
         <input_file_ref idref="fl-1b"/>
      </object_component>
      <object_component id="oc-f6">
         <name>.debug_abbrev</name>
         <load_address>0xb96</load_address>
         <run_address>0xb96</run_address>
         <size>0x8c</size>
         <input_file_ref idref="fl-1c"/>
      </object_component>
      <object_component id="oc-f4">
         <name>.debug_abbrev</name>
         <load_address>0xc22</load_address>
         <run_address>0xc22</run_address>
         <size>0x27</size>
         <input_file_ref idref="fl-1c"/>
      </object_component>
      <object_component id="oc-8d">
         <name>.debug_abbrev</name>
         <load_address>0xc49</load_address>
         <run_address>0xc49</run_address>
         <size>0xd4</size>
         <input_file_ref idref="fl-1c"/>
      </object_component>
      <object_component id="oc-89">
         <name>.debug_abbrev</name>
         <load_address>0xd1d</load_address>
         <run_address>0xd1d</run_address>
         <size>0x43</size>
         <input_file_ref idref="fl-1d"/>
      </object_component>
      <object_component id="oc-7e">
         <name>.debug_abbrev</name>
         <load_address>0xd60</load_address>
         <run_address>0xd60</run_address>
         <size>0x3e</size>
         <input_file_ref idref="fl-144"/>
      </object_component>
      <object_component id="oc-a6">
         <name>.debug_abbrev</name>
         <load_address>0xd9e</load_address>
         <run_address>0xd9e</run_address>
         <size>0x52</size>
         <input_file_ref idref="fl-145"/>
      </object_component>
      <object_component id="oc-43">
         <name>.debug_abbrev</name>
         <load_address>0xdf0</load_address>
         <run_address>0xdf0</run_address>
         <size>0x74</size>
         <input_file_ref idref="fl-145"/>
      </object_component>
      <object_component id="oc-46">
         <name>.debug_abbrev</name>
         <load_address>0xe64</load_address>
         <run_address>0xe64</run_address>
         <size>0x24</size>
         <input_file_ref idref="fl-145"/>
      </object_component>
      <object_component id="oc-a3">
         <name>.debug_abbrev</name>
         <load_address>0xe88</load_address>
         <run_address>0xe88</run_address>
         <size>0x24</size>
         <input_file_ref idref="fl-145"/>
      </object_component>
      <object_component id="oc-a9">
         <name>.debug_abbrev</name>
         <load_address>0xeac</load_address>
         <run_address>0xeac</run_address>
         <size>0x52</size>
         <input_file_ref idref="fl-146"/>
      </object_component>
      <object_component id="oc-a8">
         <name>.debug_abbrev</name>
         <load_address>0xefe</load_address>
         <run_address>0xefe</run_address>
         <size>0x7b</size>
         <input_file_ref idref="fl-146"/>
      </object_component>
      <object_component id="oc-50">
         <name>.debug_abbrev</name>
         <load_address>0xf79</load_address>
         <run_address>0xf79</run_address>
         <size>0x66</size>
         <input_file_ref idref="fl-146"/>
      </object_component>
      <object_component id="oc-54">
         <name>.debug_abbrev</name>
         <load_address>0xfdf</load_address>
         <run_address>0xfdf</run_address>
         <size>0x24</size>
         <input_file_ref idref="fl-146"/>
      </object_component>
      <object_component id="oc-b1">
         <name>.debug_abbrev</name>
         <load_address>0x1003</load_address>
         <run_address>0x1003</run_address>
         <size>0x52</size>
         <input_file_ref idref="fl-147"/>
      </object_component>
      <object_component id="oc-5c">
         <name>.debug_abbrev</name>
         <load_address>0x1055</load_address>
         <run_address>0x1055</run_address>
         <size>0x74</size>
         <input_file_ref idref="fl-147"/>
      </object_component>
      <object_component id="oc-5f">
         <name>.debug_abbrev</name>
         <load_address>0x10c9</load_address>
         <run_address>0x10c9</run_address>
         <size>0x24</size>
         <input_file_ref idref="fl-147"/>
      </object_component>
      <object_component id="oc-125">
         <name>.debug_abbrev</name>
         <load_address>0x10ed</load_address>
         <run_address>0x10ed</run_address>
         <size>0x6b</size>
         <input_file_ref idref="fl-148"/>
      </object_component>
      <object_component id="oc-123">
         <name>.debug_abbrev</name>
         <load_address>0x1158</load_address>
         <run_address>0x1158</run_address>
         <size>0x29</size>
         <input_file_ref idref="fl-148"/>
      </object_component>
      <object_component id="oc-ca">
         <name>.debug_abbrev</name>
         <load_address>0x1181</load_address>
         <run_address>0x1181</run_address>
         <size>0xba</size>
         <input_file_ref idref="fl-148"/>
      </object_component>
      <object_component id="oc-a0">
         <name>.debug_abbrev</name>
         <load_address>0x123b</load_address>
         <run_address>0x123b</run_address>
         <size>0x3e</size>
         <input_file_ref idref="fl-14a"/>
      </object_component>
      <object_component id="oc-b0">
         <name>.debug_abbrev</name>
         <load_address>0x1279</load_address>
         <run_address>0x1279</run_address>
         <size>0x4f</size>
         <input_file_ref idref="fl-14b"/>
      </object_component>
      <object_component id="oc-b3">
         <name>.debug_abbrev</name>
         <load_address>0x12c8</load_address>
         <run_address>0x12c8</run_address>
         <size>0x55</size>
         <input_file_ref idref="fl-14c"/>
      </object_component>
      <object_component id="oc-cd">
         <name>.debug_abbrev</name>
         <load_address>0x131d</load_address>
         <run_address>0x131d</run_address>
         <size>0x27</size>
         <input_file_ref idref="fl-14d"/>
      </object_component>
      <object_component id="oc-154">
         <name>.debug_abbrev</name>
         <load_address>0x1344</load_address>
         <run_address>0x1344</run_address>
         <size>0x45</size>
         <input_file_ref idref="fl-150"/>
      </object_component>
      <object_component id="oc-11f">
         <name>.debug_abbrev</name>
         <load_address>0x1389</load_address>
         <run_address>0x1389</run_address>
         <size>0x29</size>
         <input_file_ref idref="fl-150"/>
      </object_component>
      <object_component id="oc-153">
         <name>.debug_abbrev</name>
         <load_address>0x13b2</load_address>
         <run_address>0x13b2</run_address>
         <size>0x6f</size>
         <input_file_ref idref="fl-150"/>
      </object_component>
      <object_component id="oc-112">
         <name>.debug_abbrev</name>
         <load_address>0x1421</load_address>
         <run_address>0x1421</run_address>
         <size>0x8e</size>
         <input_file_ref idref="fl-151"/>
      </object_component>
      <object_component id="oc-c2">
         <name>.debug_abbrev</name>
         <load_address>0x14af</load_address>
         <run_address>0x14af</run_address>
         <size>0x68</size>
         <input_file_ref idref="fl-151"/>
      </object_component>
      <object_component id="oc-116">
         <name>.debug_abbrev</name>
         <load_address>0x1517</load_address>
         <run_address>0x1517</run_address>
         <size>0x49</size>
         <input_file_ref idref="fl-151"/>
      </object_component>
      <object_component id="oc-105">
         <name>.debug_abbrev</name>
         <load_address>0x1560</load_address>
         <run_address>0x1560</run_address>
         <size>0x9a</size>
         <input_file_ref idref="fl-152"/>
      </object_component>
      <object_component id="oc-ba">
         <name>.debug_abbrev</name>
         <load_address>0x15fa</load_address>
         <run_address>0x15fa</run_address>
         <size>0x7e</size>
         <input_file_ref idref="fl-152"/>
      </object_component>
      <object_component id="oc-109">
         <name>.debug_abbrev</name>
         <load_address>0x1678</load_address>
         <run_address>0x1678</run_address>
         <size>0x24</size>
         <input_file_ref idref="fl-152"/>
      </object_component>
      <object_component id="oc-10e">
         <name>.debug_abbrev</name>
         <load_address>0x169c</load_address>
         <run_address>0x169c</run_address>
         <size>0x4b</size>
         <input_file_ref idref="fl-152"/>
      </object_component>
      <object_component id="oc-14c">
         <name>.debug_abbrev</name>
         <load_address>0x16e7</load_address>
         <run_address>0x16e7</run_address>
         <size>0x9c</size>
         <input_file_ref idref="fl-153"/>
      </object_component>
      <object_component id="oc-103">
         <name>.debug_abbrev</name>
         <load_address>0x1783</load_address>
         <run_address>0x1783</run_address>
         <size>0x8c</size>
         <input_file_ref idref="fl-153"/>
      </object_component>
      <object_component id="oc-150">
         <name>.debug_abbrev</name>
         <load_address>0x180f</load_address>
         <run_address>0x180f</run_address>
         <size>0x24</size>
         <input_file_ref idref="fl-153"/>
      </object_component>
      <object_component id="oc-18c">
         <name>.debug_abbrev</name>
         <load_address>0x1833</load_address>
         <run_address>0x1833</run_address>
         <size>0xf</size>
      </object_component>
      <object_component id="oc-ee">
         <name>.debug_str</name>
         <load_address>0x0</load_address>
         <run_address>0x0</run_address>
         <size>0x2dc</size>
         <input_file_ref idref="fl-2"/>
      </object_component>
      <object_component id="oc-98">
         <name>.debug_str</name>
         <load_address>0x2dc</load_address>
         <run_address>0x2dc</run_address>
         <size>0xf5</size>
         <input_file_ref idref="fl-2"/>
      </object_component>
      <object_component id="oc-93">
         <name>.debug_str</name>
         <load_address>0x3d1</load_address>
         <run_address>0x3d1</run_address>
         <size>0xe7</size>
         <input_file_ref idref="fl-2"/>
      </object_component>
      <object_component id="oc-9f">
         <name>.debug_str</name>
         <load_address>0x4b8</load_address>
         <run_address>0x4b8</run_address>
         <size>0x217</size>
         <input_file_ref idref="fl-2"/>
      </object_component>
      <object_component id="oc-f3">
         <name>.debug_str</name>
         <load_address>0x6cf</load_address>
         <run_address>0x6cf</run_address>
         <size>0xf7</size>
         <input_file_ref idref="fl-2"/>
      </object_component>
      <object_component id="oc-fc">
         <name>.debug_str</name>
         <load_address>0x7c6</load_address>
         <run_address>0x7c6</run_address>
         <size>0x168</size>
         <input_file_ref idref="fl-2"/>
      </object_component>
      <object_component id="oc-102">
         <name>.debug_str</name>
         <load_address>0x92e</load_address>
         <run_address>0x92e</run_address>
         <size>0xf5</size>
         <input_file_ref idref="fl-4"/>
      </object_component>
      <object_component id="oc-af">
         <name>.debug_str</name>
         <load_address>0xa23</load_address>
         <run_address>0xa23</run_address>
         <size>0xda</size>
         <input_file_ref idref="fl-4"/>
      </object_component>
      <object_component id="oc-137">
         <name>.debug_str</name>
         <load_address>0xafd</load_address>
         <run_address>0xafd</run_address>
         <size>0x11e</size>
         <input_file_ref idref="fl-17"/>
      </object_component>
      <object_component id="oc-12d">
         <name>.debug_str</name>
         <load_address>0xc1b</load_address>
         <run_address>0xc1b</run_address>
         <size>0xf8</size>
         <input_file_ref idref="fl-19"/>
      </object_component>
      <object_component id="oc-132">
         <name>.debug_str</name>
         <load_address>0xd13</load_address>
         <run_address>0xd13</run_address>
         <size>0x170</size>
         <input_file_ref idref="fl-19"/>
      </object_component>
      <object_component id="oc-162">
         <name>.debug_str</name>
         <load_address>0xe83</load_address>
         <run_address>0xe83</run_address>
         <size>0x127</size>
         <input_file_ref idref="fl-1b"/>
      </object_component>
      <object_component id="oc-48">
         <name>.debug_str</name>
         <load_address>0xfaa</load_address>
         <run_address>0xfaa</run_address>
         <size>0xe1</size>
         <input_file_ref idref="fl-145"/>
      </object_component>
      <object_component id="oc-a5">
         <name>.debug_str</name>
         <load_address>0x108b</load_address>
         <run_address>0x108b</run_address>
         <size>0x104</size>
         <input_file_ref idref="fl-145"/>
      </object_component>
      <object_component id="oc-56">
         <name>.debug_str</name>
         <load_address>0x118f</load_address>
         <run_address>0x118f</run_address>
         <size>0xd3</size>
         <input_file_ref idref="fl-146"/>
      </object_component>
      <object_component id="oc-61">
         <name>.debug_str</name>
         <load_address>0x1262</load_address>
         <run_address>0x1262</run_address>
         <size>0xdb</size>
         <input_file_ref idref="fl-147"/>
      </object_component>
      <object_component id="oc-118">
         <name>.debug_str</name>
         <load_address>0x133d</load_address>
         <run_address>0x133d</run_address>
         <size>0xb7</size>
         <input_file_ref idref="fl-151"/>
      </object_component>
      <object_component id="oc-10b">
[...]
            <logical_group_ref idref="lg-a"/>
         </contents>
      </load_segment>
   </logical_group_list>
   <placement_map>
      <memory_area display="yes" color="green">
         <name>FLASH</name>
         <page_id>0x0</page_id>
         <origin>0x0</origin>
         <length>0x40000</length>
         <used_space>0x1b32</used_space>
         <unused_space>0x3e4ce</unused_space>
         <attributes>RX</attributes>
         <usage_details>
            <allocated_space>
               <start_address>0x0</start_address>
               <size>0x26c</size>
               <logical_group_ref idref="lg-3"/>
            </allocated_space>
            <allocated_space>
               <start_address>0x26c</start_address>
               <size>0x187c</size>
               <logical_group_ref idref="lg-4"/>
            </allocated_space>
            <allocated_space>
               <start_address>0x1ae8</start_address>
               <size>0x2</size>
               <logical_group_ref idref="lg-5"/>
            </allocated_space>
            <available_space>
               <start_address>0x1aea</start_address>
               <size>0x6</size>
            </available_space>
            <allocated_space>
               <start_address>0x1af0</start_address>
               <size>0x48</size>
               <logical_group_ref idref="lg-6"/>
            </allocated_space>
            <available_space>
               <start_address>0x1b38</start_address>
               <size>0x3e4c8</size>
            </available_space>
         </usage_details>
      </memory_area>
      <memory_area display="yes" color="green">
         <name>SRAM</name>
         <page_id>0x0</page_id>
         <origin>0x20000000</origin>
         <length>0x8000</length>
         <used_space>0x793c</used_space>
         <unused_space>0x6c4</unused_space>
         <attributes>RWX</attributes>
         <usage_details>
            <allocated_space>
               <start_address>0x20000000</start_address>
               <size>0x76ec</size>
               <logical_group_ref idref="lg-165"/>
            </allocated_space>
            <allocated_space>
               <start_address>0x200076ec</start_address>
               <size>0x200</size>
               <logical_group_ref idref="lg-d"/>
            </allocated_space>
            <allocated_space>
               <start_address>0x200078ec</start_address>
               <size>0x50</size>
               <logical_group_ref idref="lg-167"/>
            </allocated_space>
            <available_space>
               <start_address>0x2000793c</start_address>
               <size>0x6c4</size>
            </available_space>
         </usage_details>
      </memory_area>
   </placement_map>
   <cptbl_list>
      <cptbl>
         <name>__TI_cinit_table</name>
         <cprec>
            <name>.data</name>
            <load_address>0x1af0</load_address>
            <load_size>0x20</load_size>
            <run_address>0x200078ec</run_address>
            <run_size>0x50</run_size>
            <compression>rle</compression>
         </cprec>
         <cprec>
            <name>.bss</name>
            <load_address>0x1b20</load_address>
            <load_size>0x8</load_size>
            <run_address>0x20000000</run_address>
            <run_size>0x76ec</run_size>
            <compression>zero_init</compression>
         </cprec>
      </cptbl>
   </cptbl_list>
   <handler_table>
      <handler_table_name>__TI_handler_table</handler_table_name>
      <handler>
         <index>0x0</index>
         <name>__TI_decompress_rle24</name>
      </handler>
      <handler>
         <index>0x1</index>
         <name>__TI_decompress_none</name>
      </handler>
      <handler>
         <index>0x2</index>
         <name>__TI_zero_init</name>
      </handler>
   </handler_table>
   <symbol_table>
      <symbol id="sm-1">
         <name>__STACK_TOP</name>
         <value>0x200078ec</value>
      </symbol>
      <symbol id="sm-2">
         <name>__TI_CINIT_Base</name>
         <value>0x1b28</value>
      </symbol>
      <symbol id="sm-3">
         <name>__TI_CINIT_Limit</name>
         <value>0x1b38</value>
      </symbol>
      <symbol id="sm-4">
         <name>__TI_Handler_Table_Base</name>
         <value>0x1b10</value>
      </symbol>
      <symbol id="sm-5">
         <name>__TI_Handler_Table_Limit</name>
         <value>0x1b1c</value>
      </symbol>
      <symbol id="sm-6">
         <name>binit</name>
         <value>0xffffffff</value>
      </symbol>
      <symbol id="sm-7">
         <name>__binit__</name>
         <value>0xffffffff</value>
      </symbol>
      <symbol id="sm-8">
         <name>__STACK_SIZE</name>
         <value>0x200</value>
      </symbol>
      <symbol id="sm-9">
         <name>__STACK_END</name>
         <value>0x200078ec</value>
      </symbol>
      <symbol id="sm-a">
         <name>__c_args__</name>
         <value>0xffffffff</value>
      </symbol>
      <symbol id="sm-5b">
         <name>ConfigClock</name>
         <value>0x152b</value>
         <object_component_ref idref="oc-bc"/>
      </symbol>
      <symbol id="sm-5c">
         <name>ConfigBotonesYLeds</name>
         <value>0x153b</value>
         <object_component_ref idref="oc-bc"/>
      </symbol>
      <symbol id="sm-5d">
         <name>main</name>
         <value>0x15a5</value>
         <object_component_ref idref="oc-bc"/>
      </symbol>
      <symbol id="sm-5e">
         <name>tarea_uno</name>
         <value>0x14ed</value>
         <object_component_ref idref="oc-bc"/>
      </symbol>
      <symbol id="sm-7a">
         <name>ResetISR</name>
         <value>0x1ad3</value>
         <object_component_ref idref="oc-2a"/>
      </symbol>
      <symbol id="sm-7b">
         <name>g_pfnVectors</name>
         <value>0x0</value>
         <object_component_ref idref="oc-f"/>
      </symbol>
      <symbol id="sm-b3">
         <name>uxListRemove</name>
         <value>0x14a3</value>
         <object_component_ref idref="oc-d3"/>
      </symbol>
      <symbol id="sm-b4">
         <name>vListInsert</name>
         <value>0x143d</value>
         <object_component_ref idref="oc-d3"/>
      </symbol>
      <symbol id="sm-b5">
         <name>vListInitialiseItem</name>
         <value>0x13f1</value>
         <object_component_ref idref="oc-d3"/>
      </symbol>
      <symbol id="sm-b6">
         <name>vListInsertEnd</name>
         <value>0x1401</value>
         <object_component_ref idref="oc-d3"/>
      </symbol>
      <symbol id="sm-b7">
         <name>vListInitialise</name>
         <value>0x13c1</value>
         <object_component_ref idref="oc-d3"/>
      </symbol>
      <symbol id="sm-209">
         <name>vTaskDelay</name>
         <value>0x461</value>
         <object_component_ref idref="oc-83"/>
      </symbol>
      <symbol id="sm-20a">
         <name>vTaskSuspendAll</name>
         <value>0x7db</value>
         <object_component_ref idref="oc-83"/>
      </symbol>
      <symbol id="sm-20b">
         <name>vTaskPriorityInherit</name>
         <value>0x10ed</value>
         <object_component_ref idref="oc-83"/>
      </symbol>
      <symbol id="sm-20c">
         <name>vTaskPlaceOnEventList</name>
         <value>0xba1</value>
         <object_component_ref idref="oc-83"/>
      </symbol>
      <symbol id="sm-20d">
         <name>vTaskSetTaskNumber</name>
         <value>0xd3b</value>
         <object_component_ref idref="oc-83"/>
      </symbol>
      <symbol id="sm-20e">
         <name>xTaskCheckForTimeOut</name>
         <value>0xc99</value>
         <object_component_ref idref="oc-83"/>
      </symbol>
      <symbol id="sm-20f">
         <name>vTaskPrioritySet</name>
         <value>0x4cd</value>
         <object_component_ref idref="oc-83"/>
      </symbol>
      <symbol id="sm-210">
         <name>vTaskStartScheduler</name>
         <value>0x783</value>
         <object_component_ref idref="oc-83"/>
      </symbol>
      <symbol id="sm-211">
         <name>uxTaskGetStackHighWaterMark</name>
         <value>0x1071</value>
         <object_component_ref idref="oc-83"/>
      </symbol>
      <symbol id="sm-212">
         <name>vTaskPriorityDisinherit</name>
         <value>0x1189</value>
         <object_component_ref idref="oc-83"/>
      </symbol>
      <symbol id="sm-213">
         <name>vTaskDelayUntil</name>
         <value>0x3db</value>
         <object_component_ref idref="oc-83"/>
      </symbol>
      <symbol id="sm-214">
         <name>uxTaskGetTaskNumber</name>
         <value>0xd1b</value>
         <object_component_ref idref="oc-83"/>
      </symbol>
      <symbol id="sm-215">
         <name>vTaskEndScheduler</name>
         <value>0x7c9</value>
         <object_component_ref idref="oc-83"/>
      </symbol>
      <symbol id="sm-216">
         <name>vTaskMissedYield</name>
         <value>0xd13</value>
         <object_component_ref idref="oc-83"/>
      </symbol>
      <symbol id="sm-217">
         <name>uxTaskGetNumberOfTasks</name>
         <value>0x8f5</value>
         <object_component_ref idref="oc-83"/>
      </symbol>
      <symbol id="sm-218">
         <name>uxTaskPriorityGet</name>
         <value>0x49b</value>
         <object_component_ref idref="oc-83"/>
      </symbol>
      <symbol id="sm-219">
         <name>xTaskResumeAll</name>
         <value>0x7ed</value>
         <object_component_ref idref="oc-83"/>
      </symbol>
      <symbol id="sm-21a">
         <name>xTaskGetTickCount</name>
         <value>0x8c9</value>
         <object_component_ref idref="oc-83"/>
      </symbol>
      <symbol id="sm-21b">
         <name>xTaskGenericCreate</name>
         <value>0x26d</value>
         <object_component_ref idref="oc-83"/>
      </symbol>
      <symbol id="sm-21c">
         <name>uxTaskGetSystemState</name>
         <value>0x901</value>
         <object_component_ref idref="oc-83"/>
      </symbol>
      <symbol id="sm-21d">
         <name>vTaskDelete</name>
         <value>0x37b</value>
         <object_component_ref idref="oc-83"/>
      </symbol>
      <symbol id="sm-21e">
         <name>pxCurrentTCB</name>
         <value>0x200078ec</value>
         <object_component_ref idref="oc-80"/>
      </symbol>
      <symbol id="sm-21f">
         <name>vTaskSuspend</name>
         <value>0x5dd</value>
         <object_component_ref idref="oc-83"/>
      </symbol>
      <symbol id="sm-220">
         <name>xTaskGetTickCountFromISR</name>
         <value>0x8dd</value>
         <object_component_ref idref="oc-83"/>
      </symbol>
      <symbol id="sm-221">
         <name>vTaskResume</name>
         <value>0x691</value>
         <object_component_ref idref="oc-83"/>
      </symbol>
      <symbol id="sm-222">
         <name>vTaskSetTimeOutState</name>
         <value>0xc75</value>
         <object_component_ref idref="oc-83"/>
      </symbol>
      <symbol id="sm-223">
         <name>xTaskIncrementTick</name>
         <value>0x9dd</value>
         <object_component_ref idref="oc-83"/>
      </symbol>
      <symbol id="sm-224">
         <name>vTaskSwitchContext</name>
         <value>0xb29</value>
         <object_component_ref idref="oc-83"/>
      </symbol>
      <symbol id="sm-225">
         <name>xTaskResumeFromISR</name>
         <value>0x701</value>
         <object_component_ref idref="oc-83"/>
      </symbol>
      <symbol id="sm-226">
         <name>xTaskGetCurrentTaskHandle</name>
         <value>0x10b5</value>
         <object_component_ref idref="oc-83"/>
      </symbol>
      <symbol id="sm-227">
         <name>xTaskRemoveFromEventList</name>
         <value>0xbf5</value>
         <object_component_ref idref="oc-83"/>
      </symbol>
      <symbol id="sm-228">
         <name>xTaskIsTaskSuspended</name>
         <value>0x64d</value>
         <object_component_ref idref="oc-83"/>
      </symbol>
      <symbol id="sm-26e">
         <name>vPortInitialiseBlocks</name>
         <value>0x1363</value>
         <object_component_ref idref="oc-e1"/>
      </symbol>
      <symbol id="sm-26f">
         <name>xPortGetFreeHeapSize</name>
         <value>0x135d</value>
         <object_component_ref idref="oc-e1"/>
      </symbol>
      <symbol id="sm-270">
         <name>pvPortMalloc</name>
         <value>0x11f5</value>
         <object_component_ref idref="oc-e1"/>
      </symbol>
      <symbol id="sm-271">
         <name>vPortFree</name>
         <value>0x12fb</value>
         <object_component_ref idref="oc-e1"/>
      </symbol>
      <symbol id="sm-298">
         <name>vPortEndScheduler</name>
         <value>0x1699</value>
         <object_component_ref idref="oc-35"/>
      </symbol>
      <symbol id="sm-299">
         <name>vPortYield</name>
         <value>0x16a5</value>
         <object_component_ref idref="oc-35"/>
      </symbol>
      <symbol id="sm-29a">
         <name>xPortSysTickHandler</name>
         <value>0x16d5</value>
         <object_component_ref idref="oc-35"/>
      </symbol>
      <symbol id="sm-29b">
         <name>vPortYieldFromISR</name>
         <value>0x169b</value>
         <object_component_ref idref="oc-35"/>
      </symbol>
      <symbol id="sm-29c">
         <name>pxPortInitialiseStack</name>
         <value>0x160d</value>
         <object_component_ref idref="oc-35"/>
      </symbol>
      <symbol id="sm-29d">
         <name>vPortExitCritical</name>
         <value>0x16bf</value>
         <object_component_ref idref="oc-35"/>
      </symbol>
      <symbol id="sm-29e">
         <name>xPortStartScheduler</name>
         <value>0x1663</value>
         <object_component_ref idref="oc-35"/>
      </symbol>
      <symbol id="sm-29f">
         <name>vPortEnterCritical</name>
         <value>0x16af</value>
         <object_component_ref idref="oc-35"/>
      </symbol>
      <symbol id="sm-2ac">
         <name>vPortStartFirstTask</name>
         <value>0x1799</value>
         <object_component_ref idref="oc-30"/>
      </symbol>
      <symbol id="sm-2ad">
         <name>vPortEnableVFP</name>
         <value>0x17ad</value>
         <object_component_ref idref="oc-30"/>
      </symbol>
      <symbol id="sm-2ae">
         <name>xPortPendSVHandler</name>
         <value>0x171d</value>
         <object_component_ref idref="oc-30"/>
      </symbol>
      <symbol id="sm-2af">
         <name>vPortClearInterruptMask</name>
         <value>0x1775</value>
         <object_component_ref idref="oc-30"/>
      </symbol>
      <symbol id="sm-2b0">
         <name>vPortSetInterruptMask</name>
         <value>0x176b</value>
         <object_component_ref idref="oc-30"/>
      </symbol>
      <symbol id="sm-2b1">
         <name>vPortSVCHandler</name>
         <value>0x177f</value>
         <object_component_ref idref="oc-30"/>
      </symbol>
      <symbol id="sm-2c3">
         <name>_c_int00</name>
         <value>0x19ad</value>
         <object_component_ref idref="oc-24"/>
      </symbol>
      <symbol id="sm-2c4">
         <name>__stack</name>
         <value>0x200076ec</value>
         <object_component_ref idref="oc-29"/>
      </symbol>
      <symbol id="sm-2db">
         <name>__TI_decompress_none</name>
         <value>0x1ab9</value>
         <object_component_ref idref="oc-12"/>
      </symbol>
      <symbol id="sm-2fe">
         <name>__TI_decompress_rle24</name>
         <value>0x1adf</value>
         <object_component_ref idref="oc-18"/>
      </symbol>
      <symbol id="sm-310">
         <name>__TI_zero_init</name>
         <value>0x1ac7</value>
         <object_component_ref idref="oc-1e"/>
      </symbol>
      <symbol id="sm-32f">
         <name>C$$EXIT</name>
         <value>0x1a49</value>
         <object_component_ref idref="oc-75"/>
      </symbol>
      <symbol id="sm-330">
         <name>abort</name>
         <value>0x1a4d</value>
         <object_component_ref idref="oc-75"/>
      </symbol>
      <symbol id="sm-331">
         <name>exit</name>
         <value>0x1a55</value>
         <object_component_ref idref="oc-75"/>
      </symbol>
      <symbol id="sm-332">
         <name>__TI_dtors_ptr</name>
         <value>0x20007930</value>
         <object_component_ref idref="oc-c7"/>
      </symbol>
      <symbol id="sm-333">
         <name>__TI_cleanup_ptr</name>
         <value>0x2000792c</value>
         <object_component_ref idref="oc-c7"/>
      </symbol>
      <symbol id="sm-351">
         <name>memcpy</name>
         <value>0x17bf</value>
         <object_component_ref idref="oc-3e"/>
      </symbol>
      <symbol id="sm-352">
         <name>__aeabi_memcpy</name>
         <value>0x17bf</value>
         <object_component_ref idref="oc-3e"/>
      </symbol>
      <symbol id="sm-353">
         <name>__aeabi_memcpy8</name>
         <value>0x17bf</value>
         <object_component_ref idref="oc-3e"/>
      </symbol>
      <symbol id="sm-354">
         <name>__aeabi_memcpy4</name>
         <value>0x17bf</value>
         <object_component_ref idref="oc-3e"/>
      </symbol>
      <symbol id="sm-363">
         <name>__aeabi_memset</name>
         <value>0x185d</value>
         <object_component_ref idref="oc-57"/>
      </symbol>
      <symbol id="sm-364">
         <name>memset</name>
         <value>0x1863</value>
         <object_component_ref idref="oc-57"/>
      </symbol>
      <symbol id="sm-365">
         <name>__aeabi_memset8</name>
         <value>0x185d</value>
         <object_component_ref idref="oc-57"/>
      </symbol>
      <symbol id="sm-366">
         <name>__aeabi_memset4</name>
         <value>0x185d</value>
         <object_component_ref idref="oc-57"/>
      </symbol>
      <symbol id="sm-367">
         <name>__aeabi_memclr8</name>
         <value>0x185b</value>
         <object_component_ref idref="oc-57"/>
      </symbol>
      <symbol id="sm-368">
         <name>__aeabi_memclr4</name>
         <value>0x185b</value>
         <object_component_ref idref="oc-57"/>
      </symbol>
      <symbol id="sm-369">
         <name>__aeabi_memclr</name>
         <value>0x185b</value>
         <object_component_ref idref="oc-57"/>
      </symbol>
      <symbol id="sm-373">
         <name>_system_pre_init</name>
         <value>0x1ae5</value>
         <object_component_ref idref="oc-63"/>
      </symbol>
      <symbol id="sm-37b">
         <name>main_func_sp</name>
         <value>0x20007938</value>
         <object_component_ref idref="oc-7b"/>
      </symbol>
      <symbol id="sm-399">
         <name>_nop</name>
         <value>0x1ab3</value>
         <object_component_ref idref="oc-119"/>
      </symbol>
      <symbol id="sm-39a">
         <name>_lock</name>
         <value>0x20007924</value>
         <object_component_ref idref="oc-c4"/>
      </symbol>
      <symbol id="sm-39b">
         <name>_unlock</name>
         <value>0x20007928</value>
         <object_component_ref idref="oc-c4"/>
      </symbol>
      <symbol id="sm-39c">
         <name>_register_lock</name>
         <value>0x1aab</value>
         <object_component_ref idref="oc-119"/>
      </symbol>
      <symbol id="sm-39d">
         <name>_register_unlock</name>
         <value>0x1aa5</value>
         <object_component_ref idref="oc-119"/>
      </symbol>
      <symbol id="sm-3b2">
         <name>_args_main</name>
         <value>0x1a8d</value>
         <object_component_ref idref="oc-6f"/>
      </symbol>
      <symbol id="sm-3d8">
         <name>__TI_auto_init</name>
         <value>0x18d5</value>
         <object_component_ref idref="oc-69"/>
      </symbol>
      <symbol id="sm-3f2">
         <name>copy_in</name>
         <value>0x19fd</value>
         <object_component_ref idref="oc-b4"/>
      </symbol>
      <symbol id="sm-3fe">
         <name>__TI_static_base__</name>
         <value>0x0</value>
      </symbol>
      <symbol id="sm-401">
         <name>SHT$$INIT_ARRAY$$Limit</name>
         <value>0x0</value>
      </symbol>
      <symbol id="sm-402">
         <name>SHT$$INIT_ARRAY$$Base</name>
         <value>0x0</value>
      </symbol>
   </symbol_table>
   <title>Link successful</title>
</link_info>
