******************************************************************************
                  TI ARM Linker PC v5.2.6                      
******************************************************************************
>> Linked Thu Dec 10 17:02:19 2015

OUTPUT FILE NAME:   <freertos_proj_2task_COLAS.out>
ENTRY POINT SYMBOL: "_c_int00"  address: 00003201


MEMORY CONFIGURATION

         name            origin    length      used     unused   attr    fill
----------------------  --------  ---------  --------  --------  ----  --------
  FLASH                 00000000   00040000  000035d8  0003ca28  R  X
  SRAM                  20000000   00008000  00007c04  000003fc  RW X


SEGMENT ALLOCATION MAP

run origin  load origin   length   init length attrs members
----------  ----------- ---------- ----------- ----- -------
00000000    00000000    000035d8   000035d8    r-x
  00000000    00000000    0000026c   0000026c    r-- .intvecs
  0000026c    0000026c    00003150   00003150    r-x .text
  000033bc    000033bc    000001c4   000001c4    r-- .const
  00003580    00003580    00000058   00000058    r-- .cinit
20000000    20000000    00007c04   00000000    rw-
  20000000    20000000    0000026c   00000000    rw- .vtable
  2000026c    2000026c    0000773c   00000000    rw- .bss
  200079a8    200079a8    00000200   00000000    rw- .stack
  20007ba8    20007ba8    0000005c   00000000    rw- .data


SECTION ALLOCATION MAP

 output                                  attributes/
section   page    origin      length       input sections
--------  ----  ----------  ----------   ----------------
.intvecs   0    00000000    0000026c     
                  00000000    0000026c     startup_ccs.obj (.intvecs)

.text      0    0000026c    00003150     
                  0000026c    00000f88     tasks.obj (.text)
                  000011f4    00000878     queue.obj (.text)
                  00001a6c    00000622     driverlib.lib : uart.obj (.text)
                  0000208e    00000002     rtsv7M4_T_le_v4SPD16_eabi.lib : i_div0.obj (.text)
                  00002090    000004dc     uartstdio.obj (.text)
                  0000256c    000003c0     driverlib.lib : interrupt.obj (.text)
                  0000292c    0000023c     main.obj (.text)
                  00002b68    000001cc     heap_2.obj (.text)
                  00002d34    0000012a     list.obj (.text)
                  00002e5e    00000002     --HOLE-- [fill = 0]
                  00002e60    0000010c     port.obj (.text)
                  00002f6c    000000a6     portasm.obj (.text)
                  00003012    0000009c     rtsv7M4_T_le_v4SPD16_eabi.lib : memcpy_t2.obj (.text)
                  000030ae    0000007a                                   : memset_t2.obj (.text)
                  00003128    0000006c                                   : autoinit.obj (.text)
                  00003194    0000006a                                   : copy_decompress_rle.obj (.text)
                  000031fe    00000002     --HOLE-- [fill = 0]
                  00003200    00000050                                   : boot.obj (.text)
                  00003250    0000004c                                   : cpy_tbl.obj (.text)
                  0000329c    00000044                                   : exit.obj (.text)
                  000032e0    00000040                                   : u_divt2.obj (.text)
                  00003320    0000003e     driverlib.lib : cpu.obj (.text)
                  0000335e    00000002     --HOLE-- [fill = 0]
                  00003360    00000018     rtsv7M4_T_le_v4SPD16_eabi.lib : args_main.obj (.text)
                  00003378    00000014                                   : _lock.obj (.text)
                  0000338c    0000000e                                   : copy_decompress_none.obj (.text:decompress:none)
                  0000339a    0000000c                                   : copy_zero_init.obj (.text:decompress:ZI)
                  000033a6    0000000c     startup_ccs.obj (.text)
                  000033b2    00000006     rtsv7M4_T_le_v4SPD16_eabi.lib : copy_decompress_rle.obj (.text:decompress:rle24)
                  000033b8    00000004                                   : pre_init.obj (.text)

.const     0    000033bc    000001c4     
                  000033bc    0000009c     driverlib.lib : interrupt.obj (.const:g_pui32Regs)
                  00003458    00000070                   : interrupt.obj (.const)
                  000034c8    00000040                   : uart.obj (.const:g_ppui32UARTIntMap)
                  00003508    00000040                   : uart.obj (.const:g_ppui32UARTIntMapSnowflake)
                  00003548    0000001c     uartstdio.obj (.const)
                  00003564    00000012     uartstdio.obj (.const:.string)
                  00003576    00000002     heap_2.obj (.const)
                  00003578    00000008     driverlib.lib : uart.obj (.const)

.cinit     0    00003580    00000058     
                  00003580    00000020     (.cinit..data.load) [load image, compression = rle]
                  000035a0    0000000c     (__TI_handler_table)
                  000035ac    00000004     --HOLE-- [fill = 0]
                  000035b0    00000008     (.cinit..bss.load) [load image, compression = zero_init]
                  000035b8    00000008     (.cinit..vtable.load) [load image, compression = zero_init]
                  000035c0    00000018     (__TI_cinit_table)

.init_array 
*          0    00000000    00000000     UNINITIALIZED

.vtable    0    20000000    0000026c     UNINITIALIZED
                  20000000    0000026c     driverlib.lib : interrupt.obj (.vtable)

.bss       0    2000026c    0000773c     UNINITIALIZED
                  2000026c    00007530     heap_2.obj (.bss:ucHeap)
                  2000779c    00000140     tasks.obj (.bss:pxReadyTasksLists)
                  200078dc    00000050     queue.obj (.bss:xQueueRegistry)
                  2000792c    00000014     (.common:xDelayedTaskList1)
                  20007940    00000014     (.common:xDelayedTaskList2)
                  20007954    00000014     (.common:xPendingReadyList)
                  20007968    00000014     (.common:xSuspendedTaskList)
                  2000797c    00000014     (.common:xTasksWaitingTermination)
                  20007990    00000008     (.common:xEnd)
                  20007998    00000008     (.common:xStart)
                  200079a0    00000004     (.common:pxDelayedTaskList)
                  200079a4    00000004     (.common:pxOverflowDelayedTaskList)

.TI.noinit 
*          0    2000026c    00000000     UNINITIALIZED

.stack     0    200079a8    00000200     UNINITIALIZED
                  200079a8    00000200     --HOLE--

.data      0    20007ba8    0000005c     UNINITIALIZED
                  20007ba8    00000030     tasks.obj (.data)
                  20007bd8    00000008     heap_2.obj (.data)
                  20007be0    00000008     rtsv7M4_T_le_v4SPD16_eabi.lib : _lock.obj (.data)
                  20007be8    00000008                                   : exit.obj (.data)
                  20007bf0    00000005     uartstdio.obj (.data)
                  20007bf5    00000003     --HOLE--
                  20007bf8    00000004     main.obj (.data)
                  20007bfc    00000004     port.obj (.data)
                  20007c00    00000004     rtsv7M4_T_le_v4SPD16_eabi.lib : stkdepth_vars.obj (.data)

.TI.persistent 
*          0    20007ba8    00000000     UNINITIALIZED


LINKER GENERATED COPY TABLES

__TI_cinit_table @ 000035c0 records: 3, size/record: 8, table size: 24
	.data: load addr=00003580, load size=00000020 bytes, run addr=20007ba8, run size=0000005c bytes, compression=rle
	.bss: load addr=000035b0, load size=00000008 bytes, run addr=2000026c, run size=0000773c bytes, compression=zero_init
	.vtable: load addr=000035b8, load size=00000008 bytes, run addr=20000000, run size=0000026c bytes, compression=zero_init


LINKER GENERATED HANDLER TABLE

__TI_handler_table @ 000035a0 records: 3, size/record: 4, table size: 12
	index: 0, handler: __TI_zero_init
	index: 1, handler: __TI_decompress_rle24
	index: 2, handler: __TI_decompress_none


GLOBAL SYMBOLS: SORTED ALPHABETICALLY BY Name 

address   name                         
-------   ----                         
0000329d  C$$EXIT                      
00003355  CPUbasepriGet                
00003347  CPUbasepriSet                
00003321  CPUcpsid                     
00003337  CPUcpsie                     
0000332d  CPUprimask                   
00003343  CPUwfi                       
00002a11  ConfigBotonesYLeds           
000029a7  ConfigClock                  
000029b7  ConfigUART                   
0000272d  IntDisable                   
000026bb  IntEnable                    
0000279f  IntIsEnabled                 
0000257f  IntMasterDisable             
0000256f  IntMasterEnable              
00002895  IntPendClear                 
00002825  IntPendSet                   
00002697  IntPriorityGet               
0000260f  IntPriorityGroupingGet       
000025f5  IntPriorityGroupingSet       
000028ef  IntPriorityMaskGet           
000028e3  IntPriorityMaskSet           
00002647  IntPrioritySet               
0000258f  IntRegister                  
000028f7  IntTrigger                   
000025e1  IntUnregister                
000033a7  ResetISR                     
UNDEFED   SHT$$INIT_ARRAY$$Base        
UNDEFED   SHT$$INIT_ARRAY$$Limit       
00002047  UART9BitAddrSend             
00002021  UART9BitAddrSet              
0000200b  UART9BitDisable              
00001ff5  UART9BitEnable               
00001e9b  UARTBreakCtl                 
00001ec5  UARTBusy                     
00001e43  UARTCharGet                  
00001e27  UARTCharGetNonBlocking       
00001e7d  UARTCharPut                  
00001e59  UARTCharPutNonBlocking       
00001deb  UARTCharsAvail               
00001fe5  UARTClockSourceGet           
00001fd1  UARTClockSourceSet           
00001bb3  UARTConfigGetExpClk          
00001b3d  UARTConfigSetExpClk          
00001f97  UARTDMADisable               
00001f7f  UARTDMAEnable                
00001c23  UARTDisable                  
00001ca7  UARTDisableSIR               
00001bff  UARTEnable                   
00001c79  UARTEnableSIR                
00001c63  UARTFIFODisable              
00001c4d  UARTFIFOEnable               
00001b15  UARTFIFOLevelGet             
00001afd  UARTFIFOLevelSet             
00001dab  UARTFlowControlGet           
00001d8f  UARTFlowControlSet           
00001f6d  UARTIntClear                 
00001f37  UARTIntDisable               
00001f1f  UARTIntEnable                
00001ee3  UARTIntRegister              
00001f4f  UARTIntStatus                
00001f05  UARTIntUnregister            
00001d45  UARTModemControlClear        
00001d69  UARTModemControlGet          
00001d05  UARTModemControlSet          
00001d7b  UARTModemStatusGet           
00001aeb  UARTParityModeGet            
00001acf  UARTParityModeSet            
00001fc1  UARTRxErrorClear             
00001faf  UARTRxErrorGet               
00001cef  UARTSmartCardDisable         
00001cbd  UARTSmartCardEnable          
00001e09  UARTSpaceAvail               
00002091  UARTStdioConfig              
00001dd9  UARTTxIntModeGet             
00001dbd  UARTTxIntModeSet             
00002209  UARTgetc                     
00002143  UARTgets                     
00002537  UARTprintf                   
0000223d  UARTvprintf                  
000020f1  UARTwrite                    
20007ba8  __STACK_END                  
00000200  __STACK_SIZE                 
20007ba8  __STACK_TOP                  
000035c0  __TI_CINIT_Base              
000035d8  __TI_CINIT_Limit             
000035a0  __TI_Handler_Table_Base      
000035ac  __TI_Handler_Table_Limit     
00003129  __TI_auto_init               
20007be8  __TI_cleanup_ptr             
0000338d  __TI_decompress_none         
000033b3  __TI_decompress_rle24        
20007bec  __TI_dtors_ptr               
00000000  __TI_static_base__           
0000339b  __TI_zero_init               
0000208f  __aeabi_idiv0                
000030af  __aeabi_memclr               
000030af  __aeabi_memclr4              
000030af  __aeabi_memclr8              
00003013  __aeabi_memcpy               
00003013  __aeabi_memcpy4              
00003013  __aeabi_memcpy8              
000030b1  __aeabi_memset               
000030b1  __aeabi_memset4              
000030b1  __aeabi_memset8              
000032e1  __aeabi_uidiv                
000032e1  __aeabi_uidivmod             
ffffffff  __binit__                    
ffffffff  __c_args__                   
200079a8  __stack                      
00003361  _args_main                   
00003201  _c_int00                     
20007be0  _lock                        
00003387  _nop                         
0000337f  _register_lock               
00003379  _register_unlock             
000033b9  _system_pre_init             
20007be4  _unlock                      
000032a1  abort                        
ffffffff  binit                        
00003251  copy_in                      
000032a9  exit                         
20000000  g_pfnRAMVectors              
00000000  g_pfnVectors                 
00002a7b  main                         
20007c00  main_func_sp                 
00003013  memcpy                       
000030b7  memset                       
00002b69  pvPortMalloc                 
20007ba8  pxCurrentTCB                 
00002e61  pxPortInitialiseStack        
20007bf8  qh                           
0000296d  tarea_rx                     
0000292d  tarea_tx                     
000017c1  ucQueueGetQueueNumber        
000017e9  ucQueueGetQueueType          
00002e17  uxListRemove                 
0000175b  uxQueueMessagesWaiting       
00001791  uxQueueMessagesWaitingFromISR
00001771  uxQueueSpacesAvailable       
000008f5  uxTaskGetNumberOfTasks       
00001071  uxTaskGetStackHighWaterMark  
00000901  uxTaskGetSystemState         
00000d1b  uxTaskGetTaskNumber          
0000049b  uxTaskPriorityGet            
00002d35  vListInitialise              
00002d65  vListInitialiseItem          
00002db1  vListInsert                  
00002d75  vListInsertEnd               
00002fc9  vPortClearInterruptMask      
00003001  vPortEnableVFP               
00002eed  vPortEndScheduler            
00002f03  vPortEnterCritical           
00002f13  vPortExitCritical            
00002c6f  vPortFree                    
00002cd7  vPortInitialiseBlocks        
00002fd3  vPortSVCHandler              
00002fbf  vPortSetInterruptMask        
00002fed  vPortStartFirstTask          
00002ef9  vPortYield                   
00002eef  vPortYieldFromISR            
000019e7  vQueueAddToRegistry          
000017a3  vQueueDelete                 
000017d1  vQueueSetQueueNumber         
00001a29  vQueueUnregisterQueue        
00000461  vTaskDelay                   
000003db  vTaskDelayUntil              
0000037b  vTaskDelete                  
000007c9  vTaskEndScheduler            
00000d13  vTaskMissedYield             
00000ba1  vTaskPlaceOnEventList        
00001189  vTaskPriorityDisinherit      
000010ed  vTaskPriorityInherit         
000004cd  vTaskPrioritySet             
00000691  vTaskResume                  
00000d3b  vTaskSetTaskNumber           
00000c75  vTaskSetTimeOutState         
00000783  vTaskStartScheduler          
000005dd  vTaskSuspend                 
000007db  vTaskSuspendAll              
00000b29  vTaskSwitchContext           
00002cd1  xPortGetFreeHeapSize         
00002f71  xPortPendSVHandler           
00002eb7  xPortStartScheduler          
00002f29  xPortSysTickHandler          
000012f3  xQueueCreateMutex            
00001285  xQueueGenericCreate          
0000155f  xQueueGenericReceive         
000011f5  xQueueGenericReset           
000013ef  xQueueGenericSend            
000014e1  xQueueGenericSendFromISR     
00001369  xQueueGiveMutexRecursive     
00001983  xQueueIsQueueEmptyFromISR    
000019c5  xQueueIsQueueFullFromISR     
00001717  xQueuePeekFromISR            
0000169f  xQueueReceiveFromISR         
200078dc  xQueueRegistry               
000013a5  xQueueTakeMutexRecursive     
00000c99  xTaskCheckForTimeOut         
0000026d  xTaskGenericCreate           
000010b5  xTaskGetCurrentTaskHandle    
000008c9  xTaskGetTickCount            
000008dd  xTaskGetTickCountFromISR     
000009dd  xTaskIncrementTick           
0000064d  xTaskIsTaskSuspended         
00000bf5  xTaskRemoveFromEventList     
000007ed  xTaskResumeAll               
00000701  xTaskResumeFromISR           


GLOBAL SYMBOLS: SORTED BY Symbol Address 

address   name                         
-------   ----                         
00000000  __TI_static_base__           
00000000  g_pfnVectors                 
00000200  __STACK_SIZE                 
0000026d  xTaskGenericCreate           
0000037b  vTaskDelete                  
000003db  vTaskDelayUntil              
00000461  vTaskDelay                   
0000049b  uxTaskPriorityGet            
000004cd  vTaskPrioritySet             
000005dd  vTaskSuspend                 
0000064d  xTaskIsTaskSuspended         
00000691  vTaskResume                  
00000701  xTaskResumeFromISR           
00000783  vTaskStartScheduler          
000007c9  vTaskEndScheduler            
000007db  vTaskSuspendAll              
000007ed  xTaskResumeAll               
000008c9  xTaskGetTickCount            
000008dd  xTaskGetTickCountFromISR     
000008f5  uxTaskGetNumberOfTasks       
00000901  uxTaskGetSystemState         
000009dd  xTaskIncrementTick           
00000b29  vTaskSwitchContext           
00000ba1  vTaskPlaceOnEventList        
00000bf5  xTaskRemoveFromEventList     
00000c75  vTaskSetTimeOutState         
00000c99  xTaskCheckForTimeOut         
00000d13  vTaskMissedYield             
00000d1b  uxTaskGetTaskNumber          
00000d3b  vTaskSetTaskNumber           
00001071  uxTaskGetStackHighWaterMark  
000010b5  xTaskGetCurrentTaskHandle    
000010ed  vTaskPriorityInherit         
00001189  vTaskPriorityDisinherit      
000011f5  xQueueGenericReset           
00001285  xQueueGenericCreate          
000012f3  xQueueCreateMutex            
00001369  xQueueGiveMutexRecursive     
000013a5  xQueueTakeMutexRecursive     
000013ef  xQueueGenericSend            
000014e1  xQueueGenericSendFromISR     
0000155f  xQueueGenericReceive         
0000169f  xQueueReceiveFromISR         
00001717  xQueuePeekFromISR            
0000175b  uxQueueMessagesWaiting       
00001771  uxQueueSpacesAvailable       
00001791  uxQueueMessagesWaitingFromISR
000017a3  vQueueDelete                 
000017c1  ucQueueGetQueueNumber        
000017d1  vQueueSetQueueNumber         
000017e9  ucQueueGetQueueType          
00001983  xQueueIsQueueEmptyFromISR    
000019c5  xQueueIsQueueFullFromISR     
000019e7  vQueueAddToRegistry          
00001a29  vQueueUnregisterQueue        
00001acf  UARTParityModeSet            
00001aeb  UARTParityModeGet            
00001afd  UARTFIFOLevelSet             
00001b15  UARTFIFOLevelGet             
00001b3d  UARTConfigSetExpClk          
00001bb3  UARTConfigGetExpClk          
00001bff  UARTEnable                   
00001c23  UARTDisable                  
00001c4d  UARTFIFOEnable               
00001c63  UARTFIFODisable              
00001c79  UARTEnableSIR                
00001ca7  UARTDisableSIR               
00001cbd  UARTSmartCardEnable          
00001cef  UARTSmartCardDisable         
00001d05  UARTModemControlSet          
00001d45  UARTModemControlClear        
00001d69  UARTModemControlGet          
00001d7b  UARTModemStatusGet           
00001d8f  UARTFlowControlSet           
00001dab  UARTFlowControlGet           
00001dbd  UARTTxIntModeSet             
00001dd9  UARTTxIntModeGet             
00001deb  UARTCharsAvail               
00001e09  UARTSpaceAvail               
00001e27  UARTCharGetNonBlocking       
00001e43  UARTCharGet                  
00001e59  UARTCharPutNonBlocking       
00001e7d  UARTCharPut                  
00001e9b  UARTBreakCtl                 
00001ec5  UARTBusy                     
00001ee3  UARTIntRegister              
00001f05  UARTIntUnregister            
00001f1f  UARTIntEnable                
00001f37  UARTIntDisable               
00001f4f  UARTIntStatus                
00001f6d  UARTIntClear                 
00001f7f  UARTDMAEnable                
00001f97  UARTDMADisable               
00001faf  UARTRxErrorGet               
00001fc1  UARTRxErrorClear             
00001fd1  UARTClockSourceSet           
00001fe5  UARTClockSourceGet           
00001ff5  UART9BitEnable               
0000200b  UART9BitDisable              
00002021  UART9BitAddrSet              
00002047  UART9BitAddrSend             
0000208f  __aeabi_idiv0                
00002091  UARTStdioConfig              
000020f1  UARTwrite                    
00002143  UARTgets                     
00002209  UARTgetc                     
0000223d  UARTvprintf                  
00002537  UARTprintf                   
0000256f  IntMasterEnable              
0000257f  IntMasterDisable             
0000258f  IntRegister                  
000025e1  IntUnregister                
000025f5  IntPriorityGroupingSet       
0000260f  IntPriorityGroupingGet       
00002647  IntPrioritySet               
00002697  IntPriorityGet               
000026bb  IntEnable                    
0000272d  IntDisable                   
0000279f  IntIsEnabled                 
00002825  IntPendSet                   
00002895  IntPendClear                 
000028e3  IntPriorityMaskSet           
000028ef  IntPriorityMaskGet           
000028f7  IntTrigger                   
0000292d  tarea_tx                     
0000296d  tarea_rx                     
000029a7  ConfigClock                  
000029b7  ConfigUART                   
00002a11  ConfigBotonesYLeds           
00002a7b  main                         
00002b69  pvPortMalloc                 
00002c6f  vPortFree                    
00002cd1  xPortGetFreeHeapSize         
00002cd7  vPortInitialiseBlocks        
00002d35  vListInitialise              
00002d65  vListInitialiseItem          
00002d75  vListInsertEnd               
00002db1  vListInsert                  
00002e17  uxListRemove                 
00002e61  pxPortInitialiseStack        
00002eb7  xPortStartScheduler          
00002eed  vPortEndScheduler            
00002eef  vPortYieldFromISR            
00002ef9  vPortYield                   
00002f03  vPortEnterCritical           
00002f13  vPortExitCritical            
00002f29  xPortSysTickHandler          
00002f71  xPortPendSVHandler           
00002fbf  vPortSetInterruptMask        
00002fc9  vPortClearInterruptMask      
00002fd3  vPortSVCHandler              
00002fed  vPortStartFirstTask          
00003001  vPortEnableVFP               
00003013  __aeabi_memcpy               
00003013  __aeabi_memcpy4              
00003013  __aeabi_memcpy8              
00003013  memcpy                       
000030af  __aeabi_memclr               
000030af  __aeabi_memclr4              
000030af  __aeabi_memclr8              
000030b1  __aeabi_memset               
000030b1  __aeabi_memset4              
000030b1  __aeabi_memset8              
000030b7  memset                       
00003129  __TI_auto_init               
00003201  _c_int00                     
00003251  copy_in                      
0000329d  C$$EXIT                      
000032a1  abort                        
000032a9  exit                         
000032e1  __aeabi_uidiv                
000032e1  __aeabi_uidivmod             
00003321  CPUcpsid                     
0000332d  CPUprimask                   
00003337  CPUcpsie                     
00003343  CPUwfi                       
00003347  CPUbasepriSet                
00003355  CPUbasepriGet                
00003361  _args_main                   
00003379  _register_unlock             
0000337f  _register_lock               
00003387  _nop                         
0000338d  __TI_decompress_none         
0000339b  __TI_zero_init               
000033a7  ResetISR                     
000033b3  __TI_decompress_rle24        
000033b9  _system_pre_init             
000035a0  __TI_Handler_Table_Base      
000035ac  __TI_Handler_Table_Limit     
000035c0  __TI_CINIT_Base              
000035d8  __TI_CINIT_Limit             
20000000  g_pfnRAMVectors              
200078dc  xQueueRegistry               
200079a8  __stack                      
20007ba8  __STACK_END                  
20007ba8  __STACK_TOP                  
20007ba8  pxCurrentTCB                 
20007be0  _lock                        
20007be4  _unlock                      
20007be8  __TI_cleanup_ptr             
20007bec  __TI_dtors_ptr               
20007bf8  qh                           
20007c00  main_func_sp                 
ffffffff  __binit__                    
ffffffff  __c_args__                   
ffffffff  binit                        
UNDEFED   SHT$$INIT_ARRAY$$Base        
UNDEFED   SHT$$INIT_ARRAY$$Limit       

[208 symbols]
