******************************************************************************
                  TI ARM Linker Unix v5.1.6                    
******************************************************************************
>> Linked Mon Nov  9 20:14:23 2015

OUTPUT FILE NAME:   <freertos_proj.out>
ENTRY POINT SYMBOL: "_c_int00"  address: 000018b1


MEMORY CONFIGURATION

         name            origin    length      used     unused   attr    fill
----------------------  --------  ---------  --------  --------  ----  --------
  FLASH                 00000000   00040000  00001a2c  0003e5d4  R  X
  SRAM                  20000000   00008000  0000793c  000006c4  RW X


SEGMENT ALLOCATION MAP

run origin  load origin   length   init length attrs members
----------  ----------- ---------- ----------- ----- -------
00000000    00000000    00001a30   00001a30    r-x
  00000000    00000000    0000026c   0000026c    r-- .intvecs
  0000026c    0000026c    00001776   00001776    r-x .text
  000019e2    000019e2    00000002   00000002    r-- .const
  000019e8    000019e8    00000048   00000048    r-- .cinit
20000000    20000000    0000793c   00000000    rw-
  20000000    20000000    000076ec   00000000    rw- .bss
  200076ec    200076ec    00000200   00000000    rw- .stack
  200078ec    200078ec    00000050   00000000    rw- .data


SECTION ALLOCATION MAP

 output                                  attributes/
section   page    origin      length       input sections
--------  ----  ----------  ----------   ----------------
.intvecs   0    00000000    0000026c     
                  00000000    0000026c     startup_ccs.obj (.intvecs)

.init_array 
*          0    00000000    00000000     UNINITIALIZED

.text      0    0000026c    00001776     
                  0000026c    00000f90     tasks.obj (.text)
                  000011fc    000001cc     heap_2.obj (.text)
                  000013c8    0000012a     list.obj (.text)
                  000014f2    00000002     --HOLE-- [fill = 0]
                  000014f4    0000010c     port.obj (.text)
                  00001600    000000a6     portasm.obj (.text)
                  000016a6    0000009c     rtsv7M4_T_le_v4SPD16_eabi.lib : memcpy_t2.obj (.text)
                  00001742    00000002     --HOLE-- [fill = 0]
                  00001744    00000094                                   : auto_init.obj (.text)
                  000017d8    00000078                                   : memset_t2.obj (.text)
                  00001850    0000005e                                   : copy_decompress_rle.obj (.text)
                  000018ae    00000002     --HOLE-- [fill = 0]
                  000018b0    00000048                                   : boot.obj (.text)
                  000018f8    00000044                                   : cpy_tbl.obj (.text)
                  0000193c    00000044                                   : exit.obj (.text)
                  00001980    00000018                                   : args_main.obj (.text)
                  00001998    00000014                                   : _lock.obj (.text)
                  000019ac    00000012                                   : copy_zero_init.obj (.text:decompress:ZI)
                  000019be    0000000e                                   : copy_decompress_none.obj (.text:decompress:none)
                  000019cc    0000000c     startup_ccs.obj (.text)
                  000019d8    00000006     rtsv7M4_T_le_v4SPD16_eabi.lib : copy_decompress_rle.obj (.text:decompress:rle24)
                  000019de    00000004     freertos_proj.obj (.text)

.const     0    000019e2    00000002     
                  000019e2    00000002     heap_2.obj (.const)

.cinit     0    000019e8    00000048     
                  000019e8    00000020     (.cinit..data.load) [load image, compression = rle]
                  00001a08    0000000c     (__TI_handler_table)
                  00001a14    00000004     --HOLE-- [fill = 0]
                  00001a18    00000008     (.cinit..bss.load) [load image, compression = zero_init]
                  00001a20    00000010     (__TI_cinit_table)

.bss       0    20000000    000076ec     UNINITIALIZED
                  20000000    00007530     heap_2.obj (.bss:ucHeap)
                  20007530    00000140     tasks.obj (.bss:pxReadyTasksLists)
                  20007670    00000014     (.common:xDelayedTaskList1)
                  20007684    00000014     (.common:xDelayedTaskList2)
                  20007698    00000014     (.common:xPendingReadyList)
                  200076ac    00000014     (.common:xSuspendedTaskList)
                  200076c0    00000014     (.common:xTasksWaitingTermination)
                  200076d4    00000008     (.common:xEnd)
                  200076dc    00000008     (.common:xStart)
                  200076e4    00000004     (.common:pxDelayedTaskList)
                  200076e8    00000004     (.common:pxOverflowDelayedTaskList)

.stack     0    200076ec    00000200     UNINITIALIZED
                  200076ec    00000200     --HOLE--

.data      0    200078ec    00000050     UNINITIALIZED
                  200078ec    00000030     tasks.obj (.data)
                  2000791c    00000008     heap_2.obj (.data)
                  20007924    00000008     rtsv7M4_T_le_v4SPD16_eabi.lib : _lock.obj (.data)
                  2000792c    00000008                                   : exit.obj (.data)
                  20007934    00000004     port.obj (.data)
                  20007938    00000004     rtsv7M4_T_le_v4SPD16_eabi.lib : stkdepth_vars.obj (.data)


LINKER GENERATED COPY TABLES

__TI_cinit_table @ 00001a20 records: 2, size/record: 8, table size: 16
	.data: load addr=000019e8, load size=00000020 bytes, run addr=200078ec, run size=00000050 bytes, compression=rle
	.bss: load addr=00001a18, load size=00000008 bytes, run addr=20000000, run size=000076ec bytes, compression=zero_init


LINKER GENERATED HANDLER TABLE

__TI_handler_table @ 00001a08 records: 3, size/record: 4, table size: 12
	index: 0, handler: __TI_decompress_rle24
	index: 1, handler: __TI_decompress_none
	index: 2, handler: __TI_zero_init


GLOBAL SYMBOLS: SORTED ALPHABETICALLY BY Name 

address    name
--------   ----
0000193d   C$$EXIT
000019cd   ResetISR
UNDEFED    SHT$$INIT_ARRAY$$Base
UNDEFED    SHT$$INIT_ARRAY$$Limit
200078ec   __STACK_END
00000200   __STACK_SIZE
200078ec   __STACK_TOP
00001a20   __TI_CINIT_Base
00001a30   __TI_CINIT_Limit
00001a08   __TI_Handler_Table_Base
00001a14   __TI_Handler_Table_Limit
00000001   __TI_args_main
00001745   __TI_auto_init
2000792c   __TI_cleanup_ptr
000019bf   __TI_decompress_none
000019d9   __TI_decompress_rle24
20007930   __TI_dtors_ptr
00000000   __TI_static_base__
000019ad   __TI_zero_init
000017d9   __aeabi_memclr
000017d9   __aeabi_memclr4
000017d9   __aeabi_memclr8
000016a7   __aeabi_memcpy
000016a7   __aeabi_memcpy4
000016a7   __aeabi_memcpy8
000017db   __aeabi_memset
000017db   __aeabi_memset4
000017db   __aeabi_memset8
ffffffff   __binit__
ffffffff   __c_args__
200076ec   __stack
00001981   _args_main
000018b1   _c_int00
20007924   _lock
000019a7   _nop
0000199f   _register_lock
00001999   _register_unlock
20007928   _unlock
00001941   abort
ffffffff   binit
000018f9   copy_in
00001949   exit
00000000   g_pfnVectors
000019df   main
20007938   main_func_sp
000016a7   memcpy
000017e1   memset
000011fd   pvPortMalloc
200078ec   pxCurrentTCB
000014f5   pxPortInitialiseStack
000014ab   uxListRemove
000008f9   uxTaskGetNumberOfTasks
00001079   uxTaskGetStackHighWaterMark
00000909   uxTaskGetSystemState
00000d1f   uxTaskGetTaskNumber
0000049b   uxTaskPriorityGet
000013c9   vListInitialise
000013f9   vListInitialiseItem
00001445   vListInsert
00001409   vListInsertEnd
0000165d   vPortClearInterruptMask
00001695   vPortEnableVFP
00001581   vPortEndScheduler
00001597   vPortEnterCritical
000015a7   vPortExitCritical
00001303   vPortFree
0000136b   vPortInitialiseBlocks
00001667   vPortSVCHandler
00001653   vPortSetInterruptMask
00001681   vPortStartFirstTask
0000158d   vPortYield
00001583   vPortYieldFromISR
00000461   vTaskDelay
000003db   vTaskDelayUntil
0000037b   vTaskDelete
000007c9   vTaskEndScheduler
00000d17   vTaskMissedYield
00000ba5   vTaskPlaceOnEventList
00001191   vTaskPriorityDisinherit
000010f5   vTaskPriorityInherit
000004cd   vTaskPrioritySet
00000691   vTaskResume
00000d3f   vTaskSetTaskNumber
00000c79   vTaskSetTimeOutState
00000783   vTaskStartScheduler
000005dd   vTaskSuspend
000007db   vTaskSuspendAll
00000b2d   vTaskSwitchContext
00001365   xPortGetFreeHeapSize
00001605   xPortPendSVHandler
0000154b   xPortStartScheduler
000015bd   xPortSysTickHandler
00000c9d   xTaskCheckForTimeOut
0000026d   xTaskGenericCreate
000010bd   xTaskGetCurrentTaskHandle
000008cd   xTaskGetTickCount
000008e1   xTaskGetTickCountFromISR
000009e5   xTaskIncrementTick
0000064d   xTaskIsTaskSuspended
00000bf9   xTaskRemoveFromEventList
000007ed   xTaskResumeAll
00000701   xTaskResumeFromISR


GLOBAL SYMBOLS: SORTED BY Symbol Address 

address    name
--------   ----
00000000   __TI_static_base__
00000000   g_pfnVectors
00000001   __TI_args_main
00000200   __STACK_SIZE
0000026d   xTaskGenericCreate
0000037b   vTaskDelete
000003db   vTaskDelayUntil
00000461   vTaskDelay
0000049b   uxTaskPriorityGet
000004cd   vTaskPrioritySet
000005dd   vTaskSuspend
0000064d   xTaskIsTaskSuspended
00000691   vTaskResume
00000701   xTaskResumeFromISR
00000783   vTaskStartScheduler
000007c9   vTaskEndScheduler
000007db   vTaskSuspendAll
000007ed   xTaskResumeAll
000008cd   xTaskGetTickCount
000008e1   xTaskGetTickCountFromISR
000008f9   uxTaskGetNumberOfTasks
00000909   uxTaskGetSystemState
000009e5   xTaskIncrementTick
00000b2d   vTaskSwitchContext
00000ba5   vTaskPlaceOnEventList
00000bf9   xTaskRemoveFromEventList
00000c79   vTaskSetTimeOutState
00000c9d   xTaskCheckForTimeOut
00000d17   vTaskMissedYield
00000d1f   uxTaskGetTaskNumber
00000d3f   vTaskSetTaskNumber
00001079   uxTaskGetStackHighWaterMark
000010bd   xTaskGetCurrentTaskHandle
000010f5   vTaskPriorityInherit
00001191   vTaskPriorityDisinherit
000011fd   pvPortMalloc
00001303   vPortFree
00001365   xPortGetFreeHeapSize
0000136b   vPortInitialiseBlocks
000013c9   vListInitialise
000013f9   vListInitialiseItem
00001409   vListInsertEnd
00001445   vListInsert
000014ab   uxListRemove
000014f5   pxPortInitialiseStack
0000154b   xPortStartScheduler
00001581   vPortEndScheduler
00001583   vPortYieldFromISR
0000158d   vPortYield
00001597   vPortEnterCritical
000015a7   vPortExitCritical
000015bd   xPortSysTickHandler
00001605   xPortPendSVHandler
00001653   vPortSetInterruptMask
0000165d   vPortClearInterruptMask
00001667   vPortSVCHandler
00001681   vPortStartFirstTask
00001695   vPortEnableVFP
000016a7   __aeabi_memcpy
000016a7   __aeabi_memcpy4
000016a7   __aeabi_memcpy8
000016a7   memcpy
00001745   __TI_auto_init
000017d9   __aeabi_memclr
000017d9   __aeabi_memclr4
000017d9   __aeabi_memclr8
000017db   __aeabi_memset
000017db   __aeabi_memset4
000017db   __aeabi_memset8
000017e1   memset
000018b1   _c_int00
000018f9   copy_in
0000193d   C$$EXIT
00001941   abort
00001949   exit
00001981   _args_main
00001999   _register_unlock
0000199f   _register_lock
000019a7   _nop
000019ad   __TI_zero_init
000019bf   __TI_decompress_none
000019cd   ResetISR
000019d9   __TI_decompress_rle24
000019df   main
00001a08   __TI_Handler_Table_Base
00001a14   __TI_Handler_Table_Limit
00001a20   __TI_CINIT_Base
00001a30   __TI_CINIT_Limit
200076ec   __stack
200078ec   __STACK_END
200078ec   __STACK_TOP
200078ec   pxCurrentTCB
20007924   _lock
20007928   _unlock
2000792c   __TI_cleanup_ptr
20007930   __TI_dtors_ptr
20007938   main_func_sp
ffffffff   __binit__
ffffffff   __c_args__
ffffffff   binit
UNDEFED    SHT$$INIT_ARRAY$$Base
UNDEFED    SHT$$INIT_ARRAY$$Limit

[102 symbols]
