******************************************************************************
                  TI ARM Linker PC v5.2.6                      
******************************************************************************
>> Linked Fri Nov 27 11:54:44 2015

OUTPUT FILE NAME:   <freertos_proj_2task_LED.out>
ENTRY POINT SYMBOL: "_c_int00"  address: 000029d9


MEMORY CONFIGURATION

         name            origin    length      used     unused   attr    fill
----------------------  --------  ---------  --------  --------  ----  --------
  FLASH                 00000000   00040000  00002db0  0003d250  R  X
  SRAM                  20000000   00008000  00007bb0  00000450  RW X


SEGMENT ALLOCATION MAP

run origin  load origin   length   init length attrs members
----------  ----------- ---------- ----------- ----- -------
00000000    00000000    00002db0   00002db0    r-x
  00000000    00000000    0000026c   0000026c    r-- .intvecs
  0000026c    0000026c    00002928   00002928    r-x .text
  00002b94    00002b94    000001c4   000001c4    r-- .const
  00002d58    00002d58    00000058   00000058    r-- .cinit
20000000    20000000    00007bb0   00000000    rw-
  20000000    20000000    0000026c   00000000    rw- .vtable
  2000026c    2000026c    000076ec   00000000    rw- .bss
  20007958    20007958    00000200   00000000    rw- .stack
  20007b58    20007b58    00000058   00000000    rw- .data


SECTION ALLOCATION MAP

 output                                  attributes/
section   page    origin      length       input sections
--------  ----  ----------  ----------   ----------------
.intvecs   0    00000000    0000026c     
                  00000000    0000026c     startup_ccs.obj (.intvecs)

.text      0    0000026c    00002928     
                  0000026c    00000f88     tasks.obj (.text)
                  000011f4    00000622     driverlib.lib : uart.obj (.text)
                  00001816    00000002     rtsv7M4_T_le_v4SPD16_eabi.lib : i_div0.obj (.text)
                  00001818    000004dc     uartstdio.obj (.text)
                  00001cf4    000003c0     driverlib.lib : interrupt.obj (.text)
                  000020b4    0000028c     main.obj (.text)
                  00002340    000001cc     heap_2.obj (.text)
                  0000250c    0000012a     list.obj (.text)
                  00002636    00000002     --HOLE-- [fill = 0]
                  00002638    0000010c     port.obj (.text)
                  00002744    000000a6     portasm.obj (.text)
                  000027ea    0000009c     rtsv7M4_T_le_v4SPD16_eabi.lib : memcpy_t2.obj (.text)
                  00002886    0000007a                                   : memset_t2.obj (.text)
                  00002900    0000006c                                   : autoinit.obj (.text)
                  0000296c    0000006a                                   : copy_decompress_rle.obj (.text)
                  000029d6    00000002     --HOLE-- [fill = 0]
                  000029d8    00000050                                   : boot.obj (.text)
                  00002a28    0000004c                                   : cpy_tbl.obj (.text)
                  00002a74    00000044                                   : exit.obj (.text)
                  00002ab8    00000040                                   : u_divt2.obj (.text)
                  00002af8    0000003e     driverlib.lib : cpu.obj (.text)
                  00002b36    00000002     --HOLE-- [fill = 0]
                  00002b38    00000018     rtsv7M4_T_le_v4SPD16_eabi.lib : args_main.obj (.text)
                  00002b50    00000014                                   : _lock.obj (.text)
                  00002b64    0000000e                                   : copy_decompress_none.obj (.text:decompress:none)
                  00002b72    0000000c                                   : copy_zero_init.obj (.text:decompress:ZI)
                  00002b7e    0000000c     startup_ccs.obj (.text)
                  00002b8a    00000006     rtsv7M4_T_le_v4SPD16_eabi.lib : copy_decompress_rle.obj (.text:decompress:rle24)
                  00002b90    00000004                                   : pre_init.obj (.text)

.const     0    00002b94    000001c4     
                  00002b94    0000009c     driverlib.lib : interrupt.obj (.const:g_pui32Regs)
                  00002c30    00000070                   : interrupt.obj (.const)
                  00002ca0    00000040                   : uart.obj (.const:g_ppui32UARTIntMap)
                  00002ce0    00000040                   : uart.obj (.const:g_ppui32UARTIntMapSnowflake)
                  00002d20    0000001c     uartstdio.obj (.const)
                  00002d3c    00000012     uartstdio.obj (.const:.string)
                  00002d4e    00000002     heap_2.obj (.const)
                  00002d50    00000008     driverlib.lib : uart.obj (.const)

.cinit     0    00002d58    00000058     
                  00002d58    00000020     (.cinit..data.load) [load image, compression = rle]
                  00002d78    0000000c     (__TI_handler_table)
                  00002d84    00000004     --HOLE-- [fill = 0]
                  00002d88    00000008     (.cinit..bss.load) [load image, compression = zero_init]
                  00002d90    00000008     (.cinit..vtable.load) [load image, compression = zero_init]
                  00002d98    00000018     (__TI_cinit_table)

.init_array 
*          0    00000000    00000000     UNINITIALIZED

.vtable    0    20000000    0000026c     UNINITIALIZED
                  20000000    0000026c     driverlib.lib : interrupt.obj (.vtable)

.bss       0    2000026c    000076ec     UNINITIALIZED
                  2000026c    00007530     heap_2.obj (.bss:ucHeap)
                  2000779c    00000140     tasks.obj (.bss:pxReadyTasksLists)
                  200078dc    00000014     (.common:xDelayedTaskList1)
                  200078f0    00000014     (.common:xDelayedTaskList2)
                  20007904    00000014     (.common:xPendingReadyList)
                  20007918    00000014     (.common:xSuspendedTaskList)
                  2000792c    00000014     (.common:xTasksWaitingTermination)
                  20007940    00000008     (.common:xEnd)
                  20007948    00000008     (.common:xStart)
                  20007950    00000004     (.common:pxDelayedTaskList)
                  20007954    00000004     (.common:pxOverflowDelayedTaskList)

.TI.noinit 
*          0    2000026c    00000000     UNINITIALIZED

.stack     0    20007958    00000200     UNINITIALIZED
                  20007958    00000200     --HOLE--

.data      0    20007b58    00000058     UNINITIALIZED
                  20007b58    00000030     tasks.obj (.data)
                  20007b88    00000008     heap_2.obj (.data)
                  20007b90    00000008     rtsv7M4_T_le_v4SPD16_eabi.lib : _lock.obj (.data)
                  20007b98    00000008                                   : exit.obj (.data)
                  20007ba0    00000005     uartstdio.obj (.data)
                  20007ba5    00000003     --HOLE--
                  20007ba8    00000004     port.obj (.data)
                  20007bac    00000004     rtsv7M4_T_le_v4SPD16_eabi.lib : stkdepth_vars.obj (.data)

.TI.persistent 
*          0    20007b58    00000000     UNINITIALIZED


LINKER GENERATED COPY TABLES

__TI_cinit_table @ 00002d98 records: 3, size/record: 8, table size: 24
	.data: load addr=00002d58, load size=00000020 bytes, run addr=20007b58, run size=00000058 bytes, compression=rle
	.bss: load addr=00002d88, load size=00000008 bytes, run addr=2000026c, run size=000076ec bytes, compression=zero_init
	.vtable: load addr=00002d90, load size=00000008 bytes, run addr=20000000, run size=0000026c bytes, compression=zero_init


LINKER GENERATED HANDLER TABLE

__TI_handler_table @ 00002d78 records: 3, size/record: 4, table size: 12
	index: 0, handler: __TI_zero_init
	index: 1, handler: __TI_decompress_rle24
	index: 2, handler: __TI_decompress_none


GLOBAL SYMBOLS: SORTED ALPHABETICALLY BY Name 

address   name                       
-------   ----                       
00002a75  C$$EXIT                    
00002b2d  CPUbasepriGet              
00002b1f  CPUbasepriSet              
00002af9  CPUcpsid                   
00002b0f  CPUcpsie                   
00002b05  CPUprimask                 
00002b1b  CPUwfi                     
000021b3  ConfigBotonesYLeds         
00002149  ConfigClock                
00002159  ConfigUART                 
00001eb5  IntDisable                 
00001e43  IntEnable                  
00001f27  IntIsEnabled               
00001d07  IntMasterDisable           
00001cf7  IntMasterEnable            
0000201d  IntPendClear               
00001fad  IntPendSet                 
00001e1f  IntPriorityGet             
00001d97  IntPriorityGroupingGet     
00001d7d  IntPriorityGroupingSet     
00002077  IntPriorityMaskGet         
0000206b  IntPriorityMaskSet         
00001dcf  IntPrioritySet             
00001d17  IntRegister                
0000207f  IntTrigger                 
00001d69  IntUnregister              
00002b7f  ResetISR                   
UNDEFED   SHT$$INIT_ARRAY$$Base      
UNDEFED   SHT$$INIT_ARRAY$$Limit     
000017cf  UART9BitAddrSend           
000017a9  UART9BitAddrSet            
00001793  UART9BitDisable            
0000177d  UART9BitEnable             
00001623  UARTBreakCtl               
0000164d  UARTBusy                   
000015cb  UARTCharGet                
000015af  UARTCharGetNonBlocking     
00001605  UARTCharPut                
000015e1  UARTCharPutNonBlocking     
00001573  UARTCharsAvail             
0000176d  UARTClockSourceGet         
00001759  UARTClockSourceSet         
0000133b  UARTConfigGetExpClk        
000012c5  UARTConfigSetExpClk        
0000171f  UARTDMADisable             
00001707  UARTDMAEnable              
000013ab  UARTDisable                
0000142f  UARTDisableSIR             
00001387  UARTEnable                 
00001401  UARTEnableSIR              
000013eb  UARTFIFODisable            
000013d5  UARTFIFOEnable             
0000129d  UARTFIFOLevelGet           
00001285  UARTFIFOLevelSet           
00001533  UARTFlowControlGet         
00001517  UARTFlowControlSet         
000016f5  UARTIntClear               
000016bf  UARTIntDisable             
000016a7  UARTIntEnable              
0000166b  UARTIntRegister            
000016d7  UARTIntStatus              
0000168d  UARTIntUnregister          
000014cd  UARTModemControlClear      
000014f1  UARTModemControlGet        
0000148d  UARTModemControlSet        
00001503  UARTModemStatusGet         
00001273  UARTParityModeGet          
00001257  UARTParityModeSet          
00001749  UARTRxErrorClear           
00001737  UARTRxErrorGet             
00001477  UARTSmartCardDisable       
00001445  UARTSmartCardEnable        
00001591  UARTSpaceAvail             
00001819  UARTStdioConfig            
00001561  UARTTxIntModeGet           
00001545  UARTTxIntModeSet           
00001991  UARTgetc                   
000018cb  UARTgets                   
00001cbf  UARTprintf                 
000019c5  UARTvprintf                
00001879  UARTwrite                  
20007b58  __STACK_END                
00000200  __STACK_SIZE               
20007b58  __STACK_TOP                
00002d98  __TI_CINIT_Base            
00002db0  __TI_CINIT_Limit           
00002d78  __TI_Handler_Table_Base    
00002d84  __TI_Handler_Table_Limit   
00002901  __TI_auto_init             
20007b98  __TI_cleanup_ptr           
00002b65  __TI_decompress_none       
00002b8b  __TI_decompress_rle24      
20007b9c  __TI_dtors_ptr             
00000000  __TI_static_base__         
00002b73  __TI_zero_init             
00001817  __aeabi_idiv0              
00002887  __aeabi_memclr             
00002887  __aeabi_memclr4            
00002887  __aeabi_memclr8            
000027eb  __aeabi_memcpy             
000027eb  __aeabi_memcpy4            
000027eb  __aeabi_memcpy8            
00002889  __aeabi_memset             
00002889  __aeabi_memset4            
00002889  __aeabi_memset8            
00002ab9  __aeabi_uidiv              
00002ab9  __aeabi_uidivmod           
ffffffff  __binit__                  
ffffffff  __c_args__                 
20007958  __stack                    
00002b39  _args_main                 
000029d9  _c_int00                   
20007b90  _lock                      
00002b5f  _nop                       
00002b57  _register_lock             
00002b51  _register_unlock           
00002b91  _system_pre_init           
20007b94  _unlock                    
00002a79  abort                      
ffffffff  binit                      
00002a29  copy_in                    
00002a81  exit                       
20000000  g_pfnRAMVectors            
00000000  g_pfnVectors               
0000221d  main                       
20007bac  main_func_sp               
000027eb  memcpy                     
0000288f  memset                     
00002341  pvPortMalloc               
20007b58  pxCurrentTCB               
00002639  pxPortInitialiseStack      
000020ff  tarea_dos                  
000020b5  tarea_uno                  
000025ef  uxListRemove               
000008f5  uxTaskGetNumberOfTasks     
00001071  uxTaskGetStackHighWaterMark
00000901  uxTaskGetSystemState       
00000d1b  uxTaskGetTaskNumber        
0000049b  uxTaskPriorityGet          
0000250d  vListInitialise            
0000253d  vListInitialiseItem        
00002589  vListInsert                
0000254d  vListInsertEnd             
000027a1  vPortClearInterruptMask    
000027d9  vPortEnableVFP             
000026c5  vPortEndScheduler          
000026db  vPortEnterCritical         
000026eb  vPortExitCritical          
00002447  vPortFree                  
000024af  vPortInitialiseBlocks      
000027ab  vPortSVCHandler            
00002797  vPortSetInterruptMask      
000027c5  vPortStartFirstTask        
000026d1  vPortYield                 
000026c7  vPortYieldFromISR          
00000461  vTaskDelay                 
000003db  vTaskDelayUntil            
0000037b  vTaskDelete                
000007c9  vTaskEndScheduler          
00000d13  vTaskMissedYield           
00000ba1  vTaskPlaceOnEventList      
00001189  vTaskPriorityDisinherit    
000010ed  vTaskPriorityInherit       
000004cd  vTaskPrioritySet           
00000691  vTaskResume                
00000d3b  vTaskSetTaskNumber         
00000c75  vTaskSetTimeOutState       
00000783  vTaskStartScheduler        
000005dd  vTaskSuspend               
000007db  vTaskSuspendAll            
00000b29  vTaskSwitchContext         
000024a9  xPortGetFreeHeapSize       
00002749  xPortPendSVHandler         
0000268f  xPortStartScheduler        
00002701  xPortSysTickHandler        
00000c99  xTaskCheckForTimeOut       
0000026d  xTaskGenericCreate         
000010b5  xTaskGetCurrentTaskHandle  
000008c9  xTaskGetTickCount          
000008dd  xTaskGetTickCountFromISR   
000009dd  xTaskIncrementTick         
0000064d  xTaskIsTaskSuspended       
00000bf5  xTaskRemoveFromEventList   
000007ed  xTaskResumeAll             
00000701  xTaskResumeFromISR         


GLOBAL SYMBOLS: SORTED BY Symbol Address 

address   name                       
-------   ----                       
00000000  __TI_static_base__         
00000000  g_pfnVectors               
00000200  __STACK_SIZE               
0000026d  xTaskGenericCreate         
0000037b  vTaskDelete                
000003db  vTaskDelayUntil            
00000461  vTaskDelay                 
0000049b  uxTaskPriorityGet          
000004cd  vTaskPrioritySet           
000005dd  vTaskSuspend               
0000064d  xTaskIsTaskSuspended       
00000691  vTaskResume                
00000701  xTaskResumeFromISR         
00000783  vTaskStartScheduler        
000007c9  vTaskEndScheduler          
000007db  vTaskSuspendAll            
000007ed  xTaskResumeAll             
000008c9  xTaskGetTickCount          
000008dd  xTaskGetTickCountFromISR   
000008f5  uxTaskGetNumberOfTasks     
00000901  uxTaskGetSystemState       
000009dd  xTaskIncrementTick         
00000b29  vTaskSwitchContext         
00000ba1  vTaskPlaceOnEventList      
00000bf5  xTaskRemoveFromEventList   
00000c75  vTaskSetTimeOutState       
00000c99  xTaskCheckForTimeOut       
00000d13  vTaskMissedYield           
00000d1b  uxTaskGetTaskNumber        
00000d3b  vTaskSetTaskNumber         
00001071  uxTaskGetStackHighWaterMark
000010b5  xTaskGetCurrentTaskHandle  
000010ed  vTaskPriorityInherit       
00001189  vTaskPriorityDisinherit    
00001257  UARTParityModeSet          
00001273  UARTParityModeGet          
00001285  UARTFIFOLevelSet           
0000129d  UARTFIFOLevelGet           
000012c5  UARTConfigSetExpClk        
0000133b  UARTConfigGetExpClk        
00001387  UARTEnable                 
000013ab  UARTDisable                
000013d5  UARTFIFOEnable             
000013eb  UARTFIFODisable            
00001401  UARTEnableSIR              
0000142f  UARTDisableSIR             
00001445  UARTSmartCardEnable        
00001477  UARTSmartCardDisable       
0000148d  UARTModemControlSet        
000014cd  UARTModemControlClear      
000014f1  UARTModemControlGet        
00001503  UARTModemStatusGet         
00001517  UARTFlowControlSet         
00001533  UARTFlowControlGet         
00001545  UARTTxIntModeSet           
00001561  UARTTxIntModeGet           
00001573  UARTCharsAvail             
00001591  UARTSpaceAvail             
000015af  UARTCharGetNonBlocking     
000015cb  UARTCharGet                
000015e1  UARTCharPutNonBlocking     
00001605  UARTCharPut                
00001623  UARTBreakCtl               
0000164d  UARTBusy                   
0000166b  UARTIntRegister            
0000168d  UARTIntUnregister          
000016a7  UARTIntEnable              
000016bf  UARTIntDisable             
000016d7  UARTIntStatus              
000016f5  UARTIntClear               
00001707  UARTDMAEnable              
0000171f  UARTDMADisable             
00001737  UARTRxErrorGet             
00001749  UARTRxErrorClear           
00001759  UARTClockSourceSet         
0000176d  UARTClockSourceGet         
0000177d  UART9BitEnable             
00001793  UART9BitDisable            
000017a9  UART9BitAddrSet            
000017cf  UART9BitAddrSend           
00001817  __aeabi_idiv0              
00001819  UARTStdioConfig            
00001879  UARTwrite                  
000018cb  UARTgets                   
00001991  UARTgetc                   
000019c5  UARTvprintf                
00001cbf  UARTprintf                 
00001cf7  IntMasterEnable            
00001d07  IntMasterDisable           
00001d17  IntRegister                
00001d69  IntUnregister              
00001d7d  IntPriorityGroupingSet     
00001d97  IntPriorityGroupingGet     
00001dcf  IntPrioritySet             
00001e1f  IntPriorityGet             
00001e43  IntEnable                  
00001eb5  IntDisable                 
00001f27  IntIsEnabled               
00001fad  IntPendSet                 
0000201d  IntPendClear               
0000206b  IntPriorityMaskSet         
00002077  IntPriorityMaskGet         
0000207f  IntTrigger                 
000020b5  tarea_uno                  
000020ff  tarea_dos                  
00002149  ConfigClock                
00002159  ConfigUART                 
000021b3  ConfigBotonesYLeds         
0000221d  main                       
00002341  pvPortMalloc               
00002447  vPortFree                  
000024a9  xPortGetFreeHeapSize       
000024af  vPortInitialiseBlocks      
0000250d  vListInitialise            
0000253d  vListInitialiseItem        
0000254d  vListInsertEnd             
00002589  vListInsert                
000025ef  uxListRemove               
00002639  pxPortInitialiseStack      
0000268f  xPortStartScheduler        
000026c5  vPortEndScheduler          
000026c7  vPortYieldFromISR          
000026d1  vPortYield                 
000026db  vPortEnterCritical         
000026eb  vPortExitCritical          
00002701  xPortSysTickHandler        
00002749  xPortPendSVHandler         
00002797  vPortSetInterruptMask      
000027a1  vPortClearInterruptMask    
000027ab  vPortSVCHandler            
000027c5  vPortStartFirstTask        
000027d9  vPortEnableVFP             
000027eb  __aeabi_memcpy             
000027eb  __aeabi_memcpy4            
000027eb  __aeabi_memcpy8            
000027eb  memcpy                     
00002887  __aeabi_memclr             
00002887  __aeabi_memclr4            
00002887  __aeabi_memclr8            
00002889  __aeabi_memset             
00002889  __aeabi_memset4            
00002889  __aeabi_memset8            
0000288f  memset                     
00002901  __TI_auto_init             
000029d9  _c_int00                   
00002a29  copy_in                    
00002a75  C$$EXIT                    
00002a79  abort                      
00002a81  exit                       
00002ab9  __aeabi_uidiv              
00002ab9  __aeabi_uidivmod           
00002af9  CPUcpsid                   
00002b05  CPUprimask                 
00002b0f  CPUcpsie                   
00002b1b  CPUwfi                     
00002b1f  CPUbasepriSet              
00002b2d  CPUbasepriGet              
00002b39  _args_main                 
00002b51  _register_unlock           
00002b57  _register_lock             
00002b5f  _nop                       
00002b65  __TI_decompress_none       
00002b73  __TI_zero_init             
00002b7f  ResetISR                   
00002b8b  __TI_decompress_rle24      
00002b91  _system_pre_init           
00002d78  __TI_Handler_Table_Base    
00002d84  __TI_Handler_Table_Limit   
00002d98  __TI_CINIT_Base            
00002db0  __TI_CINIT_Limit           
20000000  g_pfnRAMVectors            
20007958  __stack                    
20007b58  __STACK_END                
20007b58  __STACK_TOP                
20007b58  pxCurrentTCB               
20007b90  _lock                      
20007b94  _unlock                    
20007b98  __TI_cleanup_ptr           
20007b9c  __TI_dtors_ptr             
20007bac  main_func_sp               
ffffffff  __binit__                  
ffffffff  __c_args__                 
ffffffff  binit                      
UNDEFED   SHT$$INIT_ARRAY$$Base      
UNDEFED   SHT$$INIT_ARRAY$$Limit     

[185 symbols]
