******************************************************************************
                  TI ARM Linker PC v5.2.6                      
******************************************************************************
>> Linked Thu Dec 10 22:50:27 2015

OUTPUT FILE NAME:   <blinky_en_C.out>
ENTRY POINT SYMBOL: "_c_int00"  address: 000004e9


MEMORY CONFIGURATION

         name            origin    length      used     unused   attr    fill
----------------------  --------  ---------  --------  --------  ----  --------
  FLASH                 00000000   00040000  00000634  0003f9cc  R  X
  SRAM                  20000000   00008000  00000114  00007eec  RW X


SEGMENT ALLOCATION MAP

run origin  load origin   length   init length attrs members
----------  ----------- ---------- ----------- ----- -------
00000000    00000000    00000638   00000638    r-x
  00000000    00000000    0000026c   0000026c    r-- .intvecs
  0000026c    0000026c    000003a8   000003a8    r-x .text
  00000618    00000618    00000020   00000020    r-- .cinit
20000000    20000000    00000114   00000000    rw-
  20000000    20000000    00000100   00000000    rw- .stack
  20000100    20000100    00000014   00000000    rw- .data


SECTION ALLOCATION MAP

 output                                  attributes/
section   page    origin      length       input sections
--------  ----  ----------  ----------   ----------------
.intvecs   0    00000000    0000026c     
                  00000000    0000026c     startup_ccs.obj (.intvecs)

.text      0    0000026c    000003a8     
                  0000026c    0000009c     rtsv7M4_T_le_v4SPD16_eabi.lib : memcpy_t2.obj (.text)
                  00000308    0000008c     blinky.obj (.text:main)
                  00000394    0000007a     rtsv7M4_T_le_v4SPD16_eabi.lib : memset_t2.obj (.text)
                  0000040e    00000002     startup_ccs.obj (.text:FaultISR)
                  00000410    0000006c     rtsv7M4_T_le_v4SPD16_eabi.lib : autoinit.obj (.text)
                  0000047c    0000006a                                   : copy_decompress_rle.obj (.text)
                  000004e6    00000002     startup_ccs.obj (.text:IntDefaultHandler)
                  000004e8    00000050     rtsv7M4_T_le_v4SPD16_eabi.lib : boot.obj (.text)
                  00000538    0000004c                                   : cpy_tbl.obj (.text)
                  00000584    00000044                                   : exit.obj (.text)
                  000005c8    00000018                                   : args_main.obj (.text)
                  000005e0    00000014                                   : _lock.obj (.text)
                  000005f4    0000000e                                   : copy_decompress_none.obj (.text:decompress:none)
                  00000602    00000006     startup_ccs.obj (.text:ResetISR)
                  00000608    00000006     rtsv7M4_T_le_v4SPD16_eabi.lib : copy_decompress_rle.obj (.text:decompress:rle24)
                  0000060e    00000004                                   : pre_init.obj (.text)
                  00000612    00000002     startup_ccs.obj (.text:NmiSR)

.cinit     0    00000618    00000020     
                  00000618    0000000f     (.cinit..data.load) [load image, compression = rle]
                  00000627    00000001     --HOLE-- [fill = 0]
                  00000628    00000008     (__TI_handler_table)
                  00000630    00000008     (__TI_cinit_table)

.init_array 
*          0    00000000    00000000     UNINITIALIZED

.stack     0    20000000    00000100     UNINITIALIZED
                  20000000    00000100     --HOLE--

.data      0    20000100    00000014     UNINITIALIZED
                  20000100    00000008     rtsv7M4_T_le_v4SPD16_eabi.lib : _lock.obj (.data)
                  20000108    00000008                                   : exit.obj (.data)
                  20000110    00000004                                   : stkdepth_vars.obj (.data)

.TI.persistent 
*          0    20000100    00000000     UNINITIALIZED


LINKER GENERATED COPY TABLES

__TI_cinit_table @ 00000630 records: 1, size/record: 8, table size: 8
	.data: load addr=00000618, load size=0000000f bytes, run addr=20000100, run size=00000014 bytes, compression=rle


LINKER GENERATED HANDLER TABLE

__TI_handler_table @ 00000628 records: 2, size/record: 4, table size: 8
	index: 0, handler: __TI_decompress_rle24
	index: 1, handler: __TI_decompress_none


GLOBAL SYMBOLS: SORTED ALPHABETICALLY BY Name 

address   name                    
-------   ----                    
00000585  C$$EXIT                 
00000603  ResetISR                
UNDEFED   SHT$$INIT_ARRAY$$Base   
UNDEFED   SHT$$INIT_ARRAY$$Limit  
20000100  __STACK_END             
00000100  __STACK_SIZE            
20000100  __STACK_TOP             
00000630  __TI_CINIT_Base         
00000638  __TI_CINIT_Limit        
00000628  __TI_Handler_Table_Base 
00000630  __TI_Handler_Table_Limit
00000411  __TI_auto_init          
20000108  __TI_cleanup_ptr        
000005f5  __TI_decompress_none    
00000609  __TI_decompress_rle24   
2000010c  __TI_dtors_ptr          
00000000  __TI_static_base__      
00000395  __aeabi_memclr          
00000395  __aeabi_memclr4         
00000395  __aeabi_memclr8         
0000026d  __aeabi_memcpy          
0000026d  __aeabi_memcpy4         
0000026d  __aeabi_memcpy8         
00000397  __aeabi_memset          
00000397  __aeabi_memset4         
00000397  __aeabi_memset8         
ffffffff  __binit__               
ffffffff  __c_args__              
20000000  __stack                 
000005c9  _args_main              
000004e9  _c_int00                
20000100  _lock                   
000005ef  _nop                    
000005e7  _register_lock          
000005e1  _register_unlock        
0000060f  _system_pre_init        
20000104  _unlock                 
00000589  abort                   
ffffffff  binit                   
00000539  copy_in                 
00000591  exit                    
00000000  g_pfnVectors            
00000309  main                    
20000110  main_func_sp            
0000026d  memcpy                  
0000039d  memset                  


GLOBAL SYMBOLS: SORTED BY Symbol Address 

address   name                    
-------   ----                    
00000000  __TI_static_base__      
00000000  g_pfnVectors            
00000100  __STACK_SIZE            
0000026d  __aeabi_memcpy          
0000026d  __aeabi_memcpy4         
0000026d  __aeabi_memcpy8         
0000026d  memcpy                  
00000309  main                    
00000395  __aeabi_memclr          
00000395  __aeabi_memclr4         
00000395  __aeabi_memclr8         
00000397  __aeabi_memset          
00000397  __aeabi_memset4         
00000397  __aeabi_memset8         
0000039d  memset                  
00000411  __TI_auto_init          
000004e9  _c_int00                
00000539  copy_in                 
00000585  C$$EXIT                 
00000589  abort                   
00000591  exit                    
000005c9  _args_main              
000005e1  _register_unlock        
000005e7  _register_lock          
000005ef  _nop                    
000005f5  __TI_decompress_none    
00000603  ResetISR                
00000609  __TI_decompress_rle24   
0000060f  _system_pre_init        
00000628  __TI_Handler_Table_Base 
00000630  __TI_CINIT_Base         
00000630  __TI_Handler_Table_Limit
00000638  __TI_CINIT_Limit        
20000000  __stack                 
20000100  __STACK_END             
20000100  __STACK_TOP             
20000100  _lock                   
20000104  _unlock                 
20000108  __TI_cleanup_ptr        
2000010c  __TI_dtors_ptr          
20000110  main_func_sp            
ffffffff  __binit__               
ffffffff  __c_args__              
ffffffff  binit                   
UNDEFED   SHT$$INIT_ARRAY$$Base   
UNDEFED   SHT$$INIT_ARRAY$$Limit  

[46 symbols]
